Archive member included to satisfy reference by file (symbol)

app/libapp.a(main.c.obj)      (--whole-archive)
zephyr/libzephyr.a(validate_libc.c.obj)
                              (--whole-archive)
zephyr/libzephyr.a(heap.c.obj)
                              (--whole-archive)
zephyr/libzephyr.a(cbprintf_packaged.c.obj)
                              (--whole-archive)
zephyr/libzephyr.a(clock.c.obj)
                              (--whole-archive)
zephyr/libzephyr.a(printk.c.obj)
                              (--whole-archive)
zephyr/libzephyr.a(sem.c.obj)
                              (--whole-archive)
zephyr/libzephyr.a(thread_entry.c.obj)
                              (--whole-archive)
zephyr/libzephyr.a(cbprintf_complete.c.obj)
                              (--whole-archive)
zephyr/libzephyr.a(assert.c.obj)
                              (--whole-archive)
zephyr/libzephyr.a(dec.c.obj)
                              (--whole-archive)
zephyr/libzephyr.a(hex.c.obj)
                              (--whole-archive)
zephyr/libzephyr.a(rb.c.obj)  (--whole-archive)
zephyr/libzephyr.a(timeutil.c.obj)
                              (--whole-archive)
zephyr/libzephyr.a(bitarray.c.obj)
                              (--whole-archive)
zephyr/libzephyr.a(bitmask.c.obj)
                              (--whole-archive)
zephyr/libzephyr.a(getopt.c.obj)
                              (--whole-archive)
zephyr/libzephyr.a(getopt_common.c.obj)
                              (--whole-archive)
zephyr/libzephyr.a(ring_buffer.c.obj)
                              (--whole-archive)
zephyr/libzephyr.a(last_section_id.c.obj)
                              (--whole-archive)
zephyr/libzephyr.a(configs.c.obj)
                              (--whole-archive)
zephyr/libzephyr.a(stm32cube_hal.c.obj)
                              (--whole-archive)
zephyr/libzephyr.a(soc_config.c.obj)
                              (--whole-archive)
zephyr/libzephyr.a(gpioport_mgr.c.obj)
                              (--whole-archive)
zephyr/libzephyr.a(stm32_backup_domain.c.obj)
                              (--whole-archive)
zephyr/libzephyr.a(soc.c.obj)
                              (--whole-archive)
zephyr/libzephyr.a(mem_attr.c.obj)
                              (--whole-archive)
zephyr/libzephyr.a(tracing_none.c.obj)
                              (--whole-archive)
zephyr/libzephyr.a(kernel_shell.c.obj)
                              (--whole-archive)
zephyr/libzephyr.a(cycles.c.obj)
                              (--whole-archive)
zephyr/libzephyr.a(sleep.c.obj)
                              (--whole-archive)
zephyr/libzephyr.a(uptime.c.obj)
                              (--whole-archive)
zephyr/libzephyr.a(version.c.obj)
                              (--whole-archive)
zephyr/libzephyr.a(thread.c.obj)
                              (--whole-archive)
zephyr/libzephyr.a(list.c.obj)
                              (--whole-archive)
zephyr/libzephyr.a(stacks.c.obj)
                              (--whole-archive)
zephyr/libzephyr.a(suspend.c.obj)
                              (--whole-archive)
zephyr/libzephyr.a(resume.c.obj)
                              (--whole-archive)
zephyr/libzephyr.a(kill.c.obj)
                              (--whole-archive)
zephyr/libzephyr.a(device_service.c.obj)
                              (--whole-archive)
zephyr/libzephyr.a(date_service.c.obj)
                              (--whole-archive)
zephyr/libzephyr.a(devmem_service.c.obj)
                              (--whole-archive)
zephyr/libzephyr.a(shell_uart.c.obj)
                              (--whole-archive)
zephyr/libzephyr.a(shell.c.obj)
                              (--whole-archive)
zephyr/libzephyr.a(shell_fprintf.c.obj)
                              (--whole-archive)
zephyr/libzephyr.a(shell_utils.c.obj)
                              (--whole-archive)
zephyr/libzephyr.a(shell_ops.c.obj)
                              (--whole-archive)
zephyr/libzephyr.a(shell_help.c.obj)
                              (--whole-archive)
zephyr/libzephyr.a(shell_cmds.c.obj)
                              (--whole-archive)
zephyr/libzephyr.a(shell_history.c.obj)
                              (--whole-archive)
zephyr/libzephyr.a(shell_wildcard.c.obj)
                              (--whole-archive)
zephyr/arch/common/libarch__common.a(sw_isr_common.c.obj)
                              (--whole-archive)
zephyr/arch/common/libarch__common.a(init.c.obj)
                              (--whole-archive)
zephyr/arch/common/libarch__common.a(xip.c.obj)
                              (--whole-archive)
zephyr/arch/arch/arm/core/libarch__arm__core.a(fatal.c.obj)
                              (--whole-archive)
zephyr/arch/arch/arm/core/libarch__arm__core.a(nmi.c.obj)
                              (--whole-archive)
zephyr/arch/arch/arm/core/libarch__arm__core.a(nmi_on_reset.S.obj)
                              (--whole-archive)
zephyr/arch/arch/arm/core/libarch__arm__core.a(tls.c.obj)
[...]
Memory Configuration

Name             Origin             Length             Attributes
FLASH            0x0000000008000000 0x0000000000040000 xr
RAM              0x0000000020000000 0x0000000000010000 xw
SRAM0            0x0000000020000000 0x0000000000010000 rw
IDT_LIST         0x00000000ffff7fff 0x0000000000008000 xw
*default*        0x0000000000000000 0xffffffffffffffff

Linker script and memory map

                0x0000000008005f3c                vfprintf = __l_vfprintf
                0x0000000000000000                vfscanf = __l_vfscanf
LOAD zephyr/CMakeFiles/zephyr_pre0.dir/misc/empty_file.c.obj
LOAD zephyr/CMakeFiles/offsets.dir/./arch/arm/core/offsets/offsets.c.obj
LOAD app/libapp.a
LOAD zephyr/libzephyr.a
LOAD zephyr/arch/common/libarch__common.a
LOAD zephyr/arch/arch/arm/core/libarch__arm__core.a
LOAD zephyr/arch/arch/arm/core/cortex_m/libarch__arm__core__cortex_m.a
LOAD zephyr/arch/arch/arm/core/mpu/libarch__arm__core__mpu.a
LOAD zephyr/lib/libc/picolibc/liblib__libc__picolibc.a
LOAD zephyr/lib/libc/common/liblib__libc__common.a
LOAD zephyr/lib/posix/c_lib_ext/liblib__posix__c_lib_ext.a
LOAD zephyr/drivers/interrupt_controller/libdrivers__interrupt_controller.a
LOAD zephyr/drivers/clock_control/libdrivers__clock_control.a
LOAD zephyr/drivers/console/libdrivers__console.a
LOAD zephyr/drivers/gpio/libdrivers__gpio.a
LOAD zephyr/drivers/pinctrl/libdrivers__pinctrl.a
LOAD zephyr/drivers/reset/libdrivers__reset.a
LOAD zephyr/drivers/serial/libdrivers__serial.a
LOAD zephyr/drivers/timer/libdrivers__timer.a
LOAD modules/hal_stm32/stm32cube/lib..__modules__hal__stm32__stm32cube.a
LOAD zephyr/kernel/libkernel.a
LOAD zephyr/arch/common/libisr_tables.a
LOAD /home/mustafa/zephyr-sdk-0.17.4/arm-zephyr-eabi/bin/../lib/gcc/../../picolibc/arm-zephyr-eabi/lib/thumb/v7e-m/nofp/libc.a
LOAD /home/mustafa/zephyr-sdk-0.17.4/arm-zephyr-eabi/bin/../lib/gcc/arm-zephyr-eabi/12.2.0/thumb/v7e-m/nofp/libgcc.a
                0x0000000000000020                _region_min_align = 0x20

.rel.plt        0x0000000008000000        0x0
 *(SORT_BY_ALIGNMENT(.rel.plt))
                [!provide]                        PROVIDE (__rel_iplt_start = .)
 *(SORT_BY_ALIGNMENT(.rel.iplt))
 .rel.iplt      0x0000000008000000        0x0 app/libapp.a(main.c.obj)
                [!provide]                        PROVIDE (__rel_iplt_end = .)

.rela.plt       0x0000000000000000        0x0
 *(SORT_BY_ALIGNMENT(.rela.plt))
                [!provide]                        PROVIDE (__rela_iplt_start = .)
 *(SORT_BY_ALIGNMENT(.rela.iplt))
                [!provide]                        PROVIDE (__rela_iplt_end = .)

.rel.dyn
 *(SORT_BY_ALIGNMENT(.rel.*))

.rela.dyn
 *(SORT_BY_ALIGNMENT(.rela.*))

/DISCARD/
 *(SORT_BY_ALIGNMENT(.plt))

/DISCARD/
 *(SORT_BY_ALIGNMENT(.iplt))
                0x0000000008000000                __rom_region_start = 0x8000000

rom_start       0x0000000008000000      0x194
                0x0000000008000000                __rom_start_address = .
 FILL mask 0x00
                0x0000000008000000                . = (. + (0x0 - (. - __rom_start_address)))
                0x0000000008000000                . = ALIGN (0x4)
                0x0000000008000000                . = ALIGN (0x80)
                0x0000000008000000                . = ALIGN (0x200)
                0x0000000008000000                _vector_start = .
 *(SORT_BY_ALIGNMENT(.exc_vector_table))
 *(SORT_BY_ALIGNMENT(.exc_vector_table.*))
 .exc_vector_table._vector_table_section
                0x0000000008000000       0x40 zephyr/arch/arch/arm/core/cortex_m/libarch__arm__core__cortex_m.a(vector_table.S.obj)
                0x0000000008000000                _vector_table
 *(SORT_BY_ALIGNMENT(.vectors))
                0x0000000008000194                _vector_end = .
                0x0000000008000040                . = ALIGN (0x4)
 *(SORT_BY_ALIGNMENT(.gnu.linkonce.irq_vector_table*))
 .gnu.linkonce.irq_vector_table
                0x0000000008000040      0x154 zephyr/arch/common/libisr_tables.a(isr_tables.c.obj)
                0x0000000008000040                _irq_vector_table
                0x0000000008000194                _vector_end = .

text            0x0000000008000198     0x8c38
                0x0000000008000198                __text_region_start = .
 *(SORT_BY_ALIGNMENT(.text))
 .text          0x0000000008000198       0xa0 /home/mustafa/zephyr-sdk-0.17.4/arm-zephyr-eabi/bin/../lib/gcc/arm-zephyr-eabi/12.2.0/thumb/v7e-m/nofp/libgcc.a(_aeabi_ldivmod.o)
                0x0000000008000198                __aeabi_ldivmod
 .text          0x0000000008000238       0x30 /home/mustafa/zephyr-sdk-0.17.4/arm-zephyr-eabi/bin/../lib/gcc/arm-zephyr-eabi/12.2.0/thumb/v7e-m/nofp/libgcc.a(_aeabi_uldivmod.o)
                0x0000000008000238                __aeabi_uldivmod
 .text          0x0000000008000268        0x4 /home/mustafa/zephyr-sdk-0.17.4/arm-zephyr-eabi/bin/../lib/gcc/arm-zephyr-eabi/12.2.0/thumb/v7e-m/nofp/libgcc.a(_dvmd_tls.o)
                0x0000000008000268                __aeabi_ldiv0
                0x0000000008000268                __aeabi_idiv0
 .text          0x000000000800026c       0x14 /home/mustafa/zephyr-sdk-0.17.4/arm-zephyr-eabi/bin/../lib/gcc/../../picolibc/arm-zephyr-eabi/lib/thumb/v7e-m/nofp/libc.a(strcmp.S.o)
                0x000000000800026c                strcmp
 .text          0x0000000008000280       0x10 /home/mustafa/zephyr-sdk-0.17.4/arm-zephyr-eabi/bin/../lib/gcc/../../picolibc/arm-zephyr-eabi/lib/thumb/v7e-m/nofp/libc.a(strcpy.S.o)
                0x0000000008000280                strcpy
 .text          0x0000000008000290       0x10 /home/mustafa/zephyr-sdk-0.17.4/arm-zephyr-eabi/bin/../lib/gcc/../../picolibc/arm-zephyr-eabi/lib/thumb/v7e-m/nofp/libc.a(strlen.S.o)
                0x0000000008000290                strlen
 .text          0x00000000080002a0      0x2a0 /home/mustafa/zephyr-sdk-0.17.4/arm-zephyr-eabi/bin/../lib/gcc/arm-zephyr-eabi/12.2.0/thumb/v7e-m/nofp/libgcc.a(_udivmoddi4.o)
                0x00000000080002a0                __udivmoddi4
 *(SORT_BY_ALIGNMENT(.text.*))
 .text.cmd_kernel_uptime
                0x0000000008000540       0xe0 zephyr/libzephyr.a(uptime.c.obj)
 .text.cmd_led_toggle
                0x0000000008000620       0x24 app/libapp.a(main.c.obj)
 .text.main     0x0000000008000644       0x3c app/libapp.a(main.c.obj)
                0x0000000008000644                main
 .text.z_impl_sys_clock_getrtoffset
                0x0000000008000680       0x28 zephyr/libzephyr.a(clock.c.obj)
                0x0000000008000680                z_impl_sys_clock_getrtoffset
 .text.sys_clock_gettime
                0x00000000080006a8       0x6c zephyr/libzephyr.a(clock.c.obj)
                0x00000000080006a8                sys_clock_gettime
 .text.z_impl_sys_clock_settime
                0x0000000008000714       0x78 zephyr/libzephyr.a(clock.c.obj)
                0x0000000008000714                z_impl_sys_clock_settime
 .text.char_out
                0x000000000800078c        0xc zephyr/libzephyr.a(printk.c.obj)
 .text.__printk_hook_install
                0x0000000008000798        0xc zephyr/libzephyr.a(printk.c.obj)
                0x0000000008000798                __printk_hook_install
 .text.vprintk  0x00000000080007a4       0x30 zephyr/libzephyr.a(printk.c.obj)
                0x00000000080007a4                vprintk
 .text.z_thread_entry
                0x00000000080007d4       0x34 zephyr/libzephyr.a(thread_entry.c.obj)
                0x00000000080007d4                z_thread_entry
 .text.timeutil_timegm64
                0x0000000008000808       0xf0 zephyr/libzephyr.a(timeutil.c.obj)
                0x0000000008000808                timeutil_timegm64
 .text.timeutil_timegm
                0x00000000080008f8       0x20 zephyr/libzephyr.a(timeutil.c.obj)
                0x00000000080008f8                timeutil_timegm
 .text.timespec_normalize
                0x0000000008000918       0x90 zephyr/libzephyr.a(timeutil.c.obj)
                0x0000000008000918                timespec_normalize
 .text.sys_getopt_init
                0x00000000080009a8       0x48 zephyr/libzephyr.a(getopt.c.obj)
                0x00000000080009a8                sys_getopt_init
 .text.sys_getopt
                0x00000000080009f0       0xf8 zephyr/libzephyr.a(getopt.c.obj)
                0x00000000080009f0                sys_getopt
 .text.z_getopt_global_state_update
                0x0000000008000ae8       0x38 zephyr/libzephyr.a(getopt_common.c.obj)
                0x0000000008000ae8                z_getopt_global_state_update
 .text.sys_getopt_state_get
                0x0000000008000b20        0x8 zephyr/libzephyr.a(getopt_common.c.obj)
                0x0000000008000b20                sys_getopt_state_get
 .text.st_stm32_common_config
                0x0000000008000b28       0x14 zephyr/libzephyr.a(soc_config.c.obj)
 .text.stm32_gpioport_init
                0x0000000008000b3c       0x20 zephyr/libzephyr.a(gpioport_mgr.c.obj)
 .text.stm32_gpioport_get
                0x0000000008000b5c       0x24 zephyr/libzephyr.a(gpioport_mgr.c.obj)
                0x0000000008000b5c                stm32_gpioport_get
 .text.soc_early_init_hook
                0x0000000008000b80       0x30 zephyr/libzephyr.a(soc.c.obj)
                0x0000000008000b80                soc_early_init_hook
 .text.mem_attr_get_regions
                0x0000000008000bb0        0xc zephyr/libzephyr.a(mem_attr.c.obj)
                0x0000000008000bb0                mem_attr_get_regions
 .text.cmd_kernel_cycles
                0x0000000008000bbc       0x1c zephyr/libzephyr.a(cycles.c.obj)
 .text.cmd_kernel_sleep
                0x0000000008000bd8       0x40 zephyr/libzephyr.a(sleep.c.obj)
 .text.cmd_kernel_version
                0x0000000008000c18       0x18 zephyr/libzephyr.a(version.c.obj)
 .text.z_thread_is_valid
                0x0000000008000c30       0x20 zephyr/libzephyr.a(thread.c.obj)
                0x0000000008000c30                z_thread_is_valid
 .text.cmd_kernel_thread_list
                0x0000000008000c50       0x34 zephyr/libzephyr.a(list.c.obj)
 .text.shell_tdata_dump
                0x0000000008000c84       0xc0 zephyr/libzephyr.a(list.c.obj)
 .text.cmd_kernel_thread_stacks
                0x0000000008000d44       0x70 zephyr/libzephyr.a(stacks.c.obj)
 .text.shell_stack_dump
                0x0000000008000db4       0x60 zephyr/libzephyr.a(stacks.c.obj)
 .text.cmd_kernel_thread_suspend
                0x0000000008000e14       0x64 zephyr/libzephyr.a(suspend.c.obj)
 .text.cmd_kernel_thread_resume
                0x0000000008000e78       0x64 zephyr/libzephyr.a(resume.c.obj)
 .text.cmd_kernel_thread_kill
                0x0000000008000edc       0x64 zephyr/libzephyr.a(kill.c.obj)
 .text.device_name_lookup
                0x0000000008000f40       0x20 zephyr/libzephyr.a(device_service.c.obj)
 .text.device_name_get_non_ready
                0x0000000008000f60       0x20 zephyr/libzephyr.a(device_service.c.obj)
 .text.cmd_device_init
                0x0000000008000f80       0x64 zephyr/libzephyr.a(device_service.c.obj)
 .text.cmd_device_list
                0x0000000008000fe4       0xec zephyr/libzephyr.a(device_service.c.obj)
 .text.date_print
                0x00000000080010d0       0x2c zephyr/libzephyr.a(date_service.c.obj)
 .text.get_h_m_s
                0x00000000080010fc       0x98 zephyr/libzephyr.a(date_service.c.obj)
 .text.cmd_date_set
                0x0000000008001194      0x10c zephyr/libzephyr.a(date_service.c.obj)
 .text.cmd_devmem
                0x00000000080012a0       0xc0 zephyr/libzephyr.a(devmem_service.c.obj)
 .text.cmd_dump
                0x0000000008001360      0x184 zephyr/libzephyr.a(devmem_service.c.obj)
 .text.set_bypass.isra.0
                0x00000000080014e4       0x50 zephyr/libzephyr.a(devmem_service.c.obj)
 .text.bypass_cb
                0x0000000008001534      0x118 zephyr/libzephyr.a(devmem_service.c.obj)
 .text.cmd_load
                0x000000000800164c       0xd8 zephyr/libzephyr.a(devmem_service.c.obj)
 .text.enable_shell_uart
                0x0000000008001724       0x34 zephyr/libzephyr.a(shell_uart.c.obj)
 .text.init     0x0000000008001758       0x54 zephyr/libzephyr.a(shell_uart.c.obj)
 .text.shell_internal_help_print
                0x00000000080017ac       0x20 zephyr/libzephyr.a(shell.c.obj)
 .text.kill_handler
                0x00000000080017cc       0x50 zephyr/libzephyr.a(shell.c.obj)
 .text.z_cursor_next_line_move.isra.0
                0x000000000800181c        0xc zephyr/libzephyr.a(shell.c.obj)
 .text.execute  0x0000000008001828      0x2b8 zephyr/libzephyr.a(shell.c.obj)
 .text.history_handle
                0x0000000008001ae0       0xb0 zephyr/libzephyr.a(shell.c.obj)
 .text.state_set.constprop.0
                0x0000000008001b90       0x4c zephyr/libzephyr.a(shell.c.obj)
 .text.state_collect
                0x0000000008001bdc      0x6ac zephyr/libzephyr.a(shell.c.obj)
 .text.shell_thread
                0x0000000008002288       0x98 zephyr/libzephyr.a(shell.c.obj)
                0x0000000008002288                shell_thread
 .text.cmd_help
                0x0000000008002320       0x44 zephyr/libzephyr.a(shell.c.obj)
 .text.shell_hexdump_line
                0x0000000008002364       0xcc zephyr/libzephyr.a(shell.c.obj)
                0x0000000008002364                shell_hexdump_line
 .text.shell_init
                0x0000000008002430       0xc8 zephyr/libzephyr.a(shell.c.obj)
                0x0000000008002430                shell_init
 .text.z_shell_fprintf_fmt
                0x00000000080024f8       0x28 zephyr/libzephyr.a(shell_fprintf.c.obj)
                0x00000000080024f8                z_shell_fprintf_fmt
 .text.z_shell_cmd_get
                0x0000000008002520       0x74 zephyr/libzephyr.a(shell_utils.c.obj)
                0x0000000008002520                z_shell_cmd_get
 .text.shell_strtoul
                0x0000000008002594       0x50 zephyr/libzephyr.a(shell_utils.c.obj)
                0x0000000008002594                shell_strtoul
 .text.z_clear_eos
                0x00000000080025e4       0x18 zephyr/libzephyr.a(shell_ops.c.obj)
 .text.z_cursor_next_line_move.isra.0
                0x00000000080025fc        0xc zephyr/libzephyr.a(shell_ops.c.obj)
 .text.z_shell_op_cursor_vert_move
                0x0000000008002608       0x2c zephyr/libzephyr.a(shell_ops.c.obj)
                0x0000000008002608                z_shell_op_cursor_vert_move
 .text.z_shell_op_cursor_horiz_move
                0x0000000008002634       0x2c zephyr/libzephyr.a(shell_ops.c.obj)
                0x0000000008002634                z_shell_op_cursor_horiz_move
 .text.z_shell_print_cmd
                0x0000000008002660       0x78 zephyr/libzephyr.a(shell_ops.c.obj)
                0x0000000008002660                z_shell_print_cmd
 .text.z_shell_vt100_color_set
                0x00000000080026d8       0x40 zephyr/libzephyr.a(shell_ops.c.obj)
                0x00000000080026d8                z_shell_vt100_color_set
 .text.z_shell_vt100_colors_restore
                0x0000000008002718       0x3c zephyr/libzephyr.a(shell_ops.c.obj)
                0x0000000008002718                z_shell_vt100_colors_restore
 .text.z_shell_op_word_remove
                0x0000000008002754       0xc8 zephyr/libzephyr.a(shell_ops.c.obj)
                0x0000000008002754                z_shell_op_word_remove
 .text.reprint_from_cursor
                0x000000000800281c       0xe0 zephyr/libzephyr.a(shell_ops.c.obj)
 .text.z_shell_op_char_insert
                0x00000000080028fc       0x70 zephyr/libzephyr.a(shell_ops.c.obj)
                0x00000000080028fc                z_shell_op_char_insert
 .text.z_shell_print_prompt_and_cmd
                0x000000000800296c       0x34 zephyr/libzephyr.a(shell_ops.c.obj)
                0x000000000800296c                z_shell_print_prompt_and_cmd
 .text.z_cursor_next_line_move.isra.0
                0x00000000080029a0        0xc zephyr/libzephyr.a(shell_help.c.obj)
 .text.formatted_structured_help_print
                0x00000000080029ac       0x40 zephyr/libzephyr.a(shell_help.c.obj)
 .text.z_shell_help_subcmd_print
                0x00000000080029ec       0xc8 zephyr/libzephyr.a(shell_help.c.obj)
                0x00000000080029ec                z_shell_help_subcmd_print
 .text.z_shell_help_cmd_print
                0x0000000008002ab4       0x5c zephyr/libzephyr.a(shell_help.c.obj)
                0x0000000008002ab4                z_shell_help_cmd_print
 .text.z_shell_help_request
                0x0000000008002b10       0x28 zephyr/libzephyr.a(shell_help.c.obj)
                0x0000000008002b10                z_shell_help_request
 .text.cmd_resize_default
                0x0000000008002b38       0x2c zephyr/libzephyr.a(shell_cmds.c.obj)
 .text.cmd_shell_stats_show
                0x0000000008002b64       0x14 zephyr/libzephyr.a(shell_cmds.c.obj)
 .text.cmd_backends
                0x0000000008002b78       0x4c zephyr/libzephyr.a(shell_cmds.c.obj)
 .text.cmd_prompt_off
                0x0000000008002bc4       0x10 zephyr/libzephyr.a(shell_cmds.c.obj)
 .text.cmd_history
                0x0000000008002bd4       0x40 zephyr/libzephyr.a(shell_cmds.c.obj)
 .text.cmd_get_retval
                0x0000000008002c14       0x1c zephyr/libzephyr.a(shell_cmds.c.obj)
 .text.cmd_echo
                0x0000000008002c30       0x50 zephyr/libzephyr.a(shell_cmds.c.obj)
 .text.cmd_clear
                0x0000000008002c80       0x34 zephyr/libzephyr.a(shell_cmds.c.obj)
 .text.cmd_resize
                0x0000000008002cb4      0x1a0 zephyr/libzephyr.a(shell_cmds.c.obj)
 .text.z_shell_wildcard_process
                0x0000000008002e54       0xe4 zephyr/libzephyr.a(shell_wildcard.c.obj)
                0x0000000008002e54                z_shell_wildcard_process
 .text.arch_bss_zero
                0x0000000008002f38       0x18 zephyr/arch/common/libarch__common.a(init.c.obj)
                0x0000000008002f38                arch_bss_zero
 .text.arch_data_copy
                0x0000000008002f50       0x38 zephyr/arch/common/libarch__common.a(xip.c.obj)
                0x0000000008002f50                arch_data_copy
 .text.z_arm_fatal_error
                0x0000000008002f88       0x60 zephyr/arch/arch/arm/core/libarch__arm__core.a(fatal.c.obj)
                0x0000000008002f88                z_arm_fatal_error
 .text.z_SysNmiOnReset
                0x0000000008002fe8        0x8 zephyr/arch/arch/arm/core/libarch__arm__core.a(nmi_on_reset.S.obj)
                0x0000000008002fe8                z_SysNmiOnReset
 .text.arch_tls_stack_setup
                0x0000000008002ff0       0x40 zephyr/arch/arch/arm/core/libarch__arm__core.a(tls.c.obj)
                0x0000000008002ff0                arch_tls_stack_setup
 .text.mem_manage_fault
                0x0000000008003030       0xf0 zephyr/arch/arch/arm/core/cortex_m/libarch__arm__core__cortex_m.a(fault.c.obj)
 .text.usage_fault.constprop.0
                0x0000000008003120       0x98 zephyr/arch/arch/arm/core/cortex_m/libarch__arm__core__cortex_m.a(fault.c.obj)
 .text.bus_fault.constprop.0
                0x00000000080031b8       0xb8 zephyr/arch/arch/arm/core/cortex_m/libarch__arm__core__cortex_m.a(fault.c.obj)
 .text.z_arm_fault
                0x0000000008003270      0x1a0 zephyr/arch/arch/arm/core/cortex_m/libarch__arm__core__cortex_m.a(fault.c.obj)
                0x0000000008003270                z_arm_fault
 .text.z_arm_fault_init
                0x0000000008003410       0x18 zephyr/arch/arch/arm/core/cortex_m/libarch__arm__core__cortex_m.a(fault.c.obj)
                0x0000000008003410                z_arm_fault_init
 .text.__fault  0x0000000008003428       0x14 zephyr/arch/arch/arm/core/cortex_m/libarch__arm__core__cortex_m.a(fault_s.S.obj)
                0x0000000008003428                z_arm_bus_fault
                0x0000000008003428                z_arm_usage_fault
                0x0000000008003428                z_arm_mpu_fault
                0x0000000008003428                z_arm_exc_spurious
                0x0000000008003428                z_arm_debug_monitor
                0x0000000008003428                z_arm_hard_fault
 .text._reset_section
                0x000000000800343c       0x44 zephyr/arch/arch/arm/core/cortex_m/libarch__arm__core__cortex_m.a(reset.S.obj)
                0x000000000800343c                z_arm_reset
                0x000000000800343c                __start
 .text.z_arm_svc
                0x0000000008003480       0x24 zephyr/arch/arch/arm/core/cortex_m/libarch__arm__core__cortex_m.a(svc.S.obj)
                0x0000000008003480                z_arm_svc
 .text.arm_irq_enable
                0x00000000080034a4       0x1c zephyr/arch/arch/arm/core/cortex_m/libarch__arm__core__cortex_m.a(irq_manage.c.obj)
                0x00000000080034a4                arm_irq_enable
 .text.arm_irq_priority_set
                0x00000000080034c0       0x30 zephyr/arch/arch/arm/core/cortex_m/libarch__arm__core__cortex_m.a(irq_manage.c.obj)
                0x00000000080034c0                arm_irq_priority_set
 .text.relocate_vector_table
                0x00000000080034f0       0x1c zephyr/arch/arch/arm/core/cortex_m/libarch__arm__core__cortex_m.a(prep_c.c.obj)
                0x00000000080034f0                relocate_vector_table
 .text.z_prep_c
                0x000000000800350c       0x38 zephyr/arch/arch/arm/core/cortex_m/libarch__arm__core__cortex_m.a(prep_c.c.obj)
                0x000000000800350c                z_prep_c
 .text.arch_new_thread
                0x0000000008003544       0x38 zephyr/arch/arch/arm/core/cortex_m/libarch__arm__core__cortex_m.a(thread.c.obj)
                0x0000000008003544                arch_new_thread
 .text.z_check_thread_stack_fail
                0x000000000800357c       0x30 zephyr/arch/arch/arm/core/cortex_m/libarch__arm__core__cortex_m.a(thread.c.obj)
                0x000000000800357c                z_check_thread_stack_fail
 .text.arch_switch_to_main_thread
                0x00000000080035ac       0x40 zephyr/arch/arch/arm/core/cortex_m/libarch__arm__core__cortex_m.a(thread.c.obj)
                0x00000000080035ac                arch_switch_to_main_thread
 .text.z_arm_cpu_idle_init
                0x00000000080035ec        0xc zephyr/arch/arch/arm/core/cortex_m/libarch__arm__core__cortex_m.a(cpu_idle.c.obj)
                0x00000000080035ec                z_arm_cpu_idle_init
 .text._HandlerModeExit
                0x00000000080035f8       0x20 zephyr/arch/arch/arm/core/cortex_m/libarch__arm__core__cortex_m.a(exc_exit.c.obj)
                0x00000000080035f8                z_arm_exc_exit
                0x00000000080035f8                z_arm_int_exit
 .text.z_impl_k_thread_abort
                0x0000000008003618       0x2c zephyr/arch/arch/arm/core/cortex_m/libarch__arm__core__cortex_m.a(thread_abort.c.obj)
                0x0000000008003618                z_impl_k_thread_abort
 .text.z_arm_pendsv
                0x0000000008003644       0x64 zephyr/arch/arch/arm/core/cortex_m/libarch__arm__core__cortex_m.a(swap_helper.S.obj)
                0x0000000008003644                z_arm_pendsv
 .text.z_arm_interrupt_init
                0x00000000080036a8       0x18 zephyr/arch/arch/arm/core/cortex_m/libarch__arm__core__cortex_m.a(irq_init.c.obj)
                0x00000000080036a8                z_arm_interrupt_init
 .text._isr_wrapper
                0x00000000080036c0       0x24 zephyr/arch/arch/arm/core/cortex_m/libarch__arm__core__cortex_m.a(isr_wrapper.c.obj)
                0x00000000080036c0                _isr_wrapper
 .text.__aeabi_read_tp
                0x00000000080036e4        0xc zephyr/arch/arch/arm/core/cortex_m/libarch__arm__core__cortex_m.a(__aeabi_read_tp.S.obj)
                0x00000000080036e4                __aeabi_read_tp
 .text.z_arm_configure_static_mpu_regions
                0x00000000080036f0       0x18 zephyr/arch/arch/arm/core/mpu/libarch__arm__core__mpu.a(arm_core_mpu.c.obj)
                0x00000000080036f0                z_arm_configure_static_mpu_regions
 .text.z_arm_configure_dynamic_mpu_regions
                0x0000000008003708       0x24 zephyr/arch/arch/arm/core/mpu/libarch__arm__core__mpu.a(arm_core_mpu.c.obj)
                0x0000000008003708                z_arm_configure_dynamic_mpu_regions
 .text.region_init
                0x000000000800372c       0x28 zephyr/arch/arch/arm/core/mpu/libarch__arm__core__mpu.a(arm_mpu.c.obj)
 .text.mpu_configure_regions
                0x0000000008003754       0x6c zephyr/arch/arch/arm/core/mpu/libarch__arm__core__mpu.a(arm_mpu.c.obj)
 .text.arm_core_mpu_enable
                0x00000000080037c0       0x18 zephyr/arch/arch/arm/core/mpu/libarch__arm__core__mpu.a(arm_mpu.c.obj)
                0x00000000080037c0                arm_core_mpu_enable
 .text.arm_core_mpu_disable
                0x00000000080037d8       0x14 zephyr/arch/arch/arm/core/mpu/libarch__arm__core__mpu.a(arm_mpu.c.obj)
                0x00000000080037d8                arm_core_mpu_disable
 .text.arm_core_mpu_configure_static_mpu_regions
                0x00000000080037ec       0x14 zephyr/arch/arch/arm/core/mpu/libarch__arm__core__mpu.a(arm_mpu.c.obj)
                0x00000000080037ec                arm_core_mpu_configure_static_mpu_regions
 .text.arm_core_mpu_configure_dynamic_mpu_regions
                0x0000000008003800       0x38 zephyr/arch/arch/arm/core/mpu/libarch__arm__core__mpu.a(arm_mpu.c.obj)
                0x0000000008003800                arm_core_mpu_configure_dynamic_mpu_regions
 .text.z_arm_mpu_init
                0x0000000008003838      0x188 zephyr/arch/arch/arm/core/mpu/libarch__arm__core__mpu.a(arm_mpu.c.obj)
                0x0000000008003838                z_arm_mpu_init
 .text.cbvprintf
                0x00000000080039c0       0x38 zephyr/lib/libc/picolibc/liblib__libc__picolibc.a(cbprintf.c.obj)
                0x00000000080039c0                cbvprintf
 .text.z_impl_zephyr_fputc
                0x00000000080039f8       0x10 zephyr/lib/libc/picolibc/liblib__libc__picolibc.a(stdio.c.obj)
                0x00000000080039f8                z_impl_zephyr_fputc
 .text.__stdout_hook_install
                0x0000000008003a08       0x18 zephyr/lib/libc/picolibc/liblib__libc__picolibc.a(stdio.c.obj)
                0x0000000008003a08                __stdout_hook_install
 .text.malloc_prepare
                0x0000000008003a20       0x24 zephyr/lib/libc/common/liblib__libc__common.a(malloc.c.obj)
 .text.fnmatchx
                0x0000000008003a44      0x48c zephyr/lib/posix/c_lib_ext/liblib__posix__c_lib_ext.a(fnmatch.c.obj)
 .text.z_getopt_global_state_update_shim
                0x0000000008003ed0       0x2c zephyr/lib/posix/c_lib_ext/liblib__posix__c_lib_ext.a(getopt_shim.c.obj)
                0x0000000008003ed0                z_getopt_global_state_update_shim
 .text.stm32_exti_init
                0x0000000008003efc       0x30 zephyr/drivers/interrupt_controller/libdrivers__interrupt_controller.a(intc_exti_stm32.c.obj)
 .text.stm32_exti_is_pending
                0x0000000008003f2c       0x20 zephyr/drivers/interrupt_controller/libdrivers__interrupt_controller.a(intc_exti_stm32.c.obj)
                0x0000000008003f2c                stm32_exti_is_pending
 .text.stm32_exti_clear_pending
                0x0000000008003f4c       0x20 zephyr/drivers/interrupt_controller/libdrivers__interrupt_controller.a(intc_exti_stm32.c.obj)
                0x0000000008003f4c                stm32_exti_clear_pending
 .text.stm32_fill_irq_table
                0x0000000008003f6c       0x18 zephyr/drivers/interrupt_controller/libdrivers__interrupt_controller.a(intc_gpio_stm32.c.obj)
 .text.stm32_intc_gpio_isr
                0x0000000008003f84       0x4c zephyr/drivers/interrupt_controller/libdrivers__interrupt_controller.a(intc_gpio_stm32.c.obj)
 .text.stm32_gpio_intc_enable_line
                0x0000000008003fd0       0x2c zephyr/drivers/interrupt_controller/libdrivers__interrupt_controller.a(intc_gpio_stm32.c.obj)
                0x0000000008003fd0                stm32_gpio_intc_enable_line
 .text.stm32_gpio_intc_disable_line
                0x0000000008003ffc       0x10 zephyr/drivers/interrupt_controller/libdrivers__interrupt_controller.a(intc_gpio_stm32.c.obj)
                0x0000000008003ffc                stm32_gpio_intc_disable_line
 .text.stm32_gpio_intc_select_line_trigger
                0x000000000800400c       0x50 zephyr/drivers/interrupt_controller/libdrivers__interrupt_controller.a(intc_gpio_stm32.c.obj)
                0x000000000800400c                stm32_gpio_intc_select_line_trigger
 .text.stm32_gpio_intc_set_irq_callback
                0x000000000800405c       0x40 zephyr/drivers/interrupt_controller/libdrivers__interrupt_controller.a(intc_gpio_stm32.c.obj)
                0x000000000800405c                stm32_gpio_intc_set_irq_callback
 .text.stm32_gpio_intc_remove_irq_callback
                0x000000000800409c       0x24 zephyr/drivers/interrupt_controller/libdrivers__interrupt_controller.a(intc_gpio_stm32.c.obj)
                0x000000000800409c                stm32_gpio_intc_remove_irq_callback
 .text.stm32_exti_get_line_src_port
                0x00000000080040c0       0x30 zephyr/drivers/interrupt_controller/libdrivers__interrupt_controller.a(intc_gpio_stm32.c.obj)
                0x00000000080040c0                stm32_exti_get_line_src_port
 .text.stm32_clock_control_get_subsys_rate
                0x00000000080040f0      0x108 zephyr/drivers/clock_control/libdrivers__clock_control.a(clock_stm32_ll_common.c.obj)
 .text.enabled_clock
                0x00000000080041f8       0x20 zephyr/drivers/clock_control/libdrivers__clock_control.a(clock_stm32_ll_common.c.obj)
                0x00000000080041f8                enabled_clock
 .text.stm32_clock_control_init
                0x0000000008004218      0x140 zephyr/drivers/clock_control/libdrivers__clock_control.a(clock_stm32_ll_common.c.obj)
                0x0000000008004218                stm32_clock_control_init
 .text.get_pllsrc_frequency
                0x0000000008004358        0x8 zephyr/drivers/clock_control/libdrivers__clock_control.a(clock_stm32f2_f4_f7.c.obj)
                0x0000000008004358                get_pllsrc_frequency
 .text.config_pll_sysclock
                0x0000000008004360       0x3c zephyr/drivers/clock_control/libdrivers__clock_control.a(clock_stm32f2_f4_f7.c.obj)
                0x0000000008004360                config_pll_sysclock
 .text.config_enable_default_clocks
                0x000000000800439c       0x20 zephyr/drivers/clock_control/libdrivers__clock_control.a(clock_stm32f2_f4_f7.c.obj)
                0x000000000800439c                config_enable_default_clocks
 .text.uart_console_init
                0x00000000080043bc       0x28 zephyr/drivers/console/libdrivers__console.a(uart_console.c.obj)
 .text.console_out
                0x00000000080043e4       0x28 zephyr/drivers/console/libdrivers__console.a(uart_console.c.obj)
 .text.gpio_stm32_pin_interrupt_configure
                0x000000000800440c       0xac zephyr/drivers/gpio/libdrivers__gpio.a(gpio_stm32.c.obj)
 .text.uart_stm32_irq_err_enable
                0x00000000080044b8       0x58 zephyr/drivers/serial/libdrivers__serial.a(uart_stm32.c.obj)
 .text.uart_stm32_irq_err_disable
                0x0000000008004510       0x58 zephyr/drivers/serial/libdrivers__serial.a(uart_stm32.c.obj)
 .text.uart_stm32_parameters_set
                0x0000000008004568      0x104 zephyr/drivers/serial/libdrivers__serial.a(uart_stm32.c.obj)
 .text.uart_stm32_configure
                0x000000000800466c      0x134 zephyr/drivers/serial/libdrivers__serial.a(uart_stm32.c.obj)
 .text.elapsed  0x00000000080047a0       0x4c zephyr/drivers/timer/libdrivers__timer.a(cortex_m_systick.c.obj)
 .text.sys_clock_driver_init
                0x00000000080047ec       0x34 zephyr/drivers/timer/libdrivers__timer.a(cortex_m_systick.c.obj)
 .text.sys_clock_isr
                0x0000000008004820       0x60 zephyr/drivers/timer/libdrivers__timer.a(cortex_m_systick.c.obj)
                0x0000000008004820                sys_clock_isr
 .text.sys_clock_set_timeout
                0x0000000008004880       0xf8 zephyr/drivers/timer/libdrivers__timer.a(cortex_m_systick.c.obj)
                0x0000000008004880                sys_clock_set_timeout
 .text.sys_clock_elapsed
                0x0000000008004978       0x3c zephyr/drivers/timer/libdrivers__timer.a(cortex_m_systick.c.obj)
                0x0000000008004978                sys_clock_elapsed
 .text.sys_clock_cycle_get_32
                0x00000000080049b4       0x28 zephyr/drivers/timer/libdrivers__timer.a(cortex_m_systick.c.obj)
                0x00000000080049b4                sys_clock_cycle_get_32
 .text.HAL_RCC_GetSysClockFreq
                0x00000000080049dc       0x5c modules/hal_stm32/stm32cube/lib..__modules__hal__stm32__stm32cube.a(stm32f4xx_hal_rcc.c.obj)
                0x00000000080049dc                HAL_RCC_GetSysClockFreq
 .text.LL_SetFlashLatency
                0x0000000008004a38       0x9c modules/hal_stm32/stm32cube/lib..__modules__hal__stm32__stm32cube.a(stm32f4xx_ll_utils.c.obj)
                0x0000000008004a38                LL_SetFlashLatency
 .text.z_device_get_all_static
                0x0000000008004ad4       0x14 zephyr/kernel/libkernel.a(device.c.obj)
                0x0000000008004ad4                z_device_get_all_static
 .text.z_fatal_error
                0x0000000008004ae8       0x30 zephyr/kernel/libkernel.a(fatal.c.obj)
                0x0000000008004ae8                z_fatal_error
 .text.z_sys_init_run_level
                0x0000000008004b18       0x30 zephyr/kernel/libkernel.a(init.c.obj)
 .text.bg_thread_main
                0x0000000008004b48       0xc0 zephyr/kernel/libkernel.a(init.c.obj)
 .text.z_init_cpu
                0x0000000008004c08       0x78 zephyr/kernel/libkernel.a(init.c.obj)
                0x0000000008004c08                z_init_cpu
 .text.z_cstart
                0x0000000008004c80       0xcc zephyr/kernel/libkernel.a(init.c.obj)
                0x0000000008004c80                z_cstart
 .text.statics_init
                0x0000000008004d4c       0x24 zephyr/kernel/libkernel.a(kheap.c.obj)
 .text.k_heap_alloc
                0x0000000008004d70       0x1c zephyr/kernel/libkernel.a(kheap.c.obj)
                0x0000000008004d70                k_heap_alloc
 .text.z_impl_k_sem_give
                0x0000000008004d8c       0x68 zephyr/kernel/libkernel.a(sem.c.obj)
                0x0000000008004d8c                z_impl_k_sem_give
 .text.z_impl_k_sem_take
                0x0000000008004df4       0x4c zephyr/kernel/libkernel.a(sem.c.obj)
                0x0000000008004df4                z_impl_k_sem_take
 .text.z_impl_k_thread_name_set
                0x0000000008004e40       0x20 zephyr/kernel/libkernel.a(thread.c.obj)
                0x0000000008004e40                z_impl_k_thread_name_set
 .text.k_thread_state_str
                0x0000000008004e60       0x84 zephyr/kernel/libkernel.a(thread.c.obj)
                0x0000000008004e60                k_thread_state_str
 .text.z_setup_new_thread
                0x0000000008004ee4       0xf8 zephyr/kernel/libkernel.a(thread.c.obj)
                0x0000000008004ee4                z_setup_new_thread
 .text.z_impl_k_thread_create
                0x0000000008004fdc       0x58 zephyr/kernel/libkernel.a(thread.c.obj)
                0x0000000008004fdc                z_impl_k_thread_create
 .text.z_dummy_thread_init
                0x0000000008005034       0x1c zephyr/kernel/libkernel.a(thread.c.obj)
                0x0000000008005034                z_dummy_thread_init
 .text.z_swap_irqlock
                0x0000000008005050       0x34 zephyr/kernel/libkernel.a(sched.c.obj)
 .text.ready_thread
                0x0000000008005084       0x84 zephyr/kernel/libkernel.a(sched.c.obj)
 .text.unready_thread
                0x0000000008005108       0x54 zephyr/kernel/libkernel.a(sched.c.obj)
 .text.add_thread_timeout
                0x000000000800515c       0x1c zephyr/kernel/libkernel.a(sched.c.obj)
 .text.reschedule.constprop.0
                0x0000000008005178       0x28 zephyr/kernel/libkernel.a(sched.c.obj)
 .text.move_current_to_end_of_prio_q
                0x00000000080051a0       0x70 zephyr/kernel/libkernel.a(sched.c.obj)
                0x00000000080051a0                move_current_to_end_of_prio_q
 .text.z_impl_k_thread_suspend
                0x0000000008005210       0xf0 zephyr/kernel/libkernel.a(sched.c.obj)
                0x0000000008005210                z_impl_k_thread_suspend
 .text.z_pend_curr
                0x0000000008005300       0x44 zephyr/kernel/libkernel.a(sched.c.obj)
                0x0000000008005300                z_pend_curr
 .text.z_reschedule_irqlock
                0x0000000008005344       0x28 zephyr/kernel/libkernel.a(sched.c.obj)
                0x0000000008005344                z_reschedule_irqlock
 .text.k_sched_lock
                0x000000000800536c       0x28 zephyr/kernel/libkernel.a(sched.c.obj)
                0x000000000800536c                k_sched_lock
 .text.k_sched_unlock
                0x0000000008005394       0x54 zephyr/kernel/libkernel.a(sched.c.obj)
                0x0000000008005394                k_sched_unlock
 .text.z_sched_init
                0x00000000080053e8       0x10 zephyr/kernel/libkernel.a(sched.c.obj)
                0x00000000080053e8                z_sched_init
 .text.z_impl_k_yield
                0x00000000080053f8       0x88 zephyr/kernel/libkernel.a(sched.c.obj)
                0x00000000080053f8                z_impl_k_yield
 .text.z_tick_sleep
                0x0000000008005480       0x78 zephyr/kernel/libkernel.a(sched.c.obj)
 .text.z_impl_k_sched_current_thread_query
                0x00000000080054f8        0xc zephyr/kernel/libkernel.a(sched.c.obj)
                0x00000000080054f8                z_impl_k_sched_current_thread_query
 .text.z_thread_abort
                0x0000000008005504      0x144 zephyr/kernel/libkernel.a(sched.c.obj)
                0x0000000008005504                z_thread_abort
 .text.z_time_slice_size
                0x0000000008005648       0x40 zephyr/kernel/libkernel.a(timeslicing.c.obj)
 .text.slice_timeout
                0x0000000008005688       0x20 zephyr/kernel/libkernel.a(timeslicing.c.obj)
 .text.z_reset_time_slice
                0x00000000080056a8       0x48 zephyr/kernel/libkernel.a(timeslicing.c.obj)
                0x00000000080056a8                z_reset_time_slice
 .text.z_time_slice
                0x00000000080056f0       0x5c zephyr/kernel/libkernel.a(timeslicing.c.obj)
                0x00000000080056f0                z_time_slice
 .text.z_thread_monitor_exit
                0x000000000800574c       0x3c zephyr/kernel/libkernel.a(thread_monitor.c.obj)
                0x000000000800574c                z_thread_monitor_exit
 .text.k_thread_foreach
                0x0000000008005788       0x34 zephyr/kernel/libkernel.a(thread_monitor.c.obj)
                0x0000000008005788                k_thread_foreach
 .text.k_thread_foreach_unlocked
                0x00000000080057bc       0x48 zephyr/kernel/libkernel.a(thread_monitor.c.obj)
                0x00000000080057bc                k_thread_foreach_unlocked
 .text.first    0x0000000008005804       0x10 zephyr/kernel/libkernel.a(timeout.c.obj)
 .text.elapsed  0x0000000008005814       0x14 zephyr/kernel/libkernel.a(timeout.c.obj)
 .text.remove_timeout
                0x0000000008005828       0x38 zephyr/kernel/libkernel.a(timeout.c.obj)
 .text.z_add_timeout
                0x0000000008005860      0x120 zephyr/kernel/libkernel.a(timeout.c.obj)
                0x0000000008005860                z_add_timeout
 .text.sys_clock_announce
                0x0000000008005980       0xc0 zephyr/kernel/libkernel.a(timeout.c.obj)
                0x0000000008005980                sys_clock_announce
 .text.sys_clock_tick_get
                0x0000000008005a40       0x30 zephyr/kernel/libkernel.a(timeout.c.obj)
                0x0000000008005a40                sys_clock_tick_get
 .text.k_event_post_internal
                0x0000000008005a70       0x4c zephyr/kernel/libkernel.a(events.c.obj)
 .text.boot_banner
                0x0000000008005abc        0xc zephyr/kernel/libkernel.a(banner.c.obj)
                0x0000000008005abc                boot_banner
 .text.gmtime_r
                0x0000000008005ac8      0x15c /home/mustafa/zephyr-sdk-0.17.4/arm-zephyr-eabi/bin/../lib/gcc/../../picolibc/arm-zephyr-eabi/lib/thumb/v7e-m/nofp/libc.a(libc_time_gmtime_r.c.o)
                0x0000000008005ac8                gmtime_r
 .text.snprintf
                0x0000000008005c24       0x54 /home/mustafa/zephyr-sdk-0.17.4/arm-zephyr-eabi/bin/../lib/gcc/../../picolibc/arm-zephyr-eabi/lib/thumb/v7e-m/nofp/libc.a(libc_tinystdio_snprintf.c.o)
                0x0000000008005c24                snprintf
 .text.strtol   0x0000000008005c78       0xec /home/mustafa/zephyr-sdk-0.17.4/arm-zephyr-eabi/bin/../lib/gcc/../../picolibc/arm-zephyr-eabi/lib/thumb/v7e-m/nofp/libc.a(libc_tinystdio_strtol.c.o)
                0x0000000008005c78                strtol
 .text.strtoul  0x0000000008005d64       0xcc /home/mustafa/zephyr-sdk-0.17.4/arm-zephyr-eabi/bin/../lib/gcc/../../picolibc/arm-zephyr-eabi/lib/thumb/v7e-m/nofp/libc.a(libc_tinystdio_strtoul.c.o)
                0x0000000008005d64                strtoul
 .text.strtoull
                0x0000000008005e30      0x10c /home/mustafa/zephyr-sdk-0.17.4/arm-zephyr-eabi/bin/../lib/gcc/../../picolibc/arm-zephyr-eabi/lib/thumb/v7e-m/nofp/libc.a(libc_tinystdio_strtoull.c.o)
                0x0000000008005e30                strtoull
 .text.__l_vfprintf
                0x0000000008005f3c      0x4b8 /home/mustafa/zephyr-sdk-0.17.4/arm-zephyr-eabi/bin/../lib/gcc/../../picolibc/arm-zephyr-eabi/lib/thumb/v7e-m/nofp/libc.a(libc_tinystdio_vflprintf.c.o)
                0x0000000008005f3c                __l_vfprintf
 .text._OffsetAbsSyms
                0x00000000080063f4        0x2 zephyr/CMakeFiles/offsets.dir/./arch/arm/core/offsets/offsets.c.obj
                0x00000000080063f4                _OffsetAbsSyms
 .text.chunk_size
                0x00000000080063f6        0xa zephyr/libzephyr.a(heap.c.obj)
 .text.free_list_add
                0x0000000008006400       0x4e zephyr/libzephyr.a(heap.c.obj)
 .text.free_list_remove_bidx
                0x000000000800644e       0x3a zephyr/libzephyr.a(heap.c.obj)
 .text.free_list_remove
                0x0000000008006488       0x1a zephyr/libzephyr.a(heap.c.obj)
 .text.alloc_chunk
                0x00000000080064a2       0x6e zephyr/libzephyr.a(heap.c.obj)
 .text.merge_chunks
                0x0000000008006510       0x2c zephyr/libzephyr.a(heap.c.obj)
 .text.split_chunks
                0x000000000800653c       0x34 zephyr/libzephyr.a(heap.c.obj)
 .text.sys_heap_free
                0x0000000008006570       0xac zephyr/libzephyr.a(heap.c.obj)
                0x0000000008006570                sys_heap_free
 .text.sys_heap_alloc
                0x000000000800661c       0x5a zephyr/libzephyr.a(heap.c.obj)
                0x000000000800661c                sys_heap_alloc
 .text.sys_heap_noalign_alloc
                0x0000000008006676        0x6 zephyr/libzephyr.a(heap.c.obj)
                0x0000000008006676                sys_heap_noalign_alloc
 .text.sys_heap_init
                0x000000000800667c       0x7a zephyr/libzephyr.a(heap.c.obj)
                0x000000000800667c                sys_heap_init
 .text.timespec_add
                0x00000000080066f6       0x60 zephyr/libzephyr.a(clock.c.obj)
 .text.arch_printk_char_out
                0x0000000008006756        0x4 zephyr/libzephyr.a(printk.c.obj)
                0x0000000008006756                arch_printk_char_out
 .text.printk   0x000000000800675a       0x1a zephyr/libzephyr.a(printk.c.obj)
                0x000000000800675a                printk
 .text.ring_buf_area_claim
                0x0000000008006774       0x30 zephyr/libzephyr.a(ring_buffer.c.obj)
                0x0000000008006774                ring_buf_area_claim
 .text.ring_buf_put_claim
                0x00000000080067a4       0x1e zephyr/libzephyr.a(ring_buffer.c.obj)
 .text.ring_buf_get_claim
                0x00000000080067c2       0x1e zephyr/libzephyr.a(ring_buffer.c.obj)
 .text.ring_buf_area_finish
                0x00000000080067e0       0x32 zephyr/libzephyr.a(ring_buffer.c.obj)
                0x00000000080067e0                ring_buf_area_finish
 .text.ring_buf_put
                0x0000000008006812       0x40 zephyr/libzephyr.a(ring_buffer.c.obj)
                0x0000000008006812                ring_buf_put
 .text.ring_buf_get
                0x0000000008006852       0x44 zephyr/libzephyr.a(ring_buffer.c.obj)
                0x0000000008006852                ring_buf_get
 .text._ConfigAbsSyms
                0x0000000008006896        0x2 zephyr/libzephyr.a(configs.c.obj)
                0x0000000008006896                _ConfigAbsSyms
 .text.stm32_gpioport_configure_pin
                0x0000000008006898      0x10a zephyr/libzephyr.a(gpioport_mgr.c.obj)
                0x0000000008006898                stm32_gpioport_configure_pin
 .text.thread_valid_cb
                0x00000000080069a2        0xc zephyr/libzephyr.a(thread.c.obj)
 .text.cmd_date_get
                0x00000000080069ae       0x24 zephyr/libzephyr.a(date_service.c.obj)
 .text.uart_irq_tx_disable
                0x00000000080069d2        0xa zephyr/libzephyr.a(shell_uart.c.obj)
 .text.enable   0x00000000080069dc       0x12 zephyr/libzephyr.a(shell_uart.c.obj)
 .text.read_uart
                0x00000000080069ee       0x12 zephyr/libzephyr.a(shell_uart.c.obj)
 .text.uninit   0x0000000008006a00       0x20 zephyr/libzephyr.a(shell_uart.c.obj)
 .text.write_uart
                0x0000000008006a20       0x6c zephyr/libzephyr.a(shell_uart.c.obj)
 .text.uart_callback
                0x0000000008006a8c      0x112 zephyr/libzephyr.a(shell_uart.c.obj)
 .text.cmd_buffer_clear
                0x0000000008006b9e       0x16 zephyr/libzephyr.a(shell.c.obj)
 .text.atomic_or
                0x0000000008006bb4       0x1e zephyr/libzephyr.a(shell.c.obj)
 .text.atomic_and
                0x0000000008006bd2       0x1e zephyr/libzephyr.a(shell.c.obj)
 .text.z_shell_raw_fprintf
                0x0000000008006bf0       0x1a zephyr/libzephyr.a(shell.c.obj)
 .text.z_shell_strlen
                0x0000000008006c0a        0xc zephyr/libzephyr.a(shell.c.obj)
 .text.z_shell_unlock.isra.0
                0x0000000008006c16        0x8 zephyr/libzephyr.a(shell.c.obj)
 .text.z_shell_lock.isra.0
                0x0000000008006c1e       0x10 zephyr/libzephyr.a(shell.c.obj)
 .text.z_flag_cmd_ctx_set.isra.0
                0x0000000008006c2e       0x16 zephyr/libzephyr.a(shell.c.obj)
 .text.z_flag_history_exit_set.isra.0
                0x0000000008006c44       0x16 zephyr/libzephyr.a(shell.c.obj)
 .text.z_flag_insert_mode_set.isra.0
                0x0000000008006c5a       0x1e zephyr/libzephyr.a(shell.c.obj)
 .text.shell_signal_handle
                0x0000000008006c78       0x38 zephyr/libzephyr.a(shell.c.obj)
 .text.z_shell_trylock.constprop.0.isra.0
                0x0000000008006cb0       0x12 zephyr/libzephyr.a(shell.c.obj)
 .text.transport_evt_handler
                0x0000000008006cc2       0x14 zephyr/libzephyr.a(shell.c.obj)
 .text.shell_process
                0x0000000008006cd6       0x32 zephyr/libzephyr.a(shell.c.obj)
                0x0000000008006cd6                shell_process
 .text.shell_start
                0x0000000008006d08       0x48 zephyr/libzephyr.a(shell.c.obj)
                0x0000000008006d08                shell_start
 .text.shell_vfprintf
                0x0000000008006d50       0x84 zephyr/libzephyr.a(shell.c.obj)
                0x0000000008006d50                shell_vfprintf
 .text.shell_fprintf_impl
                0x0000000008006dd4       0x1a zephyr/libzephyr.a(shell.c.obj)
                0x0000000008006dd4                shell_fprintf_impl
 .text.shell_fprintf_info
                0x0000000008006dee       0x1c zephyr/libzephyr.a(shell.c.obj)
                0x0000000008006dee                shell_fprintf_info
 .text.shell_fprintf_normal
                0x0000000008006e0a       0x1c zephyr/libzephyr.a(shell.c.obj)
                0x0000000008006e0a                shell_fprintf_normal
 .text.shell_fprintf_warn
                0x0000000008006e26       0x1c zephyr/libzephyr.a(shell.c.obj)
                0x0000000008006e26                shell_fprintf_warn
 .text.shell_fprintf_error
                0x0000000008006e42       0x1c zephyr/libzephyr.a(shell.c.obj)
                0x0000000008006e42                shell_fprintf_error
 .text.shell_prompt_change
                0x0000000008006e5e       0x4c zephyr/libzephyr.a(shell.c.obj)
                0x0000000008006e5e                shell_prompt_change
 .text.shell_help
                0x0000000008006eaa       0x24 zephyr/libzephyr.a(shell.c.obj)
                0x0000000008006eaa                shell_help
 .text.shell_get_return_value
                0x0000000008006ece       0x10 zephyr/libzephyr.a(shell.c.obj)
                0x0000000008006ece                shell_get_return_value
 .text.shell_set_bypass
                0x0000000008006ede       0x16 zephyr/libzephyr.a(shell.c.obj)
                0x0000000008006ede                shell_set_bypass
 .text.z_shell_fprintf_buffer_flush
                0x0000000008006ef4       0x18 zephyr/libzephyr.a(shell_fprintf.c.obj)
                0x0000000008006ef4                z_shell_fprintf_buffer_flush
 .text.out_func
                0x0000000008006f0c       0x3c zephyr/libzephyr.a(shell_fprintf.c.obj)
 .text.z_shell_strlen
                0x0000000008006f48        0xc zephyr/libzephyr.a(shell_utils.c.obj)
 .text.shell_device_internal
                0x0000000008006f54       0xa4 zephyr/libzephyr.a(shell_utils.c.obj)
 .text.z_column_span_with_buffer_offsets_get
                0x0000000008006ff8       0x1e zephyr/libzephyr.a(shell_utils.c.obj)
                0x0000000008006ff8                z_column_span_with_buffer_offsets_get
 .text.z_row_span_with_buffer_offsets_get
                0x0000000008007016       0x16 zephyr/libzephyr.a(shell_utils.c.obj)
                0x0000000008007016                z_row_span_with_buffer_offsets_get
 .text.z_shell_multiline_data_calc
                0x000000000800702c       0x2c zephyr/libzephyr.a(shell_utils.c.obj)
                0x000000000800702c                z_shell_multiline_data_calc
 .text.z_shell_make_argv
                0x0000000008007058      0x1a0 zephyr/libzephyr.a(shell_utils.c.obj)
                0x0000000008007058                z_shell_make_argv
 .text.z_shell_pattern_remove
                0x00000000080071f8       0x4e zephyr/libzephyr.a(shell_utils.c.obj)
                0x00000000080071f8                z_shell_pattern_remove
 .text.z_shell_find_cmd
                0x0000000008007246       0x56 zephyr/libzephyr.a(shell_utils.c.obj)
                0x0000000008007246                z_shell_find_cmd
 .text.z_shell_get_last_command
                0x000000000800729c       0x5c zephyr/libzephyr.a(shell_utils.c.obj)
                0x000000000800729c                z_shell_get_last_command
 .text.z_shell_spaces_trim
                0x00000000080072f8       0x62 zephyr/libzephyr.a(shell_utils.c.obj)
                0x00000000080072f8                z_shell_spaces_trim
 .text.z_shell_cmd_trim
                0x000000000800735a       0x76 zephyr/libzephyr.a(shell_utils.c.obj)
                0x000000000800735a                z_shell_cmd_trim
 .text.shell_device_lookup_all
                0x00000000080073d0        0x8 zephyr/libzephyr.a(shell_utils.c.obj)
                0x00000000080073d0                shell_device_lookup_all
 .text.shell_device_lookup_non_ready
                0x00000000080073d8        0x8 zephyr/libzephyr.a(shell_utils.c.obj)
                0x00000000080073d8                shell_device_lookup_non_ready
 .text.shell_device_get_binding_all
                0x00000000080073e0       0x86 zephyr/libzephyr.a(shell_utils.c.obj)
                0x00000000080073e0                shell_device_get_binding_all
 .text.z_shell_raw_fprintf
                0x0000000008007466       0x1a zephyr/libzephyr.a(shell_ops.c.obj)
 .text.full_line_cmd.isra.0
                0x0000000008007480       0x24 zephyr/libzephyr.a(shell_ops.c.obj)
 .text.z_shell_cursor_in_empty_line
                0x00000000080074a4       0x2e zephyr/libzephyr.a(shell_ops.c.obj)
                0x00000000080074a4                z_shell_cursor_in_empty_line
 .text.z_shell_op_cond_next_line
                0x00000000080074d2       0x1e zephyr/libzephyr.a(shell_ops.c.obj)
                0x00000000080074d2                z_shell_op_cond_next_line
 .text.z_shell_op_cursor_position_synchronize
                0x00000000080074f0       0x4a zephyr/libzephyr.a(shell_ops.c.obj)
                0x00000000080074f0                z_shell_op_cursor_position_synchronize
 .text.z_shell_op_cursor_move
                0x000000000800753a       0x52 zephyr/libzephyr.a(shell_ops.c.obj)
                0x000000000800753a                z_shell_op_cursor_move
 .text.z_shell_op_cursor_word_move
                0x000000000800758c       0x7c zephyr/libzephyr.a(shell_ops.c.obj)
                0x000000000800758c                z_shell_op_cursor_word_move
 .text.z_shell_op_cursor_home_move
                0x0000000008007608        0xe zephyr/libzephyr.a(shell_ops.c.obj)
                0x0000000008007608                z_shell_op_cursor_home_move
 .text.z_shell_op_cursor_end_move
                0x0000000008007616       0x12 zephyr/libzephyr.a(shell_ops.c.obj)
                0x0000000008007616                z_shell_op_cursor_end_move
 .text.z_shell_op_left_arrow
                0x0000000008007628       0x12 zephyr/libzephyr.a(shell_ops.c.obj)
                0x0000000008007628                z_shell_op_left_arrow
 .text.z_shell_op_right_arrow
                0x000000000800763a       0x16 zephyr/libzephyr.a(shell_ops.c.obj)
                0x000000000800763a                z_shell_op_right_arrow
 .text.z_shell_op_delete_from_cursor
                0x0000000008007650       0x1c zephyr/libzephyr.a(shell_ops.c.obj)
                0x0000000008007650                z_shell_op_delete_from_cursor
 .text.z_shell_cmd_line_erase
                0x000000000800766c       0x38 zephyr/libzephyr.a(shell_ops.c.obj)
                0x000000000800766c                z_shell_cmd_line_erase
 .text.z_shell_write
                0x00000000080076a4       0x82 zephyr/libzephyr.a(shell_ops.c.obj)
                0x00000000080076a4                z_shell_write
 .text.z_shell_print_stream
                0x0000000008007726        0x4 zephyr/libzephyr.a(shell_ops.c.obj)
                0x0000000008007726                z_shell_print_stream
 .text.z_shell_vfprintf
                0x000000000800772a       0x4a zephyr/libzephyr.a(shell_ops.c.obj)
                0x000000000800772a                z_shell_vfprintf
 .text.z_shell_fprintf
                0x0000000008007774       0x1a zephyr/libzephyr.a(shell_ops.c.obj)
                0x0000000008007774                z_shell_fprintf
 .text.data_insert
                0x000000000800778e       0x74 zephyr/libzephyr.a(shell_ops.c.obj)
 .text.z_shell_op_completion_insert
                0x0000000008007802        0x4 zephyr/libzephyr.a(shell_ops.c.obj)
                0x0000000008007802                z_shell_op_completion_insert
 .text.z_shell_op_char_delete
                0x0000000008007806       0x3e zephyr/libzephyr.a(shell_ops.c.obj)
                0x0000000008007806                z_shell_op_char_delete
 .text.z_shell_op_char_backspace
                0x0000000008007844       0x26 zephyr/libzephyr.a(shell_ops.c.obj)
                0x0000000008007844                z_shell_op_char_backspace
 .text.z_shell_backend_rx_buffer_flush
                0x000000000800786a       0x2a zephyr/libzephyr.a(shell_ops.c.obj)
                0x000000000800786a                z_shell_backend_rx_buffer_flush
 .text.shell_help_is_structured
                0x0000000008007894       0x24 zephyr/libzephyr.a(shell_help.c.obj)
 .text.z_shell_raw_fprintf
                0x00000000080078b8       0x1a zephyr/libzephyr.a(shell_help.c.obj)
 .text.formatted_text_print.constprop.0
                0x00000000080078d2       0xd4 zephyr/libzephyr.a(shell_help.c.obj)
 .text.cmd_comment
                0x00000000080079a6        0x4 zephyr/libzephyr.a(shell_cmds.c.obj)
 .text.cmd_shell_stats_reset
                0x00000000080079aa        0x8 zephyr/libzephyr.a(shell_cmds.c.obj)
 .text.z_shell_raw_fprintf
                0x00000000080079b2       0x1a zephyr/libzephyr.a(shell_cmds.c.obj)
 .text.cmd_prompt_on
                0x00000000080079cc        0xc zephyr/libzephyr.a(shell_cmds.c.obj)
 .text.cmd_vt100_off
                0x00000000080079d8       0x22 zephyr/libzephyr.a(shell_cmds.c.obj)
 .text.cmd_backspace_mode_delete
                0x00000000080079fa       0x22 zephyr/libzephyr.a(shell_cmds.c.obj)
 .text.cmd_colors_off
                0x0000000008007a1c       0x22 zephyr/libzephyr.a(shell_cmds.c.obj)
 .text.cmd_backspace_mode_backspace
                0x0000000008007a3e       0x22 zephyr/libzephyr.a(shell_cmds.c.obj)
 .text.cmd_echo_off
                0x0000000008007a60       0x22 zephyr/libzephyr.a(shell_cmds.c.obj)
 .text.cmd_colors_on
                0x0000000008007a82       0x22 zephyr/libzephyr.a(shell_cmds.c.obj)
 .text.cmd_vt100_on
                0x0000000008007aa4       0x22 zephyr/libzephyr.a(shell_cmds.c.obj)
 .text.cmd_echo_on
                0x0000000008007ac6       0x22 zephyr/libzephyr.a(shell_cmds.c.obj)
 .text.z_shell_history_mode_exit
                0x0000000008007ae8        0x6 zephyr/libzephyr.a(shell_history.c.obj)
                0x0000000008007ae8                z_shell_history_mode_exit
 .text.z_shell_history_get
                0x0000000008007aee       0x56 zephyr/libzephyr.a(shell_history.c.obj)
                0x0000000008007aee                z_shell_history_get
 .text.z_shell_history_put
                0x0000000008007b44       0x76 zephyr/libzephyr.a(shell_history.c.obj)
                0x0000000008007b44                z_shell_history_put
 .text.z_shell_history_purge
                0x0000000008007bba       0x2a zephyr/libzephyr.a(shell_history.c.obj)
                0x0000000008007bba                z_shell_history_purge
 .text.z_shell_has_wildcard
                0x0000000008007be4       0x28 zephyr/libzephyr.a(shell_wildcard.c.obj)
                0x0000000008007be4                z_shell_has_wildcard
 .text.z_shell_wildcard_prepare
                0x0000000008007c0c       0x42 zephyr/libzephyr.a(shell_wildcard.c.obj)
                0x0000000008007c0c                z_shell_wildcard_prepare
 .text.z_shell_wildcard_finalize
                0x0000000008007c4e       0x20 zephyr/libzephyr.a(shell_wildcard.c.obj)
                0x0000000008007c4e                z_shell_wildcard_finalize
 .text.arch_early_memset
                0x0000000008007c6e        0x4 zephyr/arch/common/libarch__common.a(init.c.obj)
                0x0000000008007c6e                arch_early_memset
 .text.arch_early_memcpy
                0x0000000008007c72        0x4 zephyr/arch/common/libarch__common.a(init.c.obj)
                0x0000000008007c72                arch_early_memcpy
 .text.z_do_kernel_oops
                0x0000000008007c76        0x8 zephyr/arch/arch/arm/core/libarch__arm__core.a(fatal.c.obj)
                0x0000000008007c76                z_do_kernel_oops
 .text.z_arm_nmi
                0x0000000008007c7e        0xe zephyr/arch/arch/arm/core/libarch__arm__core.a(nmi.c.obj)
                0x0000000008007c7e                z_arm_nmi
 .text.z_irq_spurious
                0x0000000008007c8c        0x8 zephyr/arch/arch/arm/core/cortex_m/libarch__arm__core__cortex_m.a(irq_manage.c.obj)
                0x0000000008007c8c                z_irq_spurious
 .text.arch_coprocessors_disable
                0x0000000008007c94        0x6 zephyr/arch/arch/arm/core/cortex_m/libarch__arm__core__cortex_m.a(thread.c.obj)
                0x0000000008007c94                arch_coprocessors_disable
 .text.arch_irq_unlock_outlined
                0x0000000008007c9a        0xe zephyr/arch/arch/arm/core/cortex_m/libarch__arm__core__cortex_m.a(thread.c.obj)
                0x0000000008007c9a                arch_irq_unlock_outlined
 .text.arch_cpu_idle
                0x0000000008007ca8       0x1a zephyr/arch/arch/arm/core/cortex_m/libarch__arm__core__cortex_m.a(cpu_idle.c.obj)
                0x0000000008007ca8                arch_cpu_idle
 .text.size_to_mpu_rasr_size
                0x0000000008007cc2       0x20 zephyr/arch/arch/arm/core/mpu/libarch__arm__core__mpu.a(arm_mpu.c.obj)
 .text.cbputc   0x0000000008007ce2        0xc zephyr/lib/libc/picolibc/liblib__libc__picolibc.a(cbprintf.c.obj)
 .text.picolibc_put
                0x0000000008007cee        0xa zephyr/lib/libc/picolibc/liblib__libc__picolibc.a(stdio.c.obj)
 .text.foldcase
                0x0000000008007cf8       0x10 zephyr/lib/posix/c_lib_ext/liblib__posix__c_lib_ext.a(fnmatch.c.obj)
 .text.fnmatch  0x0000000008007d08       0x14 zephyr/lib/posix/c_lib_ext/liblib__posix__c_lib_ext.a(fnmatch.c.obj)
                0x0000000008007d08                fnmatch
 .text.stm32_exti_gpio_intc_init
                0x0000000008007d1c       0x92 zephyr/drivers/interrupt_controller/libdrivers__interrupt_controller.a(intc_gpio_stm32.c.obj)
 .text.stm32_gpio_intc_get_pin_irq_line
                0x0000000008007dae        0xa zephyr/drivers/interrupt_controller/libdrivers__interrupt_controller.a(intc_gpio_stm32.c.obj)
                0x0000000008007dae                stm32_gpio_intc_get_pin_irq_line
 .text.stm32_exti_set_line_src_port
                0x0000000008007db8       0x36 zephyr/drivers/interrupt_controller/libdrivers__interrupt_controller.a(intc_gpio_stm32.c.obj)
                0x0000000008007db8                stm32_exti_set_line_src_port
 .text.stm32_clock_control_on
                0x0000000008007dee       0x44 zephyr/drivers/clock_control/libdrivers__clock_control.a(clock_stm32_ll_common.c.obj)
 .text.stm32_clock_control_off
                0x0000000008007e32       0x2c zephyr/drivers/clock_control/libdrivers__clock_control.a(clock_stm32_ll_common.c.obj)
 .text.stm32_clock_control_configure
                0x0000000008007e5e       0x44 zephyr/drivers/clock_control/libdrivers__clock_control.a(clock_stm32_ll_common.c.obj)
 .text.stm32_clock_control_get_status
                0x0000000008007ea2       0x38 zephyr/drivers/clock_control/libdrivers__clock_control.a(clock_stm32_ll_common.c.obj)
 .text.config_regulator_voltage
                0x0000000008007eda        0x2 zephyr/drivers/clock_control/libdrivers__clock_control.a(clock_stm32_ll_common.c.obj)
                0x0000000008007eda                config_regulator_voltage
 .text.gpio_stm32_port_get_raw
                0x0000000008007edc        0xc zephyr/drivers/gpio/libdrivers__gpio.a(gpio_stm32.c.obj)
 .text.gpio_stm32_port_set_masked_raw
                0x0000000008007ee8       0x12 zephyr/drivers/gpio/libdrivers__gpio.a(gpio_stm32.c.obj)
 .text.gpio_stm32_port_set_bits_raw
                0x0000000008007efa        0xa zephyr/drivers/gpio/libdrivers__gpio.a(gpio_stm32.c.obj)
 .text.gpio_stm32_port_clear_bits_raw
                0x0000000008007f04        0xc zephyr/drivers/gpio/libdrivers__gpio.a(gpio_stm32.c.obj)
 .text.gpio_stm32_port_toggle_bits
                0x0000000008007f10        0xe zephyr/drivers/gpio/libdrivers__gpio.a(gpio_stm32.c.obj)
 .text.gpio_stm32_manage_callback
                0x0000000008007f1e       0x52 zephyr/drivers/gpio/libdrivers__gpio.a(gpio_stm32.c.obj)
 .text.gpio_stm32_config
                0x0000000008007f70       0xf0 zephyr/drivers/gpio/libdrivers__gpio.a(gpio_stm32.c.obj)
 .text.gpio_stm32_isr
                0x0000000008008060       0x2c zephyr/drivers/gpio/libdrivers__gpio.a(gpio_stm32.c.obj)
 .text.pinctrl_lookup_state
                0x000000000800808c       0x26 zephyr/drivers/pinctrl/libdrivers__pinctrl.a(common.c.obj)
                0x000000000800808c                pinctrl_lookup_state
 .text.pinctrl_configure_pins
                0x00000000080080b2       0x82 zephyr/drivers/pinctrl/libdrivers__pinctrl.a(pinctrl_stm32.c.obj)
                0x00000000080080b2                pinctrl_configure_pins
 .text.reset_stm32_status
                0x0000000008008134       0x20 zephyr/drivers/reset/libdrivers__reset.a(reset_stm32.c.obj)
 .text.reset_stm32_line_assert
                0x0000000008008154       0x1c zephyr/drivers/reset/libdrivers__reset.a(reset_stm32.c.obj)
 .text.reset_stm32_line_deassert
                0x0000000008008170       0x1e zephyr/drivers/reset/libdrivers__reset.a(reset_stm32.c.obj)
 .text.reset_stm32_line_toggle
                0x000000000800818e       0x16 zephyr/drivers/reset/libdrivers__reset.a(reset_stm32.c.obj)
 .text.LL_USART_ClearFlag_PE
                0x00000000080081a4       0x12 zephyr/drivers/serial/libdrivers__serial.a(uart_stm32.c.obj)
 .text.uart_stm32_err_check
                0x00000000080081b6       0x5e zephyr/drivers/serial/libdrivers__serial.a(uart_stm32.c.obj)
 .text.uart_stm32_irq_tx_enable
                0x0000000008008214       0x1e zephyr/drivers/serial/libdrivers__serial.a(uart_stm32.c.obj)
 .text.uart_stm32_irq_tx_disable
                0x0000000008008232       0x1e zephyr/drivers/serial/libdrivers__serial.a(uart_stm32.c.obj)
 .text.uart_stm32_irq_tx_ready
                0x0000000008008250       0x14 zephyr/drivers/serial/libdrivers__serial.a(uart_stm32.c.obj)
 .text.uart_stm32_irq_tx_complete
                0x0000000008008264        0xc zephyr/drivers/serial/libdrivers__serial.a(uart_stm32.c.obj)
 .text.uart_stm32_irq_rx_enable
                0x0000000008008270       0x1e zephyr/drivers/serial/libdrivers__serial.a(uart_stm32.c.obj)
 .text.uart_stm32_irq_rx_disable
                0x000000000800828e       0x1e zephyr/drivers/serial/libdrivers__serial.a(uart_stm32.c.obj)
 .text.uart_stm32_irq_rx_ready
                0x00000000080082ac        0xc zephyr/drivers/serial/libdrivers__serial.a(uart_stm32.c.obj)
 .text.uart_stm32_irq_is_pending
                0x00000000080082b8       0x24 zephyr/drivers/serial/libdrivers__serial.a(uart_stm32.c.obj)
 .text.uart_stm32_irq_update
                0x00000000080082dc        0x4 zephyr/drivers/serial/libdrivers__serial.a(uart_stm32.c.obj)
 .text.uart_stm32_irq_callback_set
                0x00000000080082e0        0x8 zephyr/drivers/serial/libdrivers__serial.a(uart_stm32.c.obj)
 .text.uart_stm32_isr
                0x00000000080082e8        0xc zephyr/drivers/serial/libdrivers__serial.a(uart_stm32.c.obj)
 .text.uart_stm32_irq_config_func_0
                0x00000000080082f4       0x16 zephyr/drivers/serial/libdrivers__serial.a(uart_stm32.c.obj)
 .text.uart_stm32_set_baudrate.isra.0
                0x000000000800830a       0x64 zephyr/drivers/serial/libdrivers__serial.a(uart_stm32.c.obj)
 .text.uart_stm32_poll_out
                0x000000000800836e       0x36 zephyr/drivers/serial/libdrivers__serial.a(uart_stm32.c.obj)
 .text.uart_stm32_poll_in
                0x00000000080083a4       0x22 zephyr/drivers/serial/libdrivers__serial.a(uart_stm32.c.obj)
 .text.uart_stm32_init
                0x00000000080083c6       0xb6 zephyr/drivers/serial/libdrivers__serial.a(uart_stm32.c.obj)
 .text.uart_stm32_fifo_read
                0x000000000800847c       0x42 zephyr/drivers/serial/libdrivers__serial.a(uart_stm32.c.obj)
 .text.uart_stm32_fifo_fill
                0x00000000080084be       0x50 zephyr/drivers/serial/libdrivers__serial.a(uart_stm32.c.obj)
 .text.uart_stm32_config_get
                0x000000000800850e       0x8e zephyr/drivers/serial/libdrivers__serial.a(uart_stm32.c.obj)
 .text.z_impl_k_busy_wait
                0x000000000800859c       0x1c zephyr/kernel/libkernel.a(busy_wait.c.obj)
                0x000000000800859c                z_impl_k_busy_wait
 .text.do_device_init
                0x00000000080085b8       0x30 zephyr/kernel/libkernel.a(device.c.obj)
                0x00000000080085b8                do_device_init
 .text.z_impl_device_init
                0x00000000080085e8       0x12 zephyr/kernel/libkernel.a(device.c.obj)
                0x00000000080085e8                z_impl_device_init
 .text.z_impl_device_is_ready
                0x00000000080085fa       0x16 zephyr/kernel/libkernel.a(device.c.obj)
                0x00000000080085fa                z_impl_device_is_ready
 .text.arch_system_halt
                0x0000000008008610       0x10 zephyr/kernel/libkernel.a(fatal.c.obj)
                0x0000000008008610                arch_system_halt
 .text.k_sys_fatal_error_handler
                0x0000000008008620        0x6 zephyr/kernel/libkernel.a(fatal.c.obj)
                0x0000000008008620                k_sys_fatal_error_handler
 .text.z_heap_alloc_helper
                0x0000000008008626       0x84 zephyr/kernel/libkernel.a(kheap.c.obj)
 .text.k_heap_init
                0x00000000080086aa       0x10 zephyr/kernel/libkernel.a(kheap.c.obj)
                0x00000000080086aa                k_heap_init
 .text.k_heap_free
                0x00000000080086ba       0x38 zephyr/kernel/libkernel.a(kheap.c.obj)
                0x00000000080086ba                k_heap_free
 .text.idle     0x00000000080086f2       0x16 zephyr/kernel/libkernel.a(idle.c.obj)
                0x00000000080086f2                idle
 .text.z_impl_k_sem_init
                0x0000000008008708       0x18 zephyr/kernel/libkernel.a(sem.c.obj)
                0x0000000008008708                z_impl_k_sem_init
 .text.k_thread_name_get
                0x0000000008008720        0x4 zephyr/kernel/libkernel.a(thread.c.obj)
                0x0000000008008720                k_thread_name_get
 .text.z_stack_space_get
                0x0000000008008724       0x18 zephyr/kernel/libkernel.a(thread.c.obj)
                0x0000000008008724                z_stack_space_get
 .text.z_impl_k_thread_stack_space_get
                0x000000000800873c        0xa zephyr/kernel/libkernel.a(thread.c.obj)
                0x000000000800873c                z_impl_k_thread_stack_space_get
 .text.sys_dlist_remove
                0x0000000008008746       0x10 zephyr/kernel/libkernel.a(sched.c.obj)
 .text.unpend_thread_no_timeout
                0x0000000008008756       0x14 zephyr/kernel/libkernel.a(sched.c.obj)
 .text.add_to_waitq_locked
                0x000000000800876a       0x50 zephyr/kernel/libkernel.a(sched.c.obj)
 .text.z_ready_thread
                0x00000000080087ba       0x1e zephyr/kernel/libkernel.a(sched.c.obj)
                0x00000000080087ba                z_ready_thread
 .text.z_impl_k_thread_resume
                0x00000000080087d8       0x34 zephyr/kernel/libkernel.a(sched.c.obj)
                0x00000000080087d8                z_impl_k_thread_resume
 .text.z_unpend_thread_no_timeout
                0x000000000800880c       0x22 zephyr/kernel/libkernel.a(sched.c.obj)
                0x000000000800880c                z_unpend_thread_no_timeout
 .text.z_sched_wake_thread_locked
                0x000000000800882e       0x28 zephyr/kernel/libkernel.a(sched.c.obj)
                0x000000000800882e                z_sched_wake_thread_locked
 .text.z_thread_timeout
                0x0000000008008856       0x20 zephyr/kernel/libkernel.a(sched.c.obj)
                0x0000000008008856                z_thread_timeout
 .text.z_unpend1_no_timeout
                0x0000000008008876       0x2c zephyr/kernel/libkernel.a(sched.c.obj)
                0x0000000008008876                z_unpend1_no_timeout
 .text.z_unpend_thread
                0x00000000080088a2       0x10 zephyr/kernel/libkernel.a(sched.c.obj)
                0x00000000080088a2                z_unpend_thread
 .text.z_reschedule
                0x00000000080088b2        0x6 zephyr/kernel/libkernel.a(sched.c.obj)
                0x00000000080088b2                z_reschedule
 .text.z_unpend_all
                0x00000000080088b8       0x28 zephyr/kernel/libkernel.a(sched.c.obj)
                0x00000000080088b8                z_unpend_all
 .text.z_impl_k_sleep
                0x00000000080088e0       0x3e zephyr/kernel/libkernel.a(sched.c.obj)
                0x00000000080088e0                z_impl_k_sleep
 .text.z_impl_k_wakeup
                0x000000000800891e       0x40 zephyr/kernel/libkernel.a(sched.c.obj)
                0x000000000800891e                z_impl_k_wakeup
 .text.z_sched_waitq_walk
                0x000000000800895e       0x62 zephyr/kernel/libkernel.a(sched.c.obj)
                0x000000000800895e                z_sched_waitq_walk
 .text.next_timeout
                0x00000000080089c0       0x2e zephyr/kernel/libkernel.a(timeout.c.obj)
 .text.z_abort_timeout
                0x00000000080089ee       0x50 zephyr/kernel/libkernel.a(timeout.c.obj)
                0x00000000080089ee                z_abort_timeout
 .text.sys_clock_tick_get_32
                0x0000000008008a3e        0x8 zephyr/kernel/libkernel.a(timeout.c.obj)
                0x0000000008008a3e                sys_clock_tick_get_32
 .text.z_impl_k_uptime_ticks
                0x0000000008008a46        0x4 zephyr/kernel/libkernel.a(timeout.c.obj)
                0x0000000008008a46                z_impl_k_uptime_ticks
 .text.sys_timepoint_calc
                0x0000000008008a4a       0x4a zephyr/kernel/libkernel.a(timeout.c.obj)
                0x0000000008008a4a                sys_timepoint_calc
 .text.sys_timepoint_timeout
                0x0000000008008a94       0x42 zephyr/kernel/libkernel.a(timeout.c.obj)
                0x0000000008008a94                sys_timepoint_timeout
 .text.z_impl_k_timer_stop
                0x0000000008008ad6       0x38 zephyr/kernel/libkernel.a(timer.c.obj)
                0x0000000008008ad6                z_impl_k_timer_stop
 .text.k_event_wait_internal
                0x0000000008008b0e       0x86 zephyr/kernel/libkernel.a(events.c.obj)
 .text.event_walk_op
                0x0000000008008b94       0x3e zephyr/kernel/libkernel.a(events.c.obj)
 .text.z_impl_k_event_init
                0x0000000008008bd2        0xa zephyr/kernel/libkernel.a(events.c.obj)
                0x0000000008008bd2                z_impl_k_event_init
 .text.z_impl_k_event_post
                0x0000000008008bdc        0x6 zephyr/kernel/libkernel.a(events.c.obj)
                0x0000000008008bdc                z_impl_k_event_post
 .text.z_impl_k_event_clear
                0x0000000008008be2        0x8 zephyr/kernel/libkernel.a(events.c.obj)
                0x0000000008008be2                z_impl_k_event_clear
 .text.z_impl_k_event_wait
                0x0000000008008bea        0x6 zephyr/kernel/libkernel.a(events.c.obj)
                0x0000000008008bea                z_impl_k_event_wait
 .text.memcpy   0x0000000008008bf0       0x1c /home/mustafa/zephyr-sdk-0.17.4/arm-zephyr-eabi/bin/../lib/gcc/../../picolibc/arm-zephyr-eabi/lib/thumb/v7e-m/nofp/libc.a(memcpy.c.o)
                0x0000000008008bf0                memcpy
                0x0000000008008bf0                __aeabi_memcpy
                0x0000000008008bf0                __aeabi_memcpy4
                0x0000000008008bf0                __aeabi_memcpy8
 .text.memmove  0x0000000008008c0c       0x34 /home/mustafa/zephyr-sdk-0.17.4/arm-zephyr-eabi/bin/../lib/gcc/../../picolibc/arm-zephyr-eabi/lib/thumb/v7e-m/nofp/libc.a(memmove.c.o)
                0x0000000008008c0c                memmove
                0x0000000008008c0c                __aeabi_memmove8
                0x0000000008008c0c                __aeabi_memmove
                0x0000000008008c0c                __aeabi_memmove4
 .text.memset   0x0000000008008c40       0x10 /home/mustafa/zephyr-sdk-0.17.4/arm-zephyr-eabi/bin/../lib/gcc/../../picolibc/arm-zephyr-eabi/lib/thumb/v7e-m/nofp/libc.a(memset.c.o)
                0x0000000008008c40                memset
 .text.memcmp   0x0000000008008c50       0x20 /home/mustafa/zephyr-sdk-0.17.4/arm-zephyr-eabi/bin/../lib/gcc/../../picolibc/arm-zephyr-eabi/lib/thumb/v7e-m/nofp/libc.a(libc_string_memcmp.c.o)
                0x0000000008008c50                memcmp
 .text.strchr   0x0000000008008c70       0x1a /home/mustafa/zephyr-sdk-0.17.4/arm-zephyr-eabi/bin/../lib/gcc/../../picolibc/arm-zephyr-eabi/lib/thumb/v7e-m/nofp/libc.a(libc_string_strchr.c.o)
                0x0000000008008c70                strchr
 .text.strncmp  0x0000000008008c8a       0x24 /home/mustafa/zephyr-sdk-0.17.4/arm-zephyr-eabi/bin/../lib/gcc/../../picolibc/arm-zephyr-eabi/lib/thumb/v7e-m/nofp/libc.a(libc_string_strncmp.c.o)
                0x0000000008008c8a                strncmp
 .text.strncpy  0x0000000008008cae       0x20 /home/mustafa/zephyr-sdk-0.17.4/arm-zephyr-eabi/bin/../lib/gcc/../../picolibc/arm-zephyr-eabi/lib/thumb/v7e-m/nofp/libc.a(libc_string_strncpy.c.o)
                0x0000000008008cae                strncpy
 .text.strnlen  0x0000000008008cce       0x18 /home/mustafa/zephyr-sdk-0.17.4/arm-zephyr-eabi/bin/../lib/gcc/../../picolibc/arm-zephyr-eabi/lib/thumb/v7e-m/nofp/libc.a(libc_string_strnlen.c.o)
                0x0000000008008cce                strnlen
 .text.strstr   0x0000000008008ce6       0x2c /home/mustafa/zephyr-sdk-0.17.4/arm-zephyr-eabi/bin/../lib/gcc/../../picolibc/arm-zephyr-eabi/lib/thumb/v7e-m/nofp/libc.a(libc_string_strstr.c.o)
                0x0000000008008ce6                strstr
 .text.__ultoa_invert
                0x0000000008008d12       0xae /home/mustafa/zephyr-sdk-0.17.4/arm-zephyr-eabi/bin/../lib/gcc/../../picolibc/arm-zephyr-eabi/lib/thumb/v7e-m/nofp/libc.a(libc_tinystdio_vflprintf.c.o)
 .text.__file_str_put
                0x0000000008008dc0       0x10 /home/mustafa/zephyr-sdk-0.17.4/arm-zephyr-eabi/bin/../lib/gcc/../../picolibc/arm-zephyr-eabi/lib/thumb/v7e-m/nofp/libc.a(libc_tinystdio_filestrput.c.o)
                0x0000000008008dc0                __file_str_put
 *(SORT_BY_ALIGNMENT(.gnu.linkonce.t.*))
 *(SORT_BY_ALIGNMENT(.glue_7t))
 .glue_7t       0x0000000008008dd0        0x0 linker stubs
 *(SORT_BY_ALIGNMENT(.glue_7))
 .glue_7        0x0000000008008dd0        0x0 linker stubs
 *(SORT_BY_ALIGNMENT(.vfp11_veneer))
 .vfp11_veneer  0x0000000008008dd0        0x0 linker stubs
 *(SORT_BY_ALIGNMENT(.v4_bx))
 .v4_bx         0x0000000008008dd0        0x0 linker stubs
                0x0000000008008dd0                . = ALIGN (0x4)
                0x0000000008008dd0                __text_region_end = .

.ARM.exidx      0x0000000008008dd0        0x8
                0x0000000008008dd0                __exidx_start = .
 *(SORT_BY_ALIGNMENT(.ARM.exidx*) SORT_BY_ALIGNMENT(gnu.linkonce.armexidx.*))
 .ARM.exidx     0x0000000008008dd0        0x8 /home/mustafa/zephyr-sdk-0.17.4/arm-zephyr-eabi/bin/../lib/gcc/arm-zephyr-eabi/12.2.0/thumb/v7e-m/nofp/libgcc.a(_udivmoddi4.o)
                0x0000000008008dd8                __exidx_end = .
                0x0000000008008dd8                __rodata_region_start = .

initlevel       0x0000000008008dd8       0x98
                0x0000000008008dd8                __init_start = .
                0x0000000008008dd8                __init_EARLY_start = .
 *(SORT_BY_NAME(SORT_BY_ALIGNMENT(.z_init_EARLY_P_?_*)))
 *(SORT_BY_NAME(SORT_BY_ALIGNMENT(.z_init_EARLY_P_??_*)))
 *(SORT_BY_NAME(SORT_BY_ALIGNMENT(.z_init_EARLY_P_???_*)))
                0x0000000008008dd8                __init_PRE_KERNEL_1_start = .
 *(SORT_BY_NAME(SORT_BY_ALIGNMENT(.z_init_PRE_KERNEL_1_P_?_*)))
 .z_init_PRE_KERNEL_1_P_1_SUB_00008_
                0x0000000008008dd8        0x8 zephyr/drivers/clock_control/libdrivers__clock_control.a(clock_stm32_ll_common.c.obj)
 .z_init_PRE_KERNEL_1_P_1_SUB_0_
                0x0000000008008de0        0x8 zephyr/libzephyr.a(soc_config.c.obj)
 *(SORT_BY_NAME(SORT_BY_ALIGNMENT(.z_init_PRE_KERNEL_1_P_??_*)))
 .z_init_PRE_KERNEL_1_P_30_SUB_0_
                0x0000000008008de8        0x8 zephyr/kernel/libkernel.a(kheap.c.obj)
 .z_init_PRE_KERNEL_1_P_35_SUB_00055_
                0x0000000008008df0        0x8 zephyr/drivers/reset/libdrivers__reset.a(reset_stm32.c.obj)
 .z_init_PRE_KERNEL_1_P_40_SUB_00038_
                0x0000000008008df8        0x8 zephyr/libzephyr.a(gpioport_mgr.c.obj)
 .z_init_PRE_KERNEL_1_P_40_SUB_00041_
                0x0000000008008e00        0x8 zephyr/libzephyr.a(gpioport_mgr.c.obj)
 .z_init_PRE_KERNEL_1_P_40_SUB_00054_
                0x0000000008008e08        0x8 zephyr/drivers/interrupt_controller/libdrivers__interrupt_controller.a(intc_exti_stm32.c.obj)
 .z_init_PRE_KERNEL_1_P_40_SUB_00084_
                0x0000000008008e10        0x8 zephyr/libzephyr.a(gpioport_mgr.c.obj)
 .z_init_PRE_KERNEL_1_P_40_SUB_00085_
                0x0000000008008e18        0x8 zephyr/libzephyr.a(gpioport_mgr.c.obj)
 .z_init_PRE_KERNEL_1_P_40_SUB_00086_
                0x0000000008008e20        0x8 zephyr/libzephyr.a(gpioport_mgr.c.obj)
 .z_init_PRE_KERNEL_1_P_40_SUB_00087_
                0x0000000008008e28        0x8 zephyr/libzephyr.a(gpioport_mgr.c.obj)
 .z_init_PRE_KERNEL_1_P_40_SUB_00088_
                0x0000000008008e30        0x8 zephyr/libzephyr.a(gpioport_mgr.c.obj)
 .z_init_PRE_KERNEL_1_P_40_SUB_00089_
                0x0000000008008e38        0x8 zephyr/libzephyr.a(gpioport_mgr.c.obj)
 .z_init_PRE_KERNEL_1_P_40_SUB_0_
                0x0000000008008e40        0x8 zephyr/drivers/interrupt_controller/libdrivers__interrupt_controller.a(intc_gpio_stm32.c.obj)
 .z_init_PRE_KERNEL_1_P_50_SUB_00060_
                0x0000000008008e48        0x8 zephyr/drivers/serial/libdrivers__serial.a(uart_stm32.c.obj)
 .z_init_PRE_KERNEL_1_P_60_SUB_0_
                0x0000000008008e50        0x8 zephyr/drivers/console/libdrivers__console.a(uart_console.c.obj)
 *(SORT_BY_NAME(SORT_BY_ALIGNMENT(.z_init_PRE_KERNEL_1_P_???_*)))
                0x0000000008008e58                __init_PRE_KERNEL_2_start = .
 *(SORT_BY_NAME(SORT_BY_ALIGNMENT(.z_init_PRE_KERNEL_2_P_?_*)))
 .z_init_PRE_KERNEL_2_P_0_SUB_0_
                0x0000000008008e58        0x8 zephyr/drivers/timer/libdrivers__timer.a(cortex_m_systick.c.obj)
 *(SORT_BY_NAME(SORT_BY_ALIGNMENT(.z_init_PRE_KERNEL_2_P_??_*)))
 *(SORT_BY_NAME(SORT_BY_ALIGNMENT(.z_init_PRE_KERNEL_2_P_???_*)))
                0x0000000008008e60                __init_POST_KERNEL_start = .
 *(SORT_BY_NAME(SORT_BY_ALIGNMENT(.z_init_POST_KERNEL_P_?_*)))
 *(SORT_BY_NAME(SORT_BY_ALIGNMENT(.z_init_POST_KERNEL_P_??_*)))
 .z_init_POST_KERNEL_P_35_SUB_0_
                0x0000000008008e60        0x8 zephyr/lib/libc/common/liblib__libc__common.a(malloc.c.obj)
 .z_init_POST_KERNEL_P_90_SUB_0_
                0x0000000008008e68        0x8 zephyr/libzephyr.a(shell_uart.c.obj)
 *(SORT_BY_NAME(SORT_BY_ALIGNMENT(.z_init_POST_KERNEL_P_???_*)))
                0x0000000008008e70                __init_APPLICATION_start = .
 *(SORT_BY_NAME(SORT_BY_ALIGNMENT(.z_init_APPLICATION_P_?_*)))
 *(SORT_BY_NAME(SORT_BY_ALIGNMENT(.z_init_APPLICATION_P_??_*)))
 *(SORT_BY_NAME(SORT_BY_ALIGNMENT(.z_init_APPLICATION_P_???_*)))
                0x0000000008008e70                __init_SMP_start = .
 *(SORT_BY_NAME(SORT_BY_ALIGNMENT(.z_init_SMP_P_?_*)))
 *(SORT_BY_NAME(SORT_BY_ALIGNMENT(.z_init_SMP_P_??_*)))
 *(SORT_BY_NAME(SORT_BY_ALIGNMENT(.z_init_SMP_P_???_*)))
                0x0000000008008e70                __init_end = .

device_area     0x0000000008008e70      0x180
                0x0000000008008e70                _device_list_start = .
 *(SORT_BY_NAME(SORT_BY_ALIGNMENT(._device.static.*_?_*)))
 ._device.static.1_1_
                0x0000000008008e70       0x20 zephyr/drivers/clock_control/libdrivers__clock_control.a(clock_stm32_ll_common.c.obj)
                0x0000000008008e70                __device_dts_ord_8
 *(SORT_BY_NAME(SORT_BY_ALIGNMENT(._device.static.*_??_*)))
 ._device.static.1_35_
                0x0000000008008e90       0x20 zephyr/drivers/reset/libdrivers__reset.a(reset_stm32.c.obj)
                0x0000000008008e90                __device_dts_ord_55
 ._device.static.1_40_
                0x0000000008008eb0      0x100 zephyr/libzephyr.a(gpioport_mgr.c.obj)
                0x0000000008008eb0                __device_dts_ord_89
                0x0000000008008ed0                __device_dts_ord_88
                0x0000000008008ef0                __device_dts_ord_87
                0x0000000008008f10                __device_dts_ord_86
                0x0000000008008f30                __device_dts_ord_85
                0x0000000008008f50                __device_dts_ord_41
                0x0000000008008f70                __device_dts_ord_84
                0x0000000008008f90                __device_dts_ord_38
 ._device.static.1_40_
                0x0000000008008fb0       0x20 zephyr/drivers/interrupt_controller/libdrivers__interrupt_controller.a(intc_exti_stm32.c.obj)
                0x0000000008008fb0                __device_dts_ord_54
 ._device.static.1_50_
                0x0000000008008fd0       0x20 zephyr/drivers/serial/libdrivers__serial.a(uart_stm32.c.obj)
                0x0000000008008fd0                __device_dts_ord_60
 *(SORT_BY_NAME(SORT_BY_ALIGNMENT(._device.static.*_???_*)))
 *(SORT_BY_NAME(SORT_BY_ALIGNMENT(._device.static.*_????_*)))
 *(SORT_BY_NAME(SORT_BY_ALIGNMENT(._device.static.*_?????_*)))
                0x0000000008008ff0                _device_list_end = .

sw_isr_table    0x0000000008008ff0      0x2a8
                0x0000000008008ff0                . = ALIGN (0x4)
 *(SORT_BY_ALIGNMENT(.gnu.linkonce.sw_isr_table*))
 .gnu.linkonce.sw_isr_table
                0x0000000008008ff0      0x2a8 zephyr/arch/common/libisr_tables.a(isr_tables.c.obj)
                0x0000000008008ff0                _sw_isr_table

initlevel_error
                0x0000000008008dd8        0x0
 *(SORT_BY_NAME(SORT_BY_ALIGNMENT(.z_init_*)))
                0x0000000000000001                ASSERT ((SIZEOF (initlevel_error) == 0x0), Undefined initialization levels used.)

app_shmem_regions
                0x0000000008009298        0x0
                0x0000000008009298                __app_shmem_regions_start = .
 *(SORT_BY_NAME(SORT_BY_ALIGNMENT(.app_regions.*)))
                0x0000000008009298                __app_shmem_regions_end = .

k_p4wq_initparam_area
                0x0000000008009298        0x0
                0x0000000008009298                _k_p4wq_initparam_list_start = .
 *(SORT_BY_NAME(SORT_BY_ALIGNMENT(._k_p4wq_initparam.static.*)))
                0x0000000008009298                _k_p4wq_initparam_list_end = .

_static_thread_data_area
                0x0000000008009298        0x0
                0x0000000008009298                __static_thread_data_list_start = .
 *(SORT_BY_NAME(SORT_BY_ALIGNMENT(.__static_thread_data.static.*)))
                0x0000000008009298                __static_thread_data_list_end = .

device_deps     0x0000000008009298        0x0
                0x0000000008009298                __device_deps_start = .
 *(SORT_BY_NAME(SORT_BY_ALIGNMENT(.__device_deps_pass2*)))
                0x0000000008009298                __device_deps_end = .

gpio_driver_api_area
                0x0000000008009298       0x24
                0x0000000008009298                _gpio_driver_api_list_start = .
 *(SORT_BY_NAME(SORT_BY_ALIGNMENT(._gpio_driver_api.static.*)))
 ._gpio_driver_api.static.gpio_stm32_driver_
                0x0000000008009298       0x24 zephyr/drivers/gpio/libdrivers__gpio.a(gpio_stm32.c.obj)
                0x0000000008009298                gpio_stm32_driver
                0x00000000080092bc                _gpio_driver_api_list_end = .

reset_driver_api_area
                0x00000000080092bc       0x10
                0x00000000080092bc                _reset_driver_api_list_start = .
 *(SORT_BY_NAME(SORT_BY_ALIGNMENT(._reset_driver_api.static.*)))
 ._reset_driver_api.static.reset_stm32_driver_api_
                0x00000000080092bc       0x10 zephyr/drivers/reset/libdrivers__reset.a(reset_stm32.c.obj)
                0x00000000080092cc                _reset_driver_api_list_end = .

shared_irq_driver_api_area
                0x00000000080092cc        0x0
                0x00000000080092cc                _shared_irq_driver_api_list_start = .
 *(SORT_BY_NAME(SORT_BY_ALIGNMENT(._shared_irq_driver_api.static.*)))
                0x00000000080092cc                _shared_irq_driver_api_list_end = .

crypto_driver_api_area
                0x00000000080092cc        0x0
                0x00000000080092cc                _crypto_driver_api_list_start = .
 *(SORT_BY_NAME(SORT_BY_ALIGNMENT(._crypto_driver_api.static.*)))
                0x00000000080092cc                _crypto_driver_api_list_end = .

adc_driver_api_area
                0x00000000080092cc        0x0
                0x00000000080092cc                _adc_driver_api_list_start = .
 *(SORT_BY_NAME(SORT_BY_ALIGNMENT(._adc_driver_api.static.*)))
                0x00000000080092cc                _adc_driver_api_list_end = .

auxdisplay_driver_api_area
                0x00000000080092cc        0x0
                0x00000000080092cc                _auxdisplay_driver_api_list_start = .
 *(SORT_BY_NAME(SORT_BY_ALIGNMENT(._auxdisplay_driver_api.static.*)))
                0x00000000080092cc                _auxdisplay_driver_api_list_end = .

bbram_driver_api_area
                0x00000000080092cc        0x0
                0x00000000080092cc                _bbram_driver_api_list_start = .
 *(SORT_BY_NAME(SORT_BY_ALIGNMENT(._bbram_driver_api.static.*)))
                0x00000000080092cc                _bbram_driver_api_list_end = .

biometric_driver_api_area
                0x00000000080092cc        0x0
                0x00000000080092cc                _biometric_driver_api_list_start = .
 *(SORT_BY_NAME(SORT_BY_ALIGNMENT(._biometric_driver_api.static.*)))
                0x00000000080092cc                _biometric_driver_api_list_end = .

bt_hci_driver_api_area
                0x00000000080092cc        0x0
                0x00000000080092cc                _bt_hci_driver_api_list_start = .
 *(SORT_BY_NAME(SORT_BY_ALIGNMENT(._bt_hci_driver_api.static.*)))
                0x00000000080092cc                _bt_hci_driver_api_list_end = .

can_driver_api_area
                0x00000000080092cc        0x0
                0x00000000080092cc                _can_driver_api_list_start = .
 *(SORT_BY_NAME(SORT_BY_ALIGNMENT(._can_driver_api.static.*)))
                0x00000000080092cc                _can_driver_api_list_end = .

cellular_driver_api_area
                0x00000000080092cc        0x0
                0x00000000080092cc                _cellular_driver_api_list_start = .
 *(SORT_BY_NAME(SORT_BY_ALIGNMENT(._cellular_driver_api.static.*)))
                0x00000000080092cc                _cellular_driver_api_list_end = .

charger_driver_api_area
                0x00000000080092cc        0x0
                0x00000000080092cc                _charger_driver_api_list_start = .
 *(SORT_BY_NAME(SORT_BY_ALIGNMENT(._charger_driver_api.static.*)))
                0x00000000080092cc                _charger_driver_api_list_end = .

clock_control_driver_api_area
                0x00000000080092cc       0x1c
                0x00000000080092cc                _clock_control_driver_api_list_start = .
 *(SORT_BY_NAME(SORT_BY_ALIGNMENT(._clock_control_driver_api.static.*)))
 ._clock_control_driver_api.static.stm32_clock_control_api_
                0x00000000080092cc       0x1c zephyr/drivers/clock_control/libdrivers__clock_control.a(clock_stm32_ll_common.c.obj)
                0x00000000080092e8                _clock_control_driver_api_list_end = .

comparator_driver_api_area
                0x00000000080092e8        0x0
                0x00000000080092e8                _comparator_driver_api_list_start = .
 *(SORT_BY_NAME(SORT_BY_ALIGNMENT(._comparator_driver_api.static.*)))
                0x00000000080092e8                _comparator_driver_api_list_end = .

coredump_driver_api_area
                0x00000000080092e8        0x0
                0x00000000080092e8                _coredump_driver_api_list_start = .
 *(SORT_BY_NAME(SORT_BY_ALIGNMENT(._coredump_driver_api.static.*)))
                0x00000000080092e8                _coredump_driver_api_list_end = .

counter_driver_api_area
                0x00000000080092e8        0x0
                0x00000000080092e8                _counter_driver_api_list_start = .
 *(SORT_BY_NAME(SORT_BY_ALIGNMENT(._counter_driver_api.static.*)))
                0x00000000080092e8                _counter_driver_api_list_end = .

crc_driver_api_area
                0x00000000080092e8        0x0
                0x00000000080092e8                _crc_driver_api_list_start = .
 *(SORT_BY_NAME(SORT_BY_ALIGNMENT(._crc_driver_api.static.*)))
                0x00000000080092e8                _crc_driver_api_list_end = .

dac_driver_api_area
                0x00000000080092e8        0x0
                0x00000000080092e8                _dac_driver_api_list_start = .
 *(SORT_BY_NAME(SORT_BY_ALIGNMENT(._dac_driver_api.static.*)))
                0x00000000080092e8                _dac_driver_api_list_end = .

dai_driver_api_area
                0x00000000080092e8        0x0
                0x00000000080092e8                _dai_driver_api_list_start = .
 *(SORT_BY_NAME(SORT_BY_ALIGNMENT(._dai_driver_api.static.*)))
                0x00000000080092e8                _dai_driver_api_list_end = .

display_driver_api_area
                0x00000000080092e8        0x0
                0x00000000080092e8                _display_driver_api_list_start = .
 *(SORT_BY_NAME(SORT_BY_ALIGNMENT(._display_driver_api.static.*)))
                0x00000000080092e8                _display_driver_api_list_end = .

dma_driver_api_area
                0x00000000080092e8        0x0
                0x00000000080092e8                _dma_driver_api_list_start = .
 *(SORT_BY_NAME(SORT_BY_ALIGNMENT(._dma_driver_api.static.*)))
                0x00000000080092e8                _dma_driver_api_list_end = .

edac_driver_api_area
                0x00000000080092e8        0x0
                0x00000000080092e8                _edac_driver_api_list_start = .
 *(SORT_BY_NAME(SORT_BY_ALIGNMENT(._edac_driver_api.static.*)))
                0x00000000080092e8                _edac_driver_api_list_end = .

eeprom_driver_api_area
                0x00000000080092e8        0x0
                0x00000000080092e8                _eeprom_driver_api_list_start = .
 *(SORT_BY_NAME(SORT_BY_ALIGNMENT(._eeprom_driver_api.static.*)))
                0x00000000080092e8                _eeprom_driver_api_list_end = .
