Archive member included to satisfy reference by file (symbol)

app/libapp.a(main.c.obj)      (--whole-archive)
app/libapp.a(dut_dio.c.obj)   (--whole-archive)
app/libapp.a(dut_spi.c.obj)   (--whole-archive)
zephyr/libzephyr.a(validate_libc.c.obj)
                              (--whole-archive)
zephyr/libzephyr.a(heap.c.obj)
                              (--whole-archive)
zephyr/libzephyr.a(cbprintf_packaged.c.obj)
                              (--whole-archive)
zephyr/libzephyr.a(clock.c.obj)
                              (--whole-archive)
zephyr/libzephyr.a(printk.c.obj)
                              (--whole-archive)
zephyr/libzephyr.a(sem.c.obj)
                              (--whole-archive)
zephyr/libzephyr.a(thread_entry.c.obj)
                              (--whole-archive)
zephyr/libzephyr.a(cbprintf_complete.c.obj)
                              (--whole-archive)
zephyr/libzephyr.a(assert.c.obj)
                              (--whole-archive)
zephyr/libzephyr.a(dec.c.obj)
                              (--whole-archive)
zephyr/libzephyr.a(hex.c.obj)
                              (--whole-archive)
zephyr/libzephyr.a(rb.c.obj)  (--whole-archive)
zephyr/libzephyr.a(timeutil.c.obj)
                              (--whole-archive)
zephyr/libzephyr.a(bitarray.c.obj)
                              (--whole-archive)
zephyr/libzephyr.a(bitmask.c.obj)
                              (--whole-archive)
zephyr/libzephyr.a(getopt.c.obj)
                              (--whole-archive)
zephyr/libzephyr.a(getopt_common.c.obj)
                              (--whole-archive)
zephyr/libzephyr.a(ring_buffer.c.obj)
                              (--whole-archive)
zephyr/libzephyr.a(last_section_id.c.obj)
                              (--whole-archive)
zephyr/libzephyr.a(configs.c.obj)
                              (--whole-archive)
zephyr/libzephyr.a(stm32cube_hal.c.obj)
                              (--whole-archive)
zephyr/libzephyr.a(soc_config.c.obj)
                              (--whole-archive)
zephyr/libzephyr.a(gpioport_mgr.c.obj)
                              (--whole-archive)
zephyr/libzephyr.a(stm32_backup_domain.c.obj)
                              (--whole-archive)
zephyr/libzephyr.a(soc.c.obj)
                              (--whole-archive)
zephyr/libzephyr.a(mem_attr.c.obj)
                              (--whole-archive)
zephyr/libzephyr.a(tracing_none.c.obj)
                              (--whole-archive)
zephyr/arch/common/libarch__common.a(sw_isr_common.c.obj)
                              (--whole-archive)
zephyr/arch/common/libarch__common.a(init.c.obj)
                              (--whole-archive)
zephyr/arch/common/libarch__common.a(xip.c.obj)
                              (--whole-archive)
zephyr/arch/arch/arm/core/libarch__arm__core.a(fatal.c.obj)
                              (--whole-archive)
zephyr/arch/arch/arm/core/libarch__arm__core.a(nmi.c.obj)
                              (--whole-archive)
zephyr/arch/arch/arm/core/libarch__arm__core.a(nmi_on_reset.S.obj)
                              (--whole-archive)
zephyr/arch/arch/arm/core/libarch__arm__core.a(tls.c.obj)
                              (--whole-archive)
zephyr/arch/arch/arm/core/cortex_m/libarch__arm__core__cortex_m.a(fault.c.obj)
                              (--whole-archive)
zephyr/arch/arch/arm/core/cortex_m/libarch__arm__core__cortex_m.a(fault_s.S.obj)
                              (--whole-archive)
zephyr/arch/arch/arm/core/cortex_m/libarch__arm__core__cortex_m.a(fpu.c.obj)
                              (--whole-archive)
zephyr/arch/arch/arm/core/cortex_m/libarch__arm__core__cortex_m.a(reset.S.obj)
                              (--whole-archive)
zephyr/arch/arch/arm/core/cortex_m/libarch__arm__core__cortex_m.a(scb.c.obj)
                              (--whole-archive)
zephyr/arch/arch/arm/core/cortex_m/libarch__arm__core__cortex_m.a(vector_table.S.obj)
                              (--whole-archive)
zephyr/arch/arch/arm/core/cortex_m/libarch__arm__core__cortex_m.a(svc.S.obj)
                              (--whole-archive)
zephyr/arch/arch/arm/core/cortex_m/libarch__arm__core__cortex_m.a(irq_manage.c.obj)
                              (--whole-archive)
zephyr/arch/arch/arm/core/cortex_m/libarch__arm__core__cortex_m.a(prep_c.c.obj)
                              (--whole-archive)
zephyr/arch/arch/arm/core/cortex_m/libarch__arm__core__cortex_m.a(thread.c.obj)
                              (--whole-archive)
zephyr/arch/arch/arm/core/cortex_m/libarch__arm__core__cortex_m.a(cpu_idle.c.obj)
                              (--whole-archive)
zephyr/arch/arch/arm/core/cortex_m/libarch__arm__core__cortex_m.a(exc_exit.c.obj)
                              (--whole-archive)
zephyr/arch/arch/arm/core/cortex_m/libarch__arm__core__cortex_m.a(thread_abort.c.obj)
                              (--whole-archive)
zephyr/arch/arch/arm/core/cortex_m/libarch__arm__core__cortex_m.a(swap_helper.S.obj)
                              (--whole-archive)
[...]
Memory Configuration

Name             Origin             Length             Attributes
FLASH            0x0000000008000000 0x0000000000040000 xr
RAM              0x0000000020000000 0x0000000000010000 xw
SRAM0            0x0000000020000000 0x0000000000010000 rw
IDT_LIST         0x00000000ffff7fff 0x0000000000008000 xw
*default*        0x0000000000000000 0xffffffffffffffff

Linker script and memory map

                0x0000000008002d48                vfprintf = __l_vfprintf
                0x0000000000000000                vfscanf = __l_vfscanf
LOAD zephyr/CMakeFiles/zephyr_pre0.dir/misc/empty_file.c.obj
LOAD zephyr/CMakeFiles/offsets.dir/./arch/arm/core/offsets/offsets.c.obj
LOAD app/libapp.a
LOAD zephyr/libzephyr.a
LOAD zephyr/arch/common/libarch__common.a
LOAD zephyr/arch/arch/arm/core/libarch__arm__core.a
LOAD zephyr/arch/arch/arm/core/cortex_m/libarch__arm__core__cortex_m.a
LOAD zephyr/arch/arch/arm/core/mpu/libarch__arm__core__mpu.a
LOAD zephyr/lib/libc/picolibc/liblib__libc__picolibc.a
LOAD zephyr/lib/libc/common/liblib__libc__common.a
LOAD zephyr/lib/posix/c_lib_ext/liblib__posix__c_lib_ext.a
LOAD zephyr/drivers/interrupt_controller/libdrivers__interrupt_controller.a
LOAD zephyr/drivers/clock_control/libdrivers__clock_control.a
LOAD zephyr/drivers/console/libdrivers__console.a
LOAD zephyr/drivers/gpio/libdrivers__gpio.a
LOAD zephyr/drivers/pinctrl/libdrivers__pinctrl.a
LOAD zephyr/drivers/reset/libdrivers__reset.a
LOAD zephyr/drivers/serial/libdrivers__serial.a
LOAD zephyr/drivers/spi/libdrivers__spi.a
LOAD zephyr/drivers/timer/libdrivers__timer.a
LOAD modules/hal_stm32/stm32cube/lib..__modules__hal__stm32__stm32cube.a
LOAD zephyr/kernel/libkernel.a
LOAD zephyr/arch/common/libisr_tables.a
LOAD /home/ayman/zephyr-sdk-0.17.4/arm-zephyr-eabi/bin/../lib/gcc/../../picolibc/arm-zephyr-eabi/lib/thumb/v7e-m/nofp/libc.a
LOAD /home/ayman/zephyr-sdk-0.17.4/arm-zephyr-eabi/bin/../lib/gcc/arm-zephyr-eabi/12.2.0/thumb/v7e-m/nofp/libgcc.a
                0x0000000000000020                _region_min_align = 0x20

.rel.plt        0x0000000008000000        0x0
 *(SORT_BY_ALIGNMENT(.rel.plt))
                [!provide]                        PROVIDE (__rel_iplt_start = .)
 *(SORT_BY_ALIGNMENT(.rel.iplt))
 .rel.iplt      0x0000000008000000        0x0 app/libapp.a(main.c.obj)
                [!provide]                        PROVIDE (__rel_iplt_end = .)

.rela.plt       0x0000000000000000        0x0
 *(SORT_BY_ALIGNMENT(.rela.plt))
                [!provide]                        PROVIDE (__rela_iplt_start = .)
 *(SORT_BY_ALIGNMENT(.rela.iplt))
                [!provide]                        PROVIDE (__rela_iplt_end = .)

.rel.dyn
 *(SORT_BY_ALIGNMENT(.rel.*))

.rela.dyn
 *(SORT_BY_ALIGNMENT(.rela.*))

/DISCARD/
 *(SORT_BY_ALIGNMENT(.plt))

/DISCARD/
 *(SORT_BY_ALIGNMENT(.iplt))
                0x0000000008000000                __rom_region_start = 0x8000000

rom_start       0x0000000008000000      0x194
                0x0000000008000000                __rom_start_address = .
 FILL mask 0x00
                0x0000000008000000                . = (. + (0x0 - (. - __rom_start_address)))
                0x0000000008000000                . = ALIGN (0x4)
                0x0000000008000000                . = ALIGN (0x80)
                0x0000000008000000                . = ALIGN (0x200)
                0x0000000008000000                _vector_start = .
 *(SORT_BY_ALIGNMENT(.exc_vector_table))
 *(SORT_BY_ALIGNMENT(.exc_vector_table.*))
 .exc_vector_table._vector_table_section
                0x0000000008000000       0x40 zephyr/arch/arch/arm/core/cortex_m/libarch__arm__core__cortex_m.a(vector_table.S.obj)
                0x0000000008000000                _vector_table
 *(SORT_BY_ALIGNMENT(.vectors))
                0x0000000008000194                _vector_end = .
                0x0000000008000040                . = ALIGN (0x4)
 *(SORT_BY_ALIGNMENT(.gnu.linkonce.irq_vector_table*))
 .gnu.linkonce.irq_vector_table
                0x0000000008000040      0x154 zephyr/arch/common/libisr_tables.a(isr_tables.c.obj)
                0x0000000008000040                _irq_vector_table
                0x0000000008000194                _vector_end = .

text            0x0000000008000194     0x423c
                0x0000000008000194                __text_region_start = .
 *(SORT_BY_ALIGNMENT(.text))
 .text          0x0000000008000194       0x30 /home/ayman/zephyr-sdk-0.17.4/arm-zephyr-eabi/bin/../lib/gcc/arm-zephyr-eabi/12.2.0/thumb/v7e-m/nofp/libgcc.a(_aeabi_uldivmod.o)
                0x0000000008000194                __aeabi_uldivmod
 .text          0x00000000080001c4        0x4 /home/ayman/zephyr-sdk-0.17.4/arm-zephyr-eabi/bin/../lib/gcc/arm-zephyr-eabi/12.2.0/thumb/v7e-m/nofp/libgcc.a(_dvmd_tls.o)
                0x00000000080001c4                __aeabi_ldiv0
                0x00000000080001c4                __aeabi_idiv0
 .text          0x00000000080001c8      0x2a0 /home/ayman/zephyr-sdk-0.17.4/arm-zephyr-eabi/bin/../lib/gcc/arm-zephyr-eabi/12.2.0/thumb/v7e-m/nofp/libgcc.a(_udivmoddi4.o)
                0x00000000080001c8                __udivmoddi4
 *(SORT_BY_ALIGNMENT(.text.*))
 .text.main     0x0000000008000468       0x44 app/libapp.a(main.c.obj)
                0x0000000008000468                main
 .text.dut_dio_Init
                0x00000000080004ac       0x44 app/libapp.a(dut_dio.c.obj)
                0x00000000080004ac                dut_dio_Init
 .text.dut_dio_Process
                0x00000000080004f0       0x54 app/libapp.a(dut_dio.c.obj)
                0x00000000080004f0                dut_dio_Process
 .text.dut_spi_thread
                0x0000000008000544       0xa0 app/libapp.a(dut_spi.c.obj)
 .text.dut_spi_Init
                0x00000000080005e4       0x24 app/libapp.a(dut_spi.c.obj)
                0x00000000080005e4                dut_spi_Init
 .text.char_out
                0x0000000008000608        0xc zephyr/libzephyr.a(printk.c.obj)
 .text.__printk_hook_install
                0x0000000008000614        0xc zephyr/libzephyr.a(printk.c.obj)
                0x0000000008000614                __printk_hook_install
 .text.vprintk  0x0000000008000620       0x30 zephyr/libzephyr.a(printk.c.obj)
                0x0000000008000620                vprintk
 .text.z_thread_entry
                0x0000000008000650       0x34 zephyr/libzephyr.a(thread_entry.c.obj)
                0x0000000008000650                z_thread_entry
 .text.st_stm32_common_config
                0x0000000008000684       0x14 zephyr/libzephyr.a(soc_config.c.obj)
 .text.stm32_gpioport_init
                0x0000000008000698       0x20 zephyr/libzephyr.a(gpioport_mgr.c.obj)
 .text.stm32_gpioport_get
                0x00000000080006b8       0x24 zephyr/libzephyr.a(gpioport_mgr.c.obj)
                0x00000000080006b8                stm32_gpioport_get
 .text.soc_early_init_hook
                0x00000000080006dc       0x30 zephyr/libzephyr.a(soc.c.obj)
                0x00000000080006dc                soc_early_init_hook
 .text.mem_attr_get_regions
                0x000000000800070c        0xc zephyr/libzephyr.a(mem_attr.c.obj)
                0x000000000800070c                mem_attr_get_regions
 .text.arch_bss_zero
                0x0000000008000718       0x18 zephyr/arch/common/libarch__common.a(init.c.obj)
                0x0000000008000718                arch_bss_zero
 .text.arch_data_copy
                0x0000000008000730       0x38 zephyr/arch/common/libarch__common.a(xip.c.obj)
                0x0000000008000730                arch_data_copy
 .text.z_arm_fatal_error
                0x0000000008000768       0x60 zephyr/arch/arch/arm/core/libarch__arm__core.a(fatal.c.obj)
                0x0000000008000768                z_arm_fatal_error
 .text.z_SysNmiOnReset
                0x00000000080007c8        0x8 zephyr/arch/arch/arm/core/libarch__arm__core.a(nmi_on_reset.S.obj)
                0x00000000080007c8                z_SysNmiOnReset
 .text.arch_tls_stack_setup
                0x00000000080007d0       0x40 zephyr/arch/arch/arm/core/libarch__arm__core.a(tls.c.obj)
                0x00000000080007d0                arch_tls_stack_setup
 .text.mem_manage_fault
                0x0000000008000810       0xf0 zephyr/arch/arch/arm/core/cortex_m/libarch__arm__core__cortex_m.a(fault.c.obj)
 .text.usage_fault.constprop.0
                0x0000000008000900       0x98 zephyr/arch/arch/arm/core/cortex_m/libarch__arm__core__cortex_m.a(fault.c.obj)
 .text.bus_fault.constprop.0
                0x0000000008000998       0xb8 zephyr/arch/arch/arm/core/cortex_m/libarch__arm__core__cortex_m.a(fault.c.obj)
 .text.z_arm_fault
                0x0000000008000a50      0x1a0 zephyr/arch/arch/arm/core/cortex_m/libarch__arm__core__cortex_m.a(fault.c.obj)
                0x0000000008000a50                z_arm_fault
 .text.z_arm_fault_init
                0x0000000008000bf0       0x18 zephyr/arch/arch/arm/core/cortex_m/libarch__arm__core__cortex_m.a(fault.c.obj)
                0x0000000008000bf0                z_arm_fault_init
 .text.__fault  0x0000000008000c08       0x14 zephyr/arch/arch/arm/core/cortex_m/libarch__arm__core__cortex_m.a(fault_s.S.obj)
                0x0000000008000c08                z_arm_bus_fault
                0x0000000008000c08                z_arm_usage_fault
                0x0000000008000c08                z_arm_mpu_fault
                0x0000000008000c08                z_arm_exc_spurious
                0x0000000008000c08                z_arm_debug_monitor
                0x0000000008000c08                z_arm_hard_fault
 .text._reset_section
                0x0000000008000c1c       0x34 zephyr/arch/arch/arm/core/cortex_m/libarch__arm__core__cortex_m.a(reset.S.obj)
                0x0000000008000c1c                z_arm_reset
                0x0000000008000c1c                __start
 .text.z_arm_svc
                0x0000000008000c50       0x24 zephyr/arch/arch/arm/core/cortex_m/libarch__arm__core__cortex_m.a(svc.S.obj)
                0x0000000008000c50                z_arm_svc
 .text.arm_irq_enable
                0x0000000008000c74       0x1c zephyr/arch/arch/arm/core/cortex_m/libarch__arm__core__cortex_m.a(irq_manage.c.obj)
                0x0000000008000c74                arm_irq_enable
 .text.arm_irq_priority_set
                0x0000000008000c90       0x30 zephyr/arch/arch/arm/core/cortex_m/libarch__arm__core__cortex_m.a(irq_manage.c.obj)
                0x0000000008000c90                arm_irq_priority_set
 .text.relocate_vector_table
                0x0000000008000cc0       0x1c zephyr/arch/arch/arm/core/cortex_m/libarch__arm__core__cortex_m.a(prep_c.c.obj)
                0x0000000008000cc0                relocate_vector_table
 .text.z_prep_c
                0x0000000008000cdc       0x38 zephyr/arch/arch/arm/core/cortex_m/libarch__arm__core__cortex_m.a(prep_c.c.obj)
                0x0000000008000cdc                z_prep_c
 .text.arch_new_thread
                0x0000000008000d14       0x38 zephyr/arch/arch/arm/core/cortex_m/libarch__arm__core__cortex_m.a(thread.c.obj)
                0x0000000008000d14                arch_new_thread
 .text.z_check_thread_stack_fail
                0x0000000008000d4c       0x2c zephyr/arch/arch/arm/core/cortex_m/libarch__arm__core__cortex_m.a(thread.c.obj)
                0x0000000008000d4c                z_check_thread_stack_fail
 .text.arch_switch_to_main_thread
                0x0000000008000d78       0x3c zephyr/arch/arch/arm/core/cortex_m/libarch__arm__core__cortex_m.a(thread.c.obj)
                0x0000000008000d78                arch_switch_to_main_thread
 .text.z_arm_cpu_idle_init
                0x0000000008000db4        0xc zephyr/arch/arch/arm/core/cortex_m/libarch__arm__core__cortex_m.a(cpu_idle.c.obj)
                0x0000000008000db4                z_arm_cpu_idle_init
 .text._HandlerModeExit
                0x0000000008000dc0       0x20 zephyr/arch/arch/arm/core/cortex_m/libarch__arm__core__cortex_m.a(exc_exit.c.obj)
                0x0000000008000dc0                z_arm_exc_exit
                0x0000000008000dc0                z_arm_int_exit
 .text.z_impl_k_thread_abort
                0x0000000008000de0       0x2c zephyr/arch/arch/arm/core/cortex_m/libarch__arm__core__cortex_m.a(thread_abort.c.obj)
                0x0000000008000de0                z_impl_k_thread_abort
 .text.z_arm_pendsv
                0x0000000008000e0c       0x60 zephyr/arch/arch/arm/core/cortex_m/libarch__arm__core__cortex_m.a(swap_helper.S.obj)
                0x0000000008000e0c                z_arm_pendsv
 .text.z_arm_interrupt_init
                0x0000000008000e6c       0x18 zephyr/arch/arch/arm/core/cortex_m/libarch__arm__core__cortex_m.a(irq_init.c.obj)
                0x0000000008000e6c                z_arm_interrupt_init
 .text._isr_wrapper
                0x0000000008000e84       0x24 zephyr/arch/arch/arm/core/cortex_m/libarch__arm__core__cortex_m.a(isr_wrapper.c.obj)
                0x0000000008000e84                _isr_wrapper
 .text.__aeabi_read_tp
                0x0000000008000ea8        0xc zephyr/arch/arch/arm/core/cortex_m/libarch__arm__core__cortex_m.a(__aeabi_read_tp.S.obj)
                0x0000000008000ea8                __aeabi_read_tp
 .text.z_arm_configure_static_mpu_regions
                0x0000000008000eb4       0x18 zephyr/arch/arch/arm/core/mpu/libarch__arm__core__mpu.a(arm_core_mpu.c.obj)
                0x0000000008000eb4                z_arm_configure_static_mpu_regions
 .text.z_arm_configure_dynamic_mpu_regions
                0x0000000008000ecc       0x20 zephyr/arch/arch/arm/core/mpu/libarch__arm__core__mpu.a(arm_core_mpu.c.obj)
                0x0000000008000ecc                z_arm_configure_dynamic_mpu_regions
 .text.region_init
                0x0000000008000eec       0x28 zephyr/arch/arch/arm/core/mpu/libarch__arm__core__mpu.a(arm_mpu.c.obj)
 .text.mpu_configure_regions
                0x0000000008000f14       0x6c zephyr/arch/arch/arm/core/mpu/libarch__arm__core__mpu.a(arm_mpu.c.obj)
 .text.arm_core_mpu_enable
                0x0000000008000f80       0x18 zephyr/arch/arch/arm/core/mpu/libarch__arm__core__mpu.a(arm_mpu.c.obj)
                0x0000000008000f80                arm_core_mpu_enable
 .text.arm_core_mpu_disable
                0x0000000008000f98       0x14 zephyr/arch/arch/arm/core/mpu/libarch__arm__core__mpu.a(arm_mpu.c.obj)
                0x0000000008000f98                arm_core_mpu_disable
 .text.arm_core_mpu_configure_static_mpu_regions
                0x0000000008000fac       0x14 zephyr/arch/arch/arm/core/mpu/libarch__arm__core__mpu.a(arm_mpu.c.obj)
                0x0000000008000fac                arm_core_mpu_configure_static_mpu_regions
 .text.arm_core_mpu_configure_dynamic_mpu_regions
                0x0000000008000fc0       0x38 zephyr/arch/arch/arm/core/mpu/libarch__arm__core__mpu.a(arm_mpu.c.obj)
                0x0000000008000fc0                arm_core_mpu_configure_dynamic_mpu_regions
 .text.z_arm_mpu_init
                0x0000000008000ff8      0x188 zephyr/arch/arch/arm/core/mpu/libarch__arm__core__mpu.a(arm_mpu.c.obj)
                0x0000000008000ff8                z_arm_mpu_init
 .text.z_impl_zephyr_fputc
                0x0000000008001180       0x10 zephyr/lib/libc/picolibc/liblib__libc__picolibc.a(stdio.c.obj)
                0x0000000008001180                z_impl_zephyr_fputc
 .text.__stdout_hook_install
                0x0000000008001190       0x18 zephyr/lib/libc/picolibc/liblib__libc__picolibc.a(stdio.c.obj)
                0x0000000008001190                __stdout_hook_install
 .text.malloc_prepare
                0x00000000080011a8       0x24 zephyr/lib/libc/common/liblib__libc__common.a(malloc.c.obj)
 .text.stm32_exti_init
                0x00000000080011cc       0x30 zephyr/drivers/interrupt_controller/libdrivers__interrupt_controller.a(intc_exti_stm32.c.obj)
 .text.stm32_exti_is_pending
                0x00000000080011fc       0x20 zephyr/drivers/interrupt_controller/libdrivers__interrupt_controller.a(intc_exti_stm32.c.obj)
                0x00000000080011fc                stm32_exti_is_pending
 .text.stm32_exti_clear_pending
                0x000000000800121c       0x20 zephyr/drivers/interrupt_controller/libdrivers__interrupt_controller.a(intc_exti_stm32.c.obj)
                0x000000000800121c                stm32_exti_clear_pending
 .text.stm32_fill_irq_table
                0x000000000800123c       0x18 zephyr/drivers/interrupt_controller/libdrivers__interrupt_controller.a(intc_gpio_stm32.c.obj)
 .text.stm32_intc_gpio_isr
                0x0000000008001254       0x4c zephyr/drivers/interrupt_controller/libdrivers__interrupt_controller.a(intc_gpio_stm32.c.obj)
 .text.stm32_gpio_intc_enable_line
                0x00000000080012a0       0x2c zephyr/drivers/interrupt_controller/libdrivers__interrupt_controller.a(intc_gpio_stm32.c.obj)
                0x00000000080012a0                stm32_gpio_intc_enable_line
 .text.stm32_gpio_intc_disable_line
                0x00000000080012cc       0x10 zephyr/drivers/interrupt_controller/libdrivers__interrupt_controller.a(intc_gpio_stm32.c.obj)
                0x00000000080012cc                stm32_gpio_intc_disable_line
 .text.stm32_gpio_intc_select_line_trigger
                0x00000000080012dc       0x50 zephyr/drivers/interrupt_controller/libdrivers__interrupt_controller.a(intc_gpio_stm32.c.obj)
                0x00000000080012dc                stm32_gpio_intc_select_line_trigger
 .text.stm32_gpio_intc_set_irq_callback
                0x000000000800132c       0x40 zephyr/drivers/interrupt_controller/libdrivers__interrupt_controller.a(intc_gpio_stm32.c.obj)
                0x000000000800132c                stm32_gpio_intc_set_irq_callback
 .text.stm32_gpio_intc_remove_irq_callback
                0x000000000800136c       0x24 zephyr/drivers/interrupt_controller/libdrivers__interrupt_controller.a(intc_gpio_stm32.c.obj)
                0x000000000800136c                stm32_gpio_intc_remove_irq_callback
 .text.stm32_exti_get_line_src_port
                0x0000000008001390       0x30 zephyr/drivers/interrupt_controller/libdrivers__interrupt_controller.a(intc_gpio_stm32.c.obj)
                0x0000000008001390                stm32_exti_get_line_src_port
 .text.stm32_clock_control_get_subsys_rate
                0x00000000080013c0      0x108 zephyr/drivers/clock_control/libdrivers__clock_control.a(clock_stm32_ll_common.c.obj)
 .text.enabled_clock
                0x00000000080014c8       0x20 zephyr/drivers/clock_control/libdrivers__clock_control.a(clock_stm32_ll_common.c.obj)
                0x00000000080014c8                enabled_clock
 .text.stm32_clock_control_init
                0x00000000080014e8      0x140 zephyr/drivers/clock_control/libdrivers__clock_control.a(clock_stm32_ll_common.c.obj)
                0x00000000080014e8                stm32_clock_control_init
 .text.get_pllsrc_frequency
                0x0000000008001628        0x8 zephyr/drivers/clock_control/libdrivers__clock_control.a(clock_stm32f2_f4_f7.c.obj)
                0x0000000008001628                get_pllsrc_frequency
 .text.config_pll_sysclock
                0x0000000008001630       0x3c zephyr/drivers/clock_control/libdrivers__clock_control.a(clock_stm32f2_f4_f7.c.obj)
                0x0000000008001630                config_pll_sysclock
 .text.config_enable_default_clocks
                0x000000000800166c       0x20 zephyr/drivers/clock_control/libdrivers__clock_control.a(clock_stm32f2_f4_f7.c.obj)
                0x000000000800166c                config_enable_default_clocks
 .text.uart_console_init
                0x000000000800168c       0x28 zephyr/drivers/console/libdrivers__console.a(uart_console.c.obj)
 .text.console_out
                0x00000000080016b4       0x28 zephyr/drivers/console/libdrivers__console.a(uart_console.c.obj)
 .text.gpio_stm32_pin_interrupt_configure
                0x00000000080016dc       0xac zephyr/drivers/gpio/libdrivers__gpio.a(gpio_stm32.c.obj)
 .text.uart_stm32_irq_err_enable
                0x0000000008001788       0x58 zephyr/drivers/serial/libdrivers__serial.a(uart_stm32.c.obj)
 .text.uart_stm32_irq_err_disable
                0x00000000080017e0       0x58 zephyr/drivers/serial/libdrivers__serial.a(uart_stm32.c.obj)
 .text.uart_stm32_parameters_set
                0x0000000008001838      0x104 zephyr/drivers/serial/libdrivers__serial.a(uart_stm32.c.obj)
 .text.uart_stm32_configure
                0x000000000800193c      0x134 zephyr/drivers/serial/libdrivers__serial.a(uart_stm32.c.obj)
 .text.spi_stm32_init
                0x0000000008001a70       0x58 zephyr/drivers/spi/libdrivers__spi.a(spi_stm32.c.obj)
 .text.spi_stm32_transceive_sync
                0x0000000008001ac8      0x360 zephyr/drivers/spi/libdrivers__spi.a(spi_stm32.c.obj)
 .text.elapsed  0x0000000008001e28       0x4c zephyr/drivers/timer/libdrivers__timer.a(cortex_m_systick.c.obj)
 .text.sys_clock_driver_init
                0x0000000008001e74       0x34 zephyr/drivers/timer/libdrivers__timer.a(cortex_m_systick.c.obj)
 .text.sys_clock_isr
                0x0000000008001ea8       0x60 zephyr/drivers/timer/libdrivers__timer.a(cortex_m_systick.c.obj)
                0x0000000008001ea8                sys_clock_isr
 .text.sys_clock_set_timeout
                0x0000000008001f08       0xf8 zephyr/drivers/timer/libdrivers__timer.a(cortex_m_systick.c.obj)
                0x0000000008001f08                sys_clock_set_timeout
 .text.sys_clock_elapsed
                0x0000000008002000       0x3c zephyr/drivers/timer/libdrivers__timer.a(cortex_m_systick.c.obj)
                0x0000000008002000                sys_clock_elapsed
 .text.HAL_RCC_GetSysClockFreq
                0x000000000800203c       0x5c modules/hal_stm32/stm32cube/lib..__modules__hal__stm32__stm32cube.a(stm32f4xx_hal_rcc.c.obj)
                0x000000000800203c                HAL_RCC_GetSysClockFreq
 .text.LL_SetFlashLatency
                0x0000000008002098       0x9c modules/hal_stm32/stm32cube/lib..__modules__hal__stm32__stm32cube.a(stm32f4xx_ll_utils.c.obj)
                0x0000000008002098                LL_SetFlashLatency
 .text.z_fatal_error
                0x0000000008002134       0x30 zephyr/kernel/libkernel.a(fatal.c.obj)
                0x0000000008002134                z_fatal_error
 .text.z_sys_init_run_level
                0x0000000008002164       0x30 zephyr/kernel/libkernel.a(init.c.obj)
 .text.bg_thread_main
                0x0000000008002194       0xc0 zephyr/kernel/libkernel.a(init.c.obj)
 .text.z_init_cpu
                0x0000000008002254       0x70 zephyr/kernel/libkernel.a(init.c.obj)
                0x0000000008002254                z_init_cpu
 .text.z_cstart
                0x00000000080022c4       0xcc zephyr/kernel/libkernel.a(init.c.obj)
                0x00000000080022c4                z_cstart
 .text.z_impl_k_sem_give
                0x0000000008002390       0x68 zephyr/kernel/libkernel.a(sem.c.obj)
                0x0000000008002390                z_impl_k_sem_give
 .text.z_impl_k_sem_take
                0x00000000080023f8       0x4c zephyr/kernel/libkernel.a(sem.c.obj)
                0x00000000080023f8                z_impl_k_sem_take
 .text.z_setup_new_thread
                0x0000000008002444       0x98 zephyr/kernel/libkernel.a(thread.c.obj)
                0x0000000008002444                z_setup_new_thread
 .text.z_dummy_thread_init
                0x00000000080024dc       0x18 zephyr/kernel/libkernel.a(thread.c.obj)
                0x00000000080024dc                z_dummy_thread_init
 .text.z_swap_irqlock
                0x00000000080024f4       0x30 zephyr/kernel/libkernel.a(sched.c.obj)
 .text.ready_thread
                0x0000000008002524       0x84 zephyr/kernel/libkernel.a(sched.c.obj)
 .text.unready_thread
                0x00000000080025a8       0x54 zephyr/kernel/libkernel.a(sched.c.obj)
 .text.add_thread_timeout
                0x00000000080025fc       0x1c zephyr/kernel/libkernel.a(sched.c.obj)
 .text.reschedule.constprop.0
                0x0000000008002618       0x28 zephyr/kernel/libkernel.a(sched.c.obj)
 .text.move_current_to_end_of_prio_q
                0x0000000008002640       0x70 zephyr/kernel/libkernel.a(sched.c.obj)
                0x0000000008002640                move_current_to_end_of_prio_q
 .text.z_pend_curr
                0x00000000080026b0       0x44 zephyr/kernel/libkernel.a(sched.c.obj)
                0x00000000080026b0                z_pend_curr
 .text.k_sched_lock
                0x00000000080026f4       0x28 zephyr/kernel/libkernel.a(sched.c.obj)
                0x00000000080026f4                k_sched_lock
 .text.k_sched_unlock
                0x000000000800271c       0x54 zephyr/kernel/libkernel.a(sched.c.obj)
                0x000000000800271c                k_sched_unlock
 .text.z_sched_init
                0x0000000008002770       0x10 zephyr/kernel/libkernel.a(sched.c.obj)
                0x0000000008002770                z_sched_init
 .text.z_impl_k_yield
                0x0000000008002780       0x88 zephyr/kernel/libkernel.a(sched.c.obj)
                0x0000000008002780                z_impl_k_yield
 .text.z_tick_sleep
                0x0000000008002808       0x78 zephyr/kernel/libkernel.a(sched.c.obj)
 .text.z_impl_k_sched_current_thread_query
                0x0000000008002880        0xc zephyr/kernel/libkernel.a(sched.c.obj)
                0x0000000008002880                z_impl_k_sched_current_thread_query
 .text.z_thread_abort
                0x000000000800288c      0x140 zephyr/kernel/libkernel.a(sched.c.obj)
                0x000000000800288c                z_thread_abort
 .text.z_time_slice_size
                0x00000000080029cc       0x40 zephyr/kernel/libkernel.a(timeslicing.c.obj)
 .text.slice_timeout
                0x0000000008002a0c       0x20 zephyr/kernel/libkernel.a(timeslicing.c.obj)
 .text.z_reset_time_slice
                0x0000000008002a2c       0x48 zephyr/kernel/libkernel.a(timeslicing.c.obj)
                0x0000000008002a2c                z_reset_time_slice
 .text.z_time_slice
                0x0000000008002a74       0x5c zephyr/kernel/libkernel.a(timeslicing.c.obj)
                0x0000000008002a74                z_time_slice
 .text.first    0x0000000008002ad0       0x10 zephyr/kernel/libkernel.a(timeout.c.obj)
 .text.elapsed  0x0000000008002ae0       0x14 zephyr/kernel/libkernel.a(timeout.c.obj)
 .text.remove_timeout
                0x0000000008002af4       0x38 zephyr/kernel/libkernel.a(timeout.c.obj)
 .text.z_add_timeout
                0x0000000008002b2c      0x120 zephyr/kernel/libkernel.a(timeout.c.obj)
                0x0000000008002b2c                z_add_timeout
 .text.sys_clock_announce
                0x0000000008002c4c       0xc0 zephyr/kernel/libkernel.a(timeout.c.obj)
                0x0000000008002c4c                sys_clock_announce
 .text.sys_clock_tick_get
                0x0000000008002d0c       0x30 zephyr/kernel/libkernel.a(timeout.c.obj)
                0x0000000008002d0c                sys_clock_tick_get
 .text.boot_banner
                0x0000000008002d3c        0xc zephyr/kernel/libkernel.a(banner.c.obj)
                0x0000000008002d3c                boot_banner
 .text.__l_vfprintf
                0x0000000008002d48      0x4b8 /home/ayman/zephyr-sdk-0.17.4/arm-zephyr-eabi/bin/../lib/gcc/../../picolibc/arm-zephyr-eabi/lib/thumb/v7e-m/nofp/libc.a(libc_tinystdio_vflprintf.c.o)
                0x0000000008002d48                __l_vfprintf
 .text._OffsetAbsSyms
                0x0000000008003200        0x2 zephyr/CMakeFiles/offsets.dir/./arch/arm/core/offsets/offsets.c.obj
                0x0000000008003200                _OffsetAbsSyms
 .text.gpio_pin_configure_dt
                0x0000000008003202       0x3e app/libapp.a(dut_dio.c.obj)
 .text.chunk_size
                0x0000000008003240        0xa zephyr/libzephyr.a(heap.c.obj)
 .text.free_list_add
                0x000000000800324a       0x4e zephyr/libzephyr.a(heap.c.obj)
 .text.sys_heap_init
                0x0000000008003298       0x7a zephyr/libzephyr.a(heap.c.obj)
                0x0000000008003298                sys_heap_init
 .text.arch_printk_char_out
                0x0000000008003312        0x4 zephyr/libzephyr.a(printk.c.obj)
                0x0000000008003312                arch_printk_char_out
 .text.printk   0x0000000008003316       0x1a zephyr/libzephyr.a(printk.c.obj)
                0x0000000008003316                printk
 .text._ConfigAbsSyms
                0x0000000008003330        0x2 zephyr/libzephyr.a(configs.c.obj)
                0x0000000008003330                _ConfigAbsSyms
 .text.stm32_gpioport_configure_pin
                0x0000000008003332      0x10a zephyr/libzephyr.a(gpioport_mgr.c.obj)
                0x0000000008003332                stm32_gpioport_configure_pin
 .text.arch_early_memset
                0x000000000800343c        0x4 zephyr/arch/common/libarch__common.a(init.c.obj)
                0x000000000800343c                arch_early_memset
 .text.arch_early_memcpy
                0x0000000008003440        0x4 zephyr/arch/common/libarch__common.a(init.c.obj)
                0x0000000008003440                arch_early_memcpy
 .text.z_do_kernel_oops
                0x0000000008003444        0x8 zephyr/arch/arch/arm/core/libarch__arm__core.a(fatal.c.obj)
                0x0000000008003444                z_do_kernel_oops
 .text.z_arm_nmi
                0x000000000800344c        0xe zephyr/arch/arch/arm/core/libarch__arm__core.a(nmi.c.obj)
                0x000000000800344c                z_arm_nmi
 .text.z_irq_spurious
                0x000000000800345a        0x8 zephyr/arch/arch/arm/core/cortex_m/libarch__arm__core__cortex_m.a(irq_manage.c.obj)
                0x000000000800345a                z_irq_spurious
 .text.arch_coprocessors_disable
                0x0000000008003462        0x6 zephyr/arch/arch/arm/core/cortex_m/libarch__arm__core__cortex_m.a(thread.c.obj)
                0x0000000008003462                arch_coprocessors_disable
 .text.arch_irq_unlock_outlined
                0x0000000008003468        0xe zephyr/arch/arch/arm/core/cortex_m/libarch__arm__core__cortex_m.a(thread.c.obj)
                0x0000000008003468                arch_irq_unlock_outlined
 .text.arch_cpu_idle
                0x0000000008003476       0x1a zephyr/arch/arch/arm/core/cortex_m/libarch__arm__core__cortex_m.a(cpu_idle.c.obj)
                0x0000000008003476                arch_cpu_idle
 .text.size_to_mpu_rasr_size
                0x0000000008003490       0x20 zephyr/arch/arch/arm/core/mpu/libarch__arm__core__mpu.a(arm_mpu.c.obj)
 .text.picolibc_put
                0x00000000080034b0        0xa zephyr/lib/libc/picolibc/liblib__libc__picolibc.a(stdio.c.obj)
 .text.stm32_exti_gpio_intc_init
                0x00000000080034ba       0x92 zephyr/drivers/interrupt_controller/libdrivers__interrupt_controller.a(intc_gpio_stm32.c.obj)
 .text.stm32_gpio_intc_get_pin_irq_line
                0x000000000800354c        0xa zephyr/drivers/interrupt_controller/libdrivers__interrupt_controller.a(intc_gpio_stm32.c.obj)
                0x000000000800354c                stm32_gpio_intc_get_pin_irq_line
 .text.stm32_exti_set_line_src_port
                0x0000000008003556       0x36 zephyr/drivers/interrupt_controller/libdrivers__interrupt_controller.a(intc_gpio_stm32.c.obj)
                0x0000000008003556                stm32_exti_set_line_src_port
 .text.stm32_clock_control_on
                0x000000000800358c       0x44 zephyr/drivers/clock_control/libdrivers__clock_control.a(clock_stm32_ll_common.c.obj)
 .text.stm32_clock_control_off
                0x00000000080035d0       0x2c zephyr/drivers/clock_control/libdrivers__clock_control.a(clock_stm32_ll_common.c.obj)
 .text.stm32_clock_control_configure
                0x00000000080035fc       0x44 zephyr/drivers/clock_control/libdrivers__clock_control.a(clock_stm32_ll_common.c.obj)
 .text.stm32_clock_control_get_status
                0x0000000008003640       0x38 zephyr/drivers/clock_control/libdrivers__clock_control.a(clock_stm32_ll_common.c.obj)
 .text.config_regulator_voltage
                0x0000000008003678        0x2 zephyr/drivers/clock_control/libdrivers__clock_control.a(clock_stm32_ll_common.c.obj)
                0x0000000008003678                config_regulator_voltage
 .text.gpio_stm32_port_get_raw
                0x000000000800367a        0xc zephyr/drivers/gpio/libdrivers__gpio.a(gpio_stm32.c.obj)
 .text.gpio_stm32_port_set_masked_raw
                0x0000000008003686       0x12 zephyr/drivers/gpio/libdrivers__gpio.a(gpio_stm32.c.obj)
 .text.gpio_stm32_port_set_bits_raw
                0x0000000008003698        0xa zephyr/drivers/gpio/libdrivers__gpio.a(gpio_stm32.c.obj)
 .text.gpio_stm32_port_clear_bits_raw
                0x00000000080036a2        0xc zephyr/drivers/gpio/libdrivers__gpio.a(gpio_stm32.c.obj)
 .text.gpio_stm32_port_toggle_bits
                0x00000000080036ae        0xe zephyr/drivers/gpio/libdrivers__gpio.a(gpio_stm32.c.obj)
 .text.gpio_stm32_manage_callback
                0x00000000080036bc       0x52 zephyr/drivers/gpio/libdrivers__gpio.a(gpio_stm32.c.obj)
 .text.gpio_stm32_config
                0x000000000800370e       0xf0 zephyr/drivers/gpio/libdrivers__gpio.a(gpio_stm32.c.obj)
 .text.gpio_stm32_isr
                0x00000000080037fe       0x2c zephyr/drivers/gpio/libdrivers__gpio.a(gpio_stm32.c.obj)
 .text.pinctrl_lookup_state
                0x000000000800382a       0x26 zephyr/drivers/pinctrl/libdrivers__pinctrl.a(common.c.obj)
                0x000000000800382a                pinctrl_lookup_state
 .text.pinctrl_configure_pins
                0x0000000008003850       0x82 zephyr/drivers/pinctrl/libdrivers__pinctrl.a(pinctrl_stm32.c.obj)
                0x0000000008003850                pinctrl_configure_pins
 .text.reset_stm32_status
                0x00000000080038d2       0x20 zephyr/drivers/reset/libdrivers__reset.a(reset_stm32.c.obj)
 .text.reset_stm32_line_assert
                0x00000000080038f2       0x1c zephyr/drivers/reset/libdrivers__reset.a(reset_stm32.c.obj)
 .text.reset_stm32_line_deassert
                0x000000000800390e       0x1e zephyr/drivers/reset/libdrivers__reset.a(reset_stm32.c.obj)
 .text.reset_stm32_line_toggle
                0x000000000800392c       0x16 zephyr/drivers/reset/libdrivers__reset.a(reset_stm32.c.obj)
 .text.LL_USART_ClearFlag_PE
                0x0000000008003942       0x12 zephyr/drivers/serial/libdrivers__serial.a(uart_stm32.c.obj)
 .text.uart_stm32_err_check
                0x0000000008003954       0x5e zephyr/drivers/serial/libdrivers__serial.a(uart_stm32.c.obj)
 .text.uart_stm32_irq_tx_enable
                0x00000000080039b2       0x1e zephyr/drivers/serial/libdrivers__serial.a(uart_stm32.c.obj)
 .text.uart_stm32_irq_tx_disable
                0x00000000080039d0       0x1e zephyr/drivers/serial/libdrivers__serial.a(uart_stm32.c.obj)
 .text.uart_stm32_irq_tx_ready
                0x00000000080039ee       0x14 zephyr/drivers/serial/libdrivers__serial.a(uart_stm32.c.obj)
 .text.uart_stm32_irq_tx_complete
                0x0000000008003a02        0xc zephyr/drivers/serial/libdrivers__serial.a(uart_stm32.c.obj)
 .text.uart_stm32_irq_rx_enable
                0x0000000008003a0e       0x1e zephyr/drivers/serial/libdrivers__serial.a(uart_stm32.c.obj)
 .text.uart_stm32_irq_rx_disable
                0x0000000008003a2c       0x1e zephyr/drivers/serial/libdrivers__serial.a(uart_stm32.c.obj)
 .text.uart_stm32_irq_rx_ready
                0x0000000008003a4a        0xc zephyr/drivers/serial/libdrivers__serial.a(uart_stm32.c.obj)
 .text.uart_stm32_irq_is_pending
                0x0000000008003a56       0x24 zephyr/drivers/serial/libdrivers__serial.a(uart_stm32.c.obj)
 .text.uart_stm32_irq_update
                0x0000000008003a7a        0x4 zephyr/drivers/serial/libdrivers__serial.a(uart_stm32.c.obj)
 .text.uart_stm32_irq_callback_set
                0x0000000008003a7e        0x8 zephyr/drivers/serial/libdrivers__serial.a(uart_stm32.c.obj)
 .text.uart_stm32_isr
                0x0000000008003a86        0xc zephyr/drivers/serial/libdrivers__serial.a(uart_stm32.c.obj)
 .text.uart_stm32_irq_config_func_0
                0x0000000008003a92       0x16 zephyr/drivers/serial/libdrivers__serial.a(uart_stm32.c.obj)
 .text.uart_stm32_set_baudrate.isra.0
                0x0000000008003aa8       0x64 zephyr/drivers/serial/libdrivers__serial.a(uart_stm32.c.obj)
 .text.uart_stm32_poll_out
                0x0000000008003b0c       0x36 zephyr/drivers/serial/libdrivers__serial.a(uart_stm32.c.obj)
 .text.uart_stm32_poll_in
                0x0000000008003b42       0x22 zephyr/drivers/serial/libdrivers__serial.a(uart_stm32.c.obj)
 .text.uart_stm32_init
                0x0000000008003b64       0xb6 zephyr/drivers/serial/libdrivers__serial.a(uart_stm32.c.obj)
 .text.uart_stm32_fifo_read
                0x0000000008003c1a       0x42 zephyr/drivers/serial/libdrivers__serial.a(uart_stm32.c.obj)
 .text.uart_stm32_fifo_fill
                0x0000000008003c5c       0x50 zephyr/drivers/serial/libdrivers__serial.a(uart_stm32.c.obj)
 .text.uart_stm32_config_get
                0x0000000008003cac       0x8e zephyr/drivers/serial/libdrivers__serial.a(uart_stm32.c.obj)
 .text.spi_context_get_next_buf
                0x0000000008003d3a       0x2c zephyr/drivers/spi/libdrivers__spi.a(spi_stm32.c.obj)
 .text.ll_disable_spi
                0x0000000008003d66       0x10 zephyr/drivers/spi/libdrivers__spi.a(spi_stm32.c.obj)
 .text.bits2bytes
                0x0000000008003d76       0x16 zephyr/drivers/spi/libdrivers__spi.a(spi_stm32.c.obj)
 .text.spi_stm32_irq_config_func_0
                0x0000000008003d8c       0x16 zephyr/drivers/spi/libdrivers__spi.a(spi_stm32.c.obj)
 .text.spi_stm32_get_err
                0x0000000008003da2       0x26 zephyr/drivers/spi/libdrivers__spi.a(spi_stm32.c.obj)
 .text.spi_stm32_pinctrl_apply.isra.0
                0x0000000008003dc8       0x2a zephyr/drivers/spi/libdrivers__spi.a(spi_stm32.c.obj)
 .text.spi_stm32_read_next_frame.isra.0
                0x0000000008003df2       0x8c zephyr/drivers/spi/libdrivers__spi.a(spi_stm32.c.obj)
 .text.spi_stm32_send_next_frame.isra.0
                0x0000000008003e7e       0x96 zephyr/drivers/spi/libdrivers__spi.a(spi_stm32.c.obj)
 .text.spi_stm32_release
                0x0000000008003f14       0x1e zephyr/drivers/spi/libdrivers__spi.a(spi_stm32.c.obj)
 .text.spi_stm32_complete
                0x0000000008003f32       0x7c zephyr/drivers/spi/libdrivers__spi.a(spi_stm32.c.obj)
 .text.spi_stm32_isr
                0x0000000008003fae       0xda zephyr/drivers/spi/libdrivers__spi.a(spi_stm32.c.obj)
 .text.do_device_init
                0x0000000008004088       0x30 zephyr/kernel/libkernel.a(device.c.obj)
                0x0000000008004088                do_device_init
 .text.z_impl_device_is_ready
                0x00000000080040b8       0x16 zephyr/kernel/libkernel.a(device.c.obj)
                0x00000000080040b8                z_impl_device_is_ready
 .text.arch_system_halt
                0x00000000080040ce       0x10 zephyr/kernel/libkernel.a(fatal.c.obj)
                0x00000000080040ce                arch_system_halt
 .text.k_sys_fatal_error_handler
                0x00000000080040de        0x6 zephyr/kernel/libkernel.a(fatal.c.obj)
                0x00000000080040de                k_sys_fatal_error_handler
 .text.idle     0x00000000080040e4       0x16 zephyr/kernel/libkernel.a(idle.c.obj)
                0x00000000080040e4                idle
 .text.sys_dlist_remove
                0x00000000080040fa       0x10 zephyr/kernel/libkernel.a(sched.c.obj)
 .text.unpend_thread_no_timeout
                0x000000000800410a       0x14 zephyr/kernel/libkernel.a(sched.c.obj)
 .text.add_to_waitq_locked
                0x000000000800411e       0x50 zephyr/kernel/libkernel.a(sched.c.obj)
 .text.z_ready_thread
                0x000000000800416e       0x1e zephyr/kernel/libkernel.a(sched.c.obj)
                0x000000000800416e                z_ready_thread
 .text.z_sched_wake_thread_locked
                0x000000000800418c       0x28 zephyr/kernel/libkernel.a(sched.c.obj)
                0x000000000800418c                z_sched_wake_thread_locked
 .text.z_thread_timeout
                0x00000000080041b4       0x20 zephyr/kernel/libkernel.a(sched.c.obj)
                0x00000000080041b4                z_thread_timeout
 .text.z_reschedule
                0x00000000080041d4        0x6 zephyr/kernel/libkernel.a(sched.c.obj)
                0x00000000080041d4                z_reschedule
 .text.z_impl_k_sleep
                0x00000000080041da       0x3e zephyr/kernel/libkernel.a(sched.c.obj)
                0x00000000080041da                z_impl_k_sleep
 .text.z_impl_k_wakeup
                0x0000000008004218       0x40 zephyr/kernel/libkernel.a(sched.c.obj)
                0x0000000008004218                z_impl_k_wakeup
 .text.next_timeout
                0x0000000008004258       0x2e zephyr/kernel/libkernel.a(timeout.c.obj)
 .text.z_abort_timeout
                0x0000000008004286       0x50 zephyr/kernel/libkernel.a(timeout.c.obj)
                0x0000000008004286                z_abort_timeout
 .text.sys_clock_tick_get_32
                0x00000000080042d6        0x8 zephyr/kernel/libkernel.a(timeout.c.obj)
                0x00000000080042d6                sys_clock_tick_get_32
 .text.memcpy   0x00000000080042de       0x1c /home/ayman/zephyr-sdk-0.17.4/arm-zephyr-eabi/bin/../lib/gcc/../../picolibc/arm-zephyr-eabi/lib/thumb/v7e-m/nofp/libc.a(memcpy.c.o)
                0x00000000080042de                memcpy
                0x00000000080042de                __aeabi_memcpy
                0x00000000080042de                __aeabi_memcpy4
                0x00000000080042de                __aeabi_memcpy8
 .text.memset   0x00000000080042fa       0x10 /home/ayman/zephyr-sdk-0.17.4/arm-zephyr-eabi/bin/../lib/gcc/../../picolibc/arm-zephyr-eabi/lib/thumb/v7e-m/nofp/libc.a(memset.c.o)
                0x00000000080042fa                memset
 .text.strnlen  0x000000000800430a       0x18 /home/ayman/zephyr-sdk-0.17.4/arm-zephyr-eabi/bin/../lib/gcc/../../picolibc/arm-zephyr-eabi/lib/thumb/v7e-m/nofp/libc.a(libc_string_strnlen.c.o)
                0x000000000800430a                strnlen
 .text.__ultoa_invert
                0x0000000008004322       0xae /home/ayman/zephyr-sdk-0.17.4/arm-zephyr-eabi/bin/../lib/gcc/../../picolibc/arm-zephyr-eabi/lib/thumb/v7e-m/nofp/libc.a(libc_tinystdio_vflprintf.c.o)
 *(SORT_BY_ALIGNMENT(.gnu.linkonce.t.*))
 *(SORT_BY_ALIGNMENT(.glue_7t))
 .glue_7t       0x00000000080043d0        0x0 linker stubs
 *(SORT_BY_ALIGNMENT(.glue_7))
 .glue_7        0x00000000080043d0        0x0 linker stubs
 *(SORT_BY_ALIGNMENT(.vfp11_veneer))
 .vfp11_veneer  0x00000000080043d0        0x0 linker stubs
 *(SORT_BY_ALIGNMENT(.v4_bx))
 .v4_bx         0x00000000080043d0        0x0 linker stubs
                0x00000000080043d0                . = ALIGN (0x4)
                0x00000000080043d0                __text_region_end = .

.ARM.exidx      0x00000000080043d0        0x8
                0x00000000080043d0                __exidx_start = .
 *(SORT_BY_ALIGNMENT(.ARM.exidx*) SORT_BY_ALIGNMENT(gnu.linkonce.armexidx.*))
 .ARM.exidx     0x00000000080043d0        0x8 /home/ayman/zephyr-sdk-0.17.4/arm-zephyr-eabi/bin/../lib/gcc/arm-zephyr-eabi/12.2.0/thumb/v7e-m/nofp/libgcc.a(_udivmoddi4.o)
                0x00000000080043d8                __exidx_end = .
                0x00000000080043d8                __rodata_region_start = .

initlevel       0x00000000080043d8       0x90
                0x00000000080043d8                __init_start = .
                0x00000000080043d8                __init_EARLY_start = .
 *(SORT_BY_NAME(SORT_BY_ALIGNMENT(.z_init_EARLY_P_?_*)))
 *(SORT_BY_NAME(SORT_BY_ALIGNMENT(.z_init_EARLY_P_??_*)))
 *(SORT_BY_NAME(SORT_BY_ALIGNMENT(.z_init_EARLY_P_???_*)))
                0x00000000080043d8                __init_PRE_KERNEL_1_start = .
 *(SORT_BY_NAME(SORT_BY_ALIGNMENT(.z_init_PRE_KERNEL_1_P_?_*)))
 .z_init_PRE_KERNEL_1_P_1_SUB_00008_
                0x00000000080043d8        0x8 zephyr/drivers/clock_control/libdrivers__clock_control.a(clock_stm32_ll_common.c.obj)
 .z_init_PRE_KERNEL_1_P_1_SUB_0_
                0x00000000080043e0        0x8 zephyr/libzephyr.a(soc_config.c.obj)
 *(SORT_BY_NAME(SORT_BY_ALIGNMENT(.z_init_PRE_KERNEL_1_P_??_*)))
 .z_init_PRE_KERNEL_1_P_35_SUB_00059_
                0x00000000080043e8        0x8 zephyr/drivers/reset/libdrivers__reset.a(reset_stm32.c.obj)
 .z_init_PRE_KERNEL_1_P_40_SUB_00038_
                0x00000000080043f0        0x8 zephyr/libzephyr.a(gpioport_mgr.c.obj)
 .z_init_PRE_KERNEL_1_P_40_SUB_00043_
                0x00000000080043f8        0x8 zephyr/libzephyr.a(gpioport_mgr.c.obj)
 .z_init_PRE_KERNEL_1_P_40_SUB_00046_
                0x0000000008004400        0x8 zephyr/libzephyr.a(gpioport_mgr.c.obj)
 .z_init_PRE_KERNEL_1_P_40_SUB_00058_
                0x0000000008004408        0x8 zephyr/drivers/interrupt_controller/libdrivers__interrupt_controller.a(intc_exti_stm32.c.obj)
 .z_init_PRE_KERNEL_1_P_40_SUB_00088_
                0x0000000008004410        0x8 zephyr/libzephyr.a(gpioport_mgr.c.obj)
 .z_init_PRE_KERNEL_1_P_40_SUB_00089_
                0x0000000008004418        0x8 zephyr/libzephyr.a(gpioport_mgr.c.obj)
 .z_init_PRE_KERNEL_1_P_40_SUB_00090_
                0x0000000008004420        0x8 zephyr/libzephyr.a(gpioport_mgr.c.obj)
 .z_init_PRE_KERNEL_1_P_40_SUB_00091_
                0x0000000008004428        0x8 zephyr/libzephyr.a(gpioport_mgr.c.obj)
 .z_init_PRE_KERNEL_1_P_40_SUB_00092_
                0x0000000008004430        0x8 zephyr/libzephyr.a(gpioport_mgr.c.obj)
 .z_init_PRE_KERNEL_1_P_40_SUB_0_
                0x0000000008004438        0x8 zephyr/drivers/interrupt_controller/libdrivers__interrupt_controller.a(intc_gpio_stm32.c.obj)
 .z_init_PRE_KERNEL_1_P_50_SUB_00064_
                0x0000000008004440        0x8 zephyr/drivers/serial/libdrivers__serial.a(uart_stm32.c.obj)
 .z_init_PRE_KERNEL_1_P_60_SUB_0_
                0x0000000008004448        0x8 zephyr/drivers/console/libdrivers__console.a(uart_console.c.obj)
 *(SORT_BY_NAME(SORT_BY_ALIGNMENT(.z_init_PRE_KERNEL_1_P_???_*)))
                0x0000000008004450                __init_PRE_KERNEL_2_start = .
 *(SORT_BY_NAME(SORT_BY_ALIGNMENT(.z_init_PRE_KERNEL_2_P_?_*)))
 .z_init_PRE_KERNEL_2_P_0_SUB_0_
                0x0000000008004450        0x8 zephyr/drivers/timer/libdrivers__timer.a(cortex_m_systick.c.obj)
 *(SORT_BY_NAME(SORT_BY_ALIGNMENT(.z_init_PRE_KERNEL_2_P_??_*)))
 *(SORT_BY_NAME(SORT_BY_ALIGNMENT(.z_init_PRE_KERNEL_2_P_???_*)))
                0x0000000008004458                __init_POST_KERNEL_start = .
 *(SORT_BY_NAME(SORT_BY_ALIGNMENT(.z_init_POST_KERNEL_P_?_*)))
 *(SORT_BY_NAME(SORT_BY_ALIGNMENT(.z_init_POST_KERNEL_P_??_*)))
 .z_init_POST_KERNEL_P_35_SUB_0_
                0x0000000008004458        0x8 zephyr/lib/libc/common/liblib__libc__common.a(malloc.c.obj)
 .z_init_POST_KERNEL_P_50_SUB_00072_
                0x0000000008004460        0x8 zephyr/drivers/spi/libdrivers__spi.a(spi_stm32.c.obj)
 *(SORT_BY_NAME(SORT_BY_ALIGNMENT(.z_init_POST_KERNEL_P_???_*)))
                0x0000000008004468                __init_APPLICATION_start = .
 *(SORT_BY_NAME(SORT_BY_ALIGNMENT(.z_init_APPLICATION_P_?_*)))
 *(SORT_BY_NAME(SORT_BY_ALIGNMENT(.z_init_APPLICATION_P_??_*)))
 *(SORT_BY_NAME(SORT_BY_ALIGNMENT(.z_init_APPLICATION_P_???_*)))
                0x0000000008004468                __init_SMP_start = .
 *(SORT_BY_NAME(SORT_BY_ALIGNMENT(.z_init_SMP_P_?_*)))
 *(SORT_BY_NAME(SORT_BY_ALIGNMENT(.z_init_SMP_P_??_*)))
 *(SORT_BY_NAME(SORT_BY_ALIGNMENT(.z_init_SMP_P_???_*)))
                0x0000000008004468                __init_end = .

device_area     0x0000000008004468      0x16c
                0x0000000008004468                _device_list_start = .
 *(SORT_BY_NAME(SORT_BY_ALIGNMENT(._device.static.*_?_*)))
 ._device.static.1_1_
                0x0000000008004468       0x1c zephyr/drivers/clock_control/libdrivers__clock_control.a(clock_stm32_ll_common.c.obj)
                0x0000000008004468                __device_dts_ord_8
 *(SORT_BY_NAME(SORT_BY_ALIGNMENT(._device.static.*_??_*)))
 ._device.static.1_35_
                0x0000000008004484       0x1c zephyr/drivers/reset/libdrivers__reset.a(reset_stm32.c.obj)
                0x0000000008004484                __device_dts_ord_59
 ._device.static.1_40_
                0x00000000080044a0       0xe0 zephyr/libzephyr.a(gpioport_mgr.c.obj)
                0x00000000080044a0                __device_dts_ord_92
                0x00000000080044bc                __device_dts_ord_91
                0x00000000080044d8                __device_dts_ord_90
                0x00000000080044f4                __device_dts_ord_89
                0x0000000008004510                __device_dts_ord_88
                0x000000000800452c                __device_dts_ord_46
                0x0000000008004548                __device_dts_ord_38
                0x0000000008004564                __device_dts_ord_43
 ._device.static.1_40_
                0x0000000008004580       0x1c zephyr/drivers/interrupt_controller/libdrivers__interrupt_controller.a(intc_exti_stm32.c.obj)
                0x0000000008004580                __device_dts_ord_58
 ._device.static.1_50_
                0x000000000800459c       0x1c zephyr/drivers/serial/libdrivers__serial.a(uart_stm32.c.obj)
                0x000000000800459c                __device_dts_ord_64
 ._device.static.3_50_
                0x00000000080045b8       0x1c zephyr/drivers/spi/libdrivers__spi.a(spi_stm32.c.obj)
                0x00000000080045b8                __device_dts_ord_72
 *(SORT_BY_NAME(SORT_BY_ALIGNMENT(._device.static.*_???_*)))
 *(SORT_BY_NAME(SORT_BY_ALIGNMENT(._device.static.*_????_*)))
 *(SORT_BY_NAME(SORT_BY_ALIGNMENT(._device.static.*_?????_*)))
                0x00000000080045d4                _device_list_end = .

sw_isr_table    0x00000000080045d4      0x2a8
                0x00000000080045d4                . = ALIGN (0x4)
 *(SORT_BY_ALIGNMENT(.gnu.linkonce.sw_isr_table*))
 .gnu.linkonce.sw_isr_table
                0x00000000080045d4      0x2a8 zephyr/arch/common/libisr_tables.a(isr_tables.c.obj)
                0x00000000080045d4                _sw_isr_table

initlevel_error
                0x00000000080043d8        0x0
 *(SORT_BY_NAME(SORT_BY_ALIGNMENT(.z_init_*)))
                0x0000000000000001                ASSERT ((SIZEOF (initlevel_error) == 0x0), Undefined initialization levels used.)

app_shmem_regions
                0x000000000800487c        0x0
                0x000000000800487c                __app_shmem_regions_start = .
 *(SORT_BY_NAME(SORT_BY_ALIGNMENT(.app_regions.*)))
                0x000000000800487c                __app_shmem_regions_end = .

k_p4wq_initparam_area
                0x000000000800487c        0x0
                0x000000000800487c                _k_p4wq_initparam_list_start = .
 *(SORT_BY_NAME(SORT_BY_ALIGNMENT(._k_p4wq_initparam.static.*)))
                0x000000000800487c                _k_p4wq_initparam_list_end = .

_static_thread_data_area
                0x0000000008004880       0x30
                0x0000000008004880                __static_thread_data_list_start = .
 *(SORT_BY_NAME(SORT_BY_ALIGNMENT(.__static_thread_data.static.*)))
 .__static_thread_data.static._k_thread_data_dut_spi_thread_id_
                0x0000000008004880       0x30 app/libapp.a(dut_spi.c.obj)
                0x0000000008004880                _k_thread_data_dut_spi_thread_id
                0x00000000080048b0                __static_thread_data_list_end = .

device_deps     0x00000000080048b0        0x0
                0x00000000080048b0                __device_deps_start = .
 *(SORT_BY_NAME(SORT_BY_ALIGNMENT(.__device_deps_pass2*)))
                0x00000000080048b0                __device_deps_end = .

gpio_driver_api_area
                0x00000000080048b0       0x24
                0x00000000080048b0                _gpio_driver_api_list_start = .
 *(SORT_BY_NAME(SORT_BY_ALIGNMENT(._gpio_driver_api.static.*)))
 ._gpio_driver_api.static.gpio_stm32_driver_
                0x00000000080048b0       0x24 zephyr/drivers/gpio/libdrivers__gpio.a(gpio_stm32.c.obj)
                0x00000000080048b0                gpio_stm32_driver
                0x00000000080048d4                _gpio_driver_api_list_end = .

reset_driver_api_area
                0x00000000080048d4       0x10
                0x00000000080048d4                _reset_driver_api_list_start = .
 *(SORT_BY_NAME(SORT_BY_ALIGNMENT(._reset_driver_api.static.*)))
 ._reset_driver_api.static.reset_stm32_driver_api_
                0x00000000080048d4       0x10 zephyr/drivers/reset/libdrivers__reset.a(reset_stm32.c.obj)
                0x00000000080048e4                _reset_driver_api_list_end = .

spi_driver_api_area
                0x00000000080048e4        0x8
                0x00000000080048e4                _spi_driver_api_list_start = .
 *(SORT_BY_NAME(SORT_BY_ALIGNMENT(._spi_driver_api.static.*)))
 ._spi_driver_api.static.api_funcs_
                0x00000000080048e4        0x8 zephyr/drivers/spi/libdrivers__spi.a(spi_stm32.c.obj)
                0x00000000080048ec                _spi_driver_api_list_end = .

shared_irq_driver_api_area
                0x00000000080048ec        0x0
                0x00000000080048ec                _shared_irq_driver_api_list_start = .
 *(SORT_BY_NAME(SORT_BY_ALIGNMENT(._shared_irq_driver_api.static.*)))
                0x00000000080048ec                _shared_irq_driver_api_list_end = .

crypto_driver_api_area
                0x00000000080048ec        0x0
                0x00000000080048ec                _crypto_driver_api_list_start = .
 *(SORT_BY_NAME(SORT_BY_ALIGNMENT(._crypto_driver_api.static.*)))
                0x00000000080048ec                _crypto_driver_api_list_end = .

adc_driver_api_area
                0x00000000080048ec        0x0
                0x00000000080048ec                _adc_driver_api_list_start = .
 *(SORT_BY_NAME(SORT_BY_ALIGNMENT(._adc_driver_api.static.*)))
                0x00000000080048ec                _adc_driver_api_list_end = .

auxdisplay_driver_api_area
                0x00000000080048ec        0x0
                0x00000000080048ec                _auxdisplay_driver_api_list_start = .
 *(SORT_BY_NAME(SORT_BY_ALIGNMENT(._auxdisplay_driver_api.static.*)))
                0x00000000080048ec                _auxdisplay_driver_api_list_end = .

bbram_driver_api_area
                0x00000000080048ec        0x0
                0x00000000080048ec                _bbram_driver_api_list_start = .
 *(SORT_BY_NAME(SORT_BY_ALIGNMENT(._bbram_driver_api.static.*)))
                0x00000000080048ec                _bbram_driver_api_list_end = .

biometric_driver_api_area
                0x00000000080048ec        0x0
                0x00000000080048ec                _biometric_driver_api_list_start = .
 *(SORT_BY_NAME(SORT_BY_ALIGNMENT(._biometric_driver_api.static.*)))
                0x00000000080048ec                _biometric_driver_api_list_end = .

bt_hci_driver_api_area
                0x00000000080048ec        0x0
                0x00000000080048ec                _bt_hci_driver_api_list_start = .
 *(SORT_BY_NAME(SORT_BY_ALIGNMENT(._bt_hci_driver_api.static.*)))
                0x00000000080048ec                _bt_hci_driver_api_list_end = .

can_driver_api_area
                0x00000000080048ec        0x0
                0x00000000080048ec                _can_driver_api_list_start = .
 *(SORT_BY_NAME(SORT_BY_ALIGNMENT(._can_driver_api.static.*)))
                0x00000000080048ec                _can_driver_api_list_end = .

cellular_driver_api_area
                0x00000000080048ec        0x0
                0x00000000080048ec                _cellular_driver_api_list_start = .
 *(SORT_BY_NAME(SORT_BY_ALIGNMENT(._cellular_driver_api.static.*)))
                0x00000000080048ec                _cellular_driver_api_list_end = .

charger_driver_api_area
                0x00000000080048ec        0x0
                0x00000000080048ec                _charger_driver_api_list_start = .
 *(SORT_BY_NAME(SORT_BY_ALIGNMENT(._charger_driver_api.static.*)))
                0x00000000080048ec                _charger_driver_api_list_end = .

clock_control_driver_api_area
                0x00000000080048ec       0x1c
                0x00000000080048ec                _clock_control_driver_api_list_start = .
 *(SORT_BY_NAME(SORT_BY_ALIGNMENT(._clock_control_driver_api.static.*)))
 ._clock_control_driver_api.static.stm32_clock_control_api_
                0x00000000080048ec       0x1c zephyr/drivers/clock_control/libdrivers__clock_control.a(clock_stm32_ll_common.c.obj)
                0x0000000008004908                _clock_control_driver_api_list_end = .

comparator_driver_api_area
                0x0000000008004908        0x0
                0x0000000008004908                _comparator_driver_api_list_start = .
 *(SORT_BY_NAME(SORT_BY_ALIGNMENT(._comparator_driver_api.static.*)))
                0x0000000008004908                _comparator_driver_api_list_end = .

coredump_driver_api_area
                0x0000000008004908        0x0
                0x0000000008004908                _coredump_driver_api_list_start = .
 *(SORT_BY_NAME(SORT_BY_ALIGNMENT(._coredump_driver_api.static.*)))
                0x0000000008004908                _coredump_driver_api_list_end = .

counter_driver_api_area
                0x0000000008004908        0x0
                0x0000000008004908                _counter_driver_api_list_start = .
 *(SORT_BY_NAME(SORT_BY_ALIGNMENT(._counter_driver_api.static.*)))
                0x0000000008004908                _counter_driver_api_list_end = .

crc_driver_api_area
                0x0000000008004908        0x0
                0x0000000008004908                _crc_driver_api_list_start = .
 *(SORT_BY_NAME(SORT_BY_ALIGNMENT(._crc_driver_api.static.*)))
                0x0000000008004908                _crc_driver_api_list_end = .

dac_driver_api_area
                0x0000000008004908        0x0
                0x0000000008004908                _dac_driver_api_list_start = .
 *(SORT_BY_NAME(SORT_BY_ALIGNMENT(._dac_driver_api.static.*)))
                0x0000000008004908                _dac_driver_api_list_end = .

dai_driver_api_area
                0x0000000008004908        0x0
                0x0000000008004908                _dai_driver_api_list_start = .
 *(SORT_BY_NAME(SORT_BY_ALIGNMENT(._dai_driver_api.static.*)))
                0x0000000008004908                _dai_driver_api_list_end = .

display_driver_api_area
                0x0000000008004908        0x0
                0x0000000008004908                _display_driver_api_list_start = .
 *(SORT_BY_NAME(SORT_BY_ALIGNMENT(._display_driver_api.static.*)))
                0x0000000008004908                _display_driver_api_list_end = .

dma_driver_api_area
                0x0000000008004908        0x0
                0x0000000008004908                _dma_driver_api_list_start = .
 *(SORT_BY_NAME(SORT_BY_ALIGNMENT(._dma_driver_api.static.*)))
                0x0000000008004908                _dma_driver_api_list_end = .

edac_driver_api_area
                0x0000000008004908        0x0
                0x0000000008004908                _edac_driver_api_list_start = .
 *(SORT_BY_NAME(SORT_BY_ALIGNMENT(._edac_driver_api.static.*)))
                0x0000000008004908                _edac_driver_api_list_end = .

eeprom_driver_api_area
                0x0000000008004908        0x0
                0x0000000008004908                _eeprom_driver_api_list_start = .
 *(SORT_BY_NAME(SORT_BY_ALIGNMENT(._eeprom_driver_api.static.*)))
                0x0000000008004908                _eeprom_driver_api_list_end = .

emul_bbram_driver_api_area
                0x0000000008004908        0x0
                0x0000000008004908                _emul_bbram_driver_api_list_start = .
 *(SORT_BY_NAME(SORT_BY_ALIGNMENT(._emul_bbram_driver_api.static.*)))
                0x0000000008004908                _emul_bbram_driver_api_list_end = .

fuel_gauge_emul_driver_api_area
                0x0000000008004908        0x0
                0x0000000008004908                _fuel_gauge_emul_driver_api_list_start = .
 *(SORT_BY_NAME(SORT_BY_ALIGNMENT(._fuel_gauge_emul_driver_api.static.*)))
                0x0000000008004908                _fuel_gauge_emul_driver_api_list_end = .

emul_sensor_driver_api_area
                0x0000000008004908        0x0
                0x0000000008004908                _emul_sensor_driver_api_list_start = .
 *(SORT_BY_NAME(SORT_BY_ALIGNMENT(._emul_sensor_driver_api.static.*)))
                0x0000000008004908                _emul_sensor_driver_api_list_end = .

entropy_driver_api_area
                0x0000000008004908        0x0
                0x0000000008004908                _entropy_driver_api_list_start = .
 *(SORT_BY_NAME(SORT_BY_ALIGNMENT(._entropy_driver_api.static.*)))
                0x0000000008004908                _entropy_driver_api_list_end = .

espi_driver_api_area
                0x0000000008004908        0x0
                0x0000000008004908                _espi_driver_api_list_start = .
 *(SORT_BY_NAME(SORT_BY_ALIGNMENT(._espi_driver_api.static.*)))
                0x0000000008004908                _espi_driver_api_list_end = .

espi_saf_driver_api_area
                0x0000000008004908        0x0
                0x0000000008004908                _espi_saf_driver_api_list_start = .
 *(SORT_BY_NAME(SORT_BY_ALIGNMENT(._espi_saf_driver_api.static.*)))
                0x0000000008004908                _espi_saf_driver_api_list_end = .

flash_driver_api_area
                0x0000000008004908        0x0
                0x0000000008004908                _flash_driver_api_list_start = .
 *(SORT_BY_NAME(SORT_BY_ALIGNMENT(._flash_driver_api.static.*)))
                0x0000000008004908                _flash_driver_api_list_end = .

fpga_driver_api_area
                0x0000000008004908        0x0
                0x0000000008004908                _fpga_driver_api_list_start = .
 *(SORT_BY_NAME(SORT_BY_ALIGNMENT(._fpga_driver_api.static.*)))
                0x0000000008004908                _fpga_driver_api_list_end = .

fuel_gauge_driver_api_area
                0x0000000008004908        0x0
                0x0000000008004908                _fuel_gauge_driver_api_list_start = .
 *(SORT_BY_NAME(SORT_BY_ALIGNMENT(._fuel_gauge_driver_api.static.*)))
                0x0000000008004908                _fuel_gauge_driver_api_list_end = .

gnss_driver_api_area
                0x0000000008004908        0x0
                0x0000000008004908                _gnss_driver_api_list_start = .
 *(SORT_BY_NAME(SORT_BY_ALIGNMENT(._gnss_driver_api.static.*)))
                0x0000000008004908                _gnss_driver_api_list_end = .

haptics_driver_api_area
                0x0000000008004908        0x0
                0x0000000008004908                _haptics_driver_api_list_start = .
 *(SORT_BY_NAME(SORT_BY_ALIGNMENT(._haptics_driver_api.static.*)))
                0x0000000008004908                _haptics_driver_api_list_end = .

hwspinlock_driver_api_area
                0x0000000008004908        0x0
                0x0000000008004908                _hwspinlock_driver_api_list_start = .
 *(SORT_BY_NAME(SORT_BY_ALIGNMENT(._hwspinlock_driver_api.static.*)))
                0x0000000008004908                _hwspinlock_driver_api_list_end = .

i2c_driver_api_area
                0x0000000008004908        0x0
                0x0000000008004908                _i2c_driver_api_list_start = .
 *(SORT_BY_NAME(SORT_BY_ALIGNMENT(._i2c_driver_api.static.*)))
                0x0000000008004908                _i2c_driver_api_list_end = .

i2c_target_driver_api_area
                0x0000000008004908        0x0
                0x0000000008004908                _i2c_target_driver_api_list_start = .
 *(SORT_BY_NAME(SORT_BY_ALIGNMENT(._i2c_target_driver_api.static.*)))
                0x0000000008004908                _i2c_target_driver_api_list_end = .

i2s_driver_api_area
                0x0000000008004908        0x0
                0x0000000008004908                _i2s_driver_api_list_start = .
 *(SORT_BY_NAME(SORT_BY_ALIGNMENT(._i2s_driver_api.static.*)))
                0x0000000008004908                _i2s_driver_api_list_end = .

i3c_driver_api_area
                0x0000000008004908        0x0
                0x0000000008004908                _i3c_driver_api_list_start = .
 *(SORT_BY_NAME(SORT_BY_ALIGNMENT(._i3c_driver_api.static.*)))
                0x0000000008004908                _i3c_driver_api_list_end = .

ipm_driver_api_area
                0x0000000008004908        0x0
                0x0000000008004908                _ipm_driver_api_list_start = .
 *(SORT_BY_NAME(SORT_BY_ALIGNMENT(._ipm_driver_api.static.*)))
                0x0000000008004908                _ipm_driver_api_list_end = .

led_driver_api_area
                0x0000000008004908        0x0
                0x0000000008004908                _led_driver_api_list_start = .
 *(SORT_BY_NAME(SORT_BY_ALIGNMENT(._led_driver_api.static.*)))
                0x0000000008004908                _led_driver_api_list_end = .

led_strip_driver_api_area
                0x0000000008004908        0x0
                0x0000000008004908                _led_strip_driver_api_list_start = .
 *(SORT_BY_NAME(SORT_BY_ALIGNMENT(._led_strip_driver_api.static.*)))
                0x0000000008004908                _led_strip_driver_api_list_end = .

lora_driver_api_area
                0x0000000008004908        0x0
                0x0000000008004908                _lora_driver_api_list_start = .
 *(SORT_BY_NAME(SORT_BY_ALIGNMENT(._lora_driver_api.static.*)))
                0x0000000008004908                _lora_driver_api_list_end = .

mbox_driver_api_area
                0x0000000008004908        0x0
                0x0000000008004908                _mbox_driver_api_list_start = .
 *(SORT_BY_NAME(SORT_BY_ALIGNMENT(._mbox_driver_api.static.*)))
                0x0000000008004908                _mbox_driver_api_list_end = .

mdio_driver_api_area
                0x0000000008004908        0x0
                0x0000000008004908                _mdio_driver_api_list_start = .
 *(SORT_BY_NAME(SORT_BY_ALIGNMENT(._mdio_driver_api.static.*)))
                0x0000000008004908                _mdio_driver_api_list_end = .

mipi_dbi_driver_api_area
                0x0000000008004908        0x0
                0x0000000008004908                _mipi_dbi_driver_api_list_start = .
 *(SORT_BY_NAME(SORT_BY_ALIGNMENT(._mipi_dbi_driver_api.static.*)))
                0x0000000008004908                _mipi_dbi_driver_api_list_end = .

mipi_dsi_driver_api_area
                0x0000000008004908        0x0
                0x0000000008004908                _mipi_dsi_driver_api_list_start = .
 *(SORT_BY_NAME(SORT_BY_ALIGNMENT(._mipi_dsi_driver_api.static.*)))
                0x0000000008004908                _mipi_dsi_driver_api_list_end = .

mspi_driver_api_area
                0x0000000008004908        0x0
                0x0000000008004908                _mspi_driver_api_list_start = .
 *(SORT_BY_NAME(SORT_BY_ALIGNMENT(._mspi_driver_api.static.*)))
                0x0000000008004908                _mspi_driver_api_list_end = .

opamp_driver_api_area
                0x0000000008004908        0x0
                0x0000000008004908                _opamp_driver_api_list_start = .
 *(SORT_BY_NAME(SORT_BY_ALIGNMENT(._opamp_driver_api.static.*)))
                0x0000000008004908                _opamp_driver_api_list_end = .

otp_driver_api_area
                0x0000000008004908        0x0
                0x0000000008004908                _otp_driver_api_list_start = .
 *(SORT_BY_NAME(SORT_BY_ALIGNMENT(._otp_driver_api.static.*)))
                0x0000000008004908                _otp_driver_api_list_end = .

peci_driver_api_area
                0x0000000008004908        0x0
                0x0000000008004908                _peci_driver_api_list_start = .
 *(SORT_BY_NAME(SORT_BY_ALIGNMENT(._peci_driver_api.static.*)))
                0x0000000008004908                _peci_driver_api_list_end = .

ps2_driver_api_area
                0x0000000008004908        0x0
                0x0000000008004908                _ps2_driver_api_list_start = .
 *(SORT_BY_NAME(SORT_BY_ALIGNMENT(._ps2_driver_api.static.*)))
                0x0000000008004908                _ps2_driver_api_list_end = .

ptp_clock_driver_api_area
                0x0000000008004908        0x0
                0x0000000008004908                _ptp_clock_driver_api_list_start = .
 *(SORT_BY_NAME(SORT_BY_ALIGNMENT(._ptp_clock_driver_api.static.*)))
                0x0000000008004908                _ptp_clock_driver_api_list_end = .

pwm_driver_api_area
                0x0000000008004908        0x0
                0x0000000008004908                _pwm_driver_api_list_start = .
 *(SORT_BY_NAME(SORT_BY_ALIGNMENT(._pwm_driver_api.static.*)))
                0x0000000008004908                _pwm_driver_api_list_end = .

regulator_parent_driver_api_area
                0x0000000008004908        0x0
                0x0000000008004908                _regulator_parent_driver_api_list_start = .
 *(SORT_BY_NAME(SORT_BY_ALIGNMENT(._regulator_parent_driver_api.static.*)))
                0x0000000008004908                _regulator_parent_driver_api_list_end = .

regulator_driver_api_area
                0x0000000008004908        0x0
                0x0000000008004908                _regulator_driver_api_list_start = .
 *(SORT_BY_NAME(SORT_BY_ALIGNMENT(._regulator_driver_api.static.*)))
                0x0000000008004908                _regulator_driver_api_list_end = .

retained_mem_driver_api_area
                0x0000000008004908        0x0
                0x0000000008004908                _retained_mem_driver_api_list_start = .
 *(SORT_BY_NAME(SORT_BY_ALIGNMENT(._retained_mem_driver_api.static.*)))
                0x0000000008004908                _retained_mem_driver_api_list_end = .

rtc_driver_api_area
                0x0000000008004908        0x0
                0x0000000008004908                _rtc_driver_api_list_start = .
 *(SORT_BY_NAME(SORT_BY_ALIGNMENT(._rtc_driver_api.static.*)))
                0x0000000008004908                _rtc_driver_api_list_end = .

sdhc_driver_api_area
                0x0000000008004908        0x0
                0x0000000008004908                _sdhc_driver_api_list_start = .
 *(SORT_BY_NAME(SORT_BY_ALIGNMENT(._sdhc_driver_api.static.*)))
                0x0000000008004908                _sdhc_driver_api_list_end = .

sensor_driver_api_area
                0x0000000008004908        0x0
                0x0000000008004908                _sensor_driver_api_list_start = .
 *(SORT_BY_NAME(SORT_BY_ALIGNMENT(._sensor_driver_api.static.*)))
                0x0000000008004908                _sensor_driver_api_list_end = .

smbus_driver_api_area
                0x0000000008004908        0x0
                0x0000000008004908                _smbus_driver_api_list_start = .
 *(SORT_BY_NAME(SORT_BY_ALIGNMENT(._smbus_driver_api.static.*)))
                0x0000000008004908                _smbus_driver_api_list_end = .

syscon_driver_api_area
                0x0000000008004908        0x0
                0x0000000008004908                _syscon_driver_api_list_start = .
 *(SORT_BY_NAME(SORT_BY_ALIGNMENT(._syscon_driver_api.static.*)))
                0x0000000008004908                _syscon_driver_api_list_end = .

tee_driver_api_area
                0x0000000008004908        0x0
                0x0000000008004908                _tee_driver_api_list_start = .
 *(SORT_BY_NAME(SORT_BY_ALIGNMENT(._tee_driver_api.static.*)))
                0x0000000008004908                _tee_driver_api_list_end = .

uaol_driver_api_area
                0x0000000008004908        0x0
                0x0000000008004908                _uaol_driver_api_list_start = .
 *(SORT_BY_NAME(SORT_BY_ALIGNMENT(._uaol_driver_api.static.*)))
                0x0000000008004908                _uaol_driver_api_list_end = .

video_driver_api_area
                0x0000000008004908        0x0
                0x0000000008004908                _video_driver_api_list_start = .
 *(SORT_BY_NAME(SORT_BY_ALIGNMENT(._video_driver_api.static.*)))
                0x0000000008004908                _video_driver_api_list_end = .

virtio_driver_api_area
                0x0000000008004908        0x0
                0x0000000008004908                _virtio_driver_api_list_start = .
 *(SORT_BY_NAME(SORT_BY_ALIGNMENT(._virtio_driver_api.static.*)))
                0x0000000008004908                _virtio_driver_api_list_end = .

w1_driver_api_area
                0x0000000008004908        0x0
                0x0000000008004908                _w1_driver_api_list_start = .
 *(SORT_BY_NAME(SORT_BY_ALIGNMENT(._w1_driver_api.static.*)))
                0x0000000008004908                _w1_driver_api_list_end = .

wdt_driver_api_area
                0x0000000008004908        0x0
                0x0000000008004908                _wdt_driver_api_list_start = .
 *(SORT_BY_NAME(SORT_BY_ALIGNMENT(._wdt_driver_api.static.*)))
                0x0000000008004908                _wdt_driver_api_list_end = .

wuc_driver_api_area
                0x0000000008004908        0x0
                0x0000000008004908                _wuc_driver_api_list_start = .
 *(SORT_BY_NAME(SORT_BY_ALIGNMENT(._wuc_driver_api.static.*)))
                0x0000000008004908                _wuc_driver_api_list_end = .

can_transceiver_driver_api_area
                0x0000000008004908        0x0
                0x0000000008004908                _can_transceiver_driver_api_list_start = .
 *(SORT_BY_NAME(SORT_BY_ALIGNMENT(._can_transceiver_driver_api.static.*)))
                0x0000000008004908                _can_transceiver_driver_api_list_end = .

nrf_clock_control_driver_api_area
                0x0000000008004908        0x0
                0x0000000008004908                _nrf_clock_control_driver_api_list_start = .
 *(SORT_BY_NAME(SORT_BY_ALIGNMENT(._nrf_clock_control_driver_api.static.*)))
                0x0000000008004908                _nrf_clock_control_driver_api_list_end = .

i3c_target_driver_api_area
                0x0000000008004908        0x0
                0x0000000008004908                _i3c_target_driver_api_list_start = .
 *(SORT_BY_NAME(SORT_BY_ALIGNMENT(._i3c_target_driver_api.static.*)))
                0x0000000008004908                _i3c_target_driver_api_list_end = .

its_driver_api_area
                0x0000000008004908        0x0
                0x0000000008004908                _its_driver_api_list_start = .
 *(SORT_BY_NAME(SORT_BY_ALIGNMENT(._its_driver_api.static.*)))
                0x0000000008004908                _its_driver_api_list_end = .

vtd_driver_api_area
                0x0000000008004908        0x0
                0x0000000008004908                _vtd_driver_api_list_start = .
 *(SORT_BY_NAME(SORT_BY_ALIGNMENT(._vtd_driver_api.static.*)))
                0x0000000008004908                _vtd_driver_api_list_end = .

renesas_elc_driver_api_area
                0x0000000008004908        0x0
                0x0000000008004908                _renesas_elc_driver_api_list_start = .
 *(SORT_BY_NAME(SORT_BY_ALIGNMENT(._renesas_elc_driver_api.static.*)))
                0x0000000008004908                _renesas_elc_driver_api_list_end = .

tgpio_driver_api_area
                0x0000000008004908        0x0
                0x0000000008004908                _tgpio_driver_api_list_start = .
 *(SORT_BY_NAME(SORT_BY_ALIGNMENT(._tgpio_driver_api.static.*)))
                0x0000000008004908                _tgpio_driver_api_list_end = .

pcie_ctrl_driver_api_area
                0x0000000008004908        0x0
                0x0000000008004908                _pcie_ctrl_driver_api_list_start = .
 *(SORT_BY_NAME(SORT_BY_ALIGNMENT(._pcie_ctrl_driver_api.static.*)))
                0x0000000008004908                _pcie_ctrl_driver_api_list_end = .

pcie_ep_driver_api_area
                0x0000000008004908        0x0
                0x0000000008004908                _pcie_ep_driver_api_list_start = .
 *(SORT_BY_NAME(SORT_BY_ALIGNMENT(._pcie_ep_driver_api.static.*)))
                0x0000000008004908                _pcie_ep_driver_api_list_end = .

psi5_driver_api_area
                0x0000000008004908        0x0
                0x0000000008004908                _psi5_driver_api_list_start = .
 *(SORT_BY_NAME(SORT_BY_ALIGNMENT(._psi5_driver_api.static.*)))
                0x0000000008004908                _psi5_driver_api_list_end = .

sent_driver_api_area
                0x0000000008004908        0x0
                0x0000000008004908                _sent_driver_api_list_start = .
 *(SORT_BY_NAME(SORT_BY_ALIGNMENT(._sent_driver_api.static.*)))
                0x0000000008004908                _sent_driver_api_list_end = .

svc_driver_api_area
                0x0000000008004908        0x0
                0x0000000008004908                _svc_driver_api_list_start = .
 *(SORT_BY_NAME(SORT_BY_ALIGNMENT(._svc_driver_api.static.*)))
                0x0000000008004908                _svc_driver_api_list_end = .

stepper_driver_api_area
                0x0000000008004908        0x0
                0x0000000008004908                _stepper_driver_api_list_start = .
 *(SORT_BY_NAME(SORT_BY_ALIGNMENT(._stepper_driver_api.static.*)))
                0x0000000008004908                _stepper_driver_api_list_end = .

stepper_ctrl_driver_api_area
                0x0000000008004908        0x0
                0x0000000008004908                _stepper_ctrl_driver_api_list_start = .
 *(SORT_BY_NAME(SORT_BY_ALIGNMENT(._stepper_ctrl_driver_api.static.*)))
                0x0000000008004908                _stepper_ctrl_driver_api_list_end = .

uart_driver_api_area
                0x0000000008004908       0x4c
                0x0000000008004908                _uart_driver_api_list_start = .
 *(SORT_BY_NAME(SORT_BY_ALIGNMENT(._uart_driver_api.static.*)))
 ._uart_driver_api.static.uart_stm32_driver_api_
                0x0000000008004908       0x4c zephyr/drivers/serial/libdrivers__serial.a(uart_stm32.c.obj)
                0x0000000008004954                _uart_driver_api_list_end = .

bc12_emul_driver_api_area
                0x0000000008004954        0x0
                0x0000000008004954                _bc12_emul_driver_api_list_start = .
 *(SORT_BY_NAME(SORT_BY_ALIGNMENT(._bc12_emul_driver_api.static.*)))
                0x0000000008004954                _bc12_emul_driver_api_list_end = .

bc12_driver_api_area
                0x0000000008004954        0x0
                0x0000000008004954                _bc12_driver_api_list_start = .
 *(SORT_BY_NAME(SORT_BY_ALIGNMENT(._bc12_driver_api.static.*)))
                0x0000000008004954                _bc12_driver_api_list_end = .

usbc_ppc_driver_api_area
                0x0000000008004954        0x0
                0x0000000008004954                _usbc_ppc_driver_api_list_start = .
 *(SORT_BY_NAME(SORT_BY_ALIGNMENT(._usbc_ppc_driver_api.static.*)))
                0x0000000008004954                _usbc_ppc_driver_api_list_end = .

tcpc_driver_api_area
                0x0000000008004954        0x0
                0x0000000008004954                _tcpc_driver_api_list_start = .
 *(SORT_BY_NAME(SORT_BY_ALIGNMENT(._tcpc_driver_api.static.*)))
                0x0000000008004954                _tcpc_driver_api_list_end = .

usbc_vbus_driver_api_area
                0x0000000008004954        0x0
                0x0000000008004954                _usbc_vbus_driver_api_list_start = .
 *(SORT_BY_NAME(SORT_BY_ALIGNMENT(._usbc_vbus_driver_api.static.*)))
                0x0000000008004954                _usbc_vbus_driver_api_list_end = .

ivshmem_driver_api_area
                0x0000000008004954        0x0
                0x0000000008004954                _ivshmem_driver_api_list_start = .
 *(SORT_BY_NAME(SORT_BY_ALIGNMENT(._ivshmem_driver_api.static.*)))
                0x0000000008004954                _ivshmem_driver_api_list_end = .

ethphy_driver_api_area
                0x0000000008004954        0x0
                0x0000000008004954                _ethphy_driver_api_list_start = .
 *(SORT_BY_NAME(SORT_BY_ALIGNMENT(._ethphy_driver_api.static.*)))
                0x0000000008004954                _ethphy_driver_api_list_end = .

ztest           0x0000000008004954        0x0
                0x0000000008004954                _ztest_expected_result_entry_list_start = .
 *(SORT_BY_NAME(SORT_BY_ALIGNMENT(._ztest_expected_result_entry.static.*)))
                0x0000000008004954                _ztest_expected_result_entry_list_end = .
                0x0000000008004954                _ztest_suite_node_list_start = .
 *(SORT_BY_NAME(SORT_BY_ALIGNMENT(._ztest_suite_node.static.*)))
                0x0000000008004954                _ztest_suite_node_list_end = .
                0x0000000008004954                _ztest_unit_test_list_start = .
 *(SORT_BY_NAME(SORT_BY_ALIGNMENT(._ztest_unit_test.static.*)))
                0x0000000008004954                _ztest_unit_test_list_end = .
                0x0000000008004954                _ztest_test_rule_list_start = .
 *(SORT_BY_NAME(SORT_BY_ALIGNMENT(._ztest_test_rule.static.*)))
                0x0000000008004954                _ztest_test_rule_list_end = .

init_array      0x0000000008004954        0x0
                0x0000000008004954                __zephyr_init_array_start = .
 *(SORT_BY_INIT_PRIORITY(.init_array.*) SORT_BY_INIT_PRIORITY(.ctors.*))
 *(SORT_BY_ALIGNMENT(.init_array) SORT_BY_ALIGNMENT(.ctors))
                0x0000000008004954                __zephyr_init_array_end = .
                0x0000000000000001                ASSERT ((__zephyr_init_array_start == __zephyr_init_array_end), GNU-style constructors required but STATIC_INIT_GNU not enabled)

bt_l2cap_fixed_chan_area
                0x0000000008004954        0x0
                0x0000000008004954                _bt_l2cap_fixed_chan_list_start = .
 *(SORT_BY_NAME(SORT_BY_ALIGNMENT(._bt_l2cap_fixed_chan.static.*)))
                0x0000000008004954                _bt_l2cap_fixed_chan_list_end = .

bt_gatt_service_static_area
                0x0000000008004954        0x0
                0x0000000008004954                _bt_gatt_service_static_list_start = .
 *(SORT_BY_NAME(SORT_BY_ALIGNMENT(._bt_gatt_service_static.static.*)))
                0x0000000008004954                _bt_gatt_service_static_list_end = .

log_strings_area
                0x0000000008004954        0x0
                0x0000000008004954                _log_strings_list_start = .
 *(SORT_BY_NAME(SORT_BY_ALIGNMENT(._log_strings.static.*)))
                0x0000000008004954                _log_strings_list_end = .

log_stmesp_ptr_area
                0x0000000008004954        0x0
                0x0000000008004954                _log_stmesp_ptr_list_start = .
 *(SORT_BY_NAME(SORT_BY_ALIGNMENT(._log_stmesp_ptr.static.*)))
                0x0000000008004954                _log_stmesp_ptr_list_end = .

log_stmesp_str_area
                0x0000000008004954        0x0
                0x0000000008004954                _log_stmesp_str_list_start = .
 *(SORT_BY_NAME(SORT_BY_ALIGNMENT(._log_stmesp_str.static.*)))
                0x0000000008004954                _log_stmesp_str_list_end = .

log_const_area  0x0000000008004954        0x0
                0x0000000008004954                _log_const_list_start = .
 *(SORT_BY_NAME(SORT_BY_ALIGNMENT(._log_const.static.*)))
                0x0000000008004954                _log_const_list_end = .

log_backend_area
                0x0000000008004954        0x0
                0x0000000008004954                _log_backend_list_start = .
 *(SORT_BY_NAME(SORT_BY_ALIGNMENT(._log_backend.static.*)))
                0x0000000008004954                _log_backend_list_end = .

log_link_area   0x0000000008004954        0x0
                0x0000000008004954                _log_link_list_start = .
 *(SORT_BY_NAME(SORT_BY_ALIGNMENT(._log_link.static.*)))
                0x0000000008004954                _log_link_list_end = .

tracing_backend_area
                0x0000000008004954        0x0
                0x0000000008004954                _tracing_backend_list_start = .
 *(SORT_BY_NAME(SORT_BY_ALIGNMENT(._tracing_backend.static.*)))
                0x0000000008004954                _tracing_backend_list_end = .

zephyr_dbg_info
 *(SORT_BY_ALIGNMENT(.dbg_thread_info))

intc_table_area
                0x0000000008004954        0x0
                0x0000000008004954                _intc_table_list_start = .
 *(SORT_BY_NAME(SORT_BY_ALIGNMENT(._intc_table.static.*)))
                0x0000000008004954                _intc_table_list_end = .

symbol_to_keep  0x0000000008004954        0x0
                0x0000000008004954                __symbol_to_keep_start = .
 *(SORT_BY_NAME(SORT_BY_ALIGNMENT(.symbol_to_keep*)))
                0x0000000008004954                __symbol_to_keep_end = .

shell_area      0x0000000008004954        0x0
                0x0000000008004954                _shell_list_start = .
 *(SORT_BY_NAME(SORT_BY_ALIGNMENT(._shell.static.*)))
                0x0000000008004954                _shell_list_end = .

shell_root_cmds_area
                0x0000000008004954        0x0
                0x0000000008004954                _shell_root_cmds_list_start = .
 *(SORT_BY_NAME(SORT_BY_ALIGNMENT(._shell_root_cmds.static.*)))
                0x0000000008004954                _shell_root_cmds_list_end = .

shell_subcmds_area
                0x0000000008004954        0x0
                0x0000000008004954                _shell_subcmds_list_start = .
 *(SORT_BY_NAME(SORT_BY_ALIGNMENT(._shell_subcmds.static.*)))
                0x0000000008004954                _shell_subcmds_list_end = .

shell_dynamic_subcmds_area
                0x0000000008004954        0x0
                0x0000000008004954                _shell_dynamic_subcmds_list_start = .
 *(SORT_BY_NAME(SORT_BY_ALIGNMENT(._shell_dynamic_subcmds.static.*)))
                0x0000000008004954                _shell_dynamic_subcmds_list_end = .

cfb_font_area   0x0000000008004954        0x0
                0x0000000008004954                _cfb_font_list_start = .
 *(SORT_BY_NAME(SORT_BY_ALIGNMENT(._cfb_font.static.*)))
                0x0000000008004954                _cfb_font_list_end = .

tdata           0x0000000008004954        0x0
 *(SORT_BY_ALIGNMENT(.tdata) SORT_BY_ALIGNMENT(.tdata.*) SORT_BY_ALIGNMENT(.gnu.linkonce.td.*))

tbss            0x0000000008004954        0x4
 *(SORT_BY_ALIGNMENT(.tbss) SORT_BY_ALIGNMENT(.tbss.*) SORT_BY_ALIGNMENT(.gnu.linkonce.tb.*) SORT_BY_ALIGNMENT(.tcommon))
 .tbss.z_tls_current
                0x0000000008004954        0x4 zephyr/libzephyr.a(thread_entry.c.obj)
                0x0000000008004954                z_tls_current
                0x0000000008004954                PROVIDE (__tdata_start = LOADADDR (tdata))
                0x0000000000000001                PROVIDE (__tdata_align = ALIGNOF (tdata))
                0x0000000000000000                PROVIDE (__tdata_size = (((SIZEOF (tdata) + __tdata_align) - 0x1) & ~ ((__tdata_align - 0x1))))
                [!provide]                        PROVIDE (__tdata_end = (__tdata_start + __tdata_size))
                0x0000000000000004                PROVIDE (__tbss_align = ALIGNOF (tbss))
                [!provide]                        PROVIDE (__tbss_start = ADDR (tbss))
                0x0000000000000004                PROVIDE (__tbss_size = (((SIZEOF (tbss) + __tbss_align) - 0x1) & ~ ((__tbss_align - 0x1))))
                [!provide]                        PROVIDE (__tbss_end = (__tbss_start + __tbss_size))
                [!provide]                        PROVIDE (__tls_start = __tdata_start)
                [!provide]                        PROVIDE (__tls_end = __tbss_end)
                [!provide]                        PROVIDE (__tls_size = (__tbss_end - __tdata_start))

rodata          0x0000000008004954      0x858
 *(SORT_BY_ALIGNMENT(.rodata))
 .rodata        0x0000000008004954        0x8 zephyr/drivers/interrupt_controller/libdrivers__interrupt_controller.a(intc_exti_stm32.c.obj)
 *(SORT_BY_ALIGNMENT(.rodata.*))
 .rodata.dut_dio_out
                0x000000000800495c        0x8 app/libapp.a(dut_dio.c.obj)
 .rodata.dut_dio_in
                0x0000000008004964        0x8 app/libapp.a(dut_dio.c.obj)
 .rodata.gpio_stm32_cfg_h
                0x000000000800496c       0x14 zephyr/libzephyr.a(gpioport_mgr.c.obj)
 .rodata.gpio_stm32_cfg_g
                0x0000000008004980       0x14 zephyr/libzephyr.a(gpioport_mgr.c.obj)
 .rodata.gpio_stm32_cfg_f
                0x0000000008004994       0x14 zephyr/libzephyr.a(gpioport_mgr.c.obj)
 .rodata.gpio_stm32_cfg_e
                0x00000000080049a8       0x14 zephyr/libzephyr.a(gpioport_mgr.c.obj)
 .rodata.gpio_stm32_cfg_d
                0x00000000080049bc       0x14 zephyr/libzephyr.a(gpioport_mgr.c.obj)
 .rodata.gpio_stm32_cfg_c
                0x00000000080049d0       0x14 zephyr/libzephyr.a(gpioport_mgr.c.obj)
 .rodata.gpio_stm32_cfg_b
                0x00000000080049e4       0x14 zephyr/libzephyr.a(gpioport_mgr.c.obj)
 .rodata.gpio_stm32_cfg_a
                0x00000000080049f8       0x14 zephyr/libzephyr.a(gpioport_mgr.c.obj)
 .rodata.gpio_ports
                0x0000000008004a0c       0x68 zephyr/libzephyr.a(gpioport_mgr.c.obj)
 .rodata.mem_attr_region
                0x0000000008004a74        0x0 zephyr/libzephyr.a(mem_attr.c.obj)
 .rodata.static_regions
                0x0000000008004a74        0xc zephyr/arch/arch/arm/core/mpu/libarch__arm__core__mpu.a(arm_core_mpu.c.obj)
 .rodata.mpu_config
                0x0000000008004a80        0x8 zephyr/arch/arch/arm/core/mpu/libarch__arm__core__mpu.a(arm_mpu_regions.c.obj)
                0x0000000008004a80                mpu_config
 .rodata.mpu_regions
                0x0000000008004a88       0x18 zephyr/arch/arch/arm/core/mpu/libarch__arm__core__mpu.a(arm_mpu_regions.c.obj)
 .rodata.reset_stm32_config
                0x0000000008004aa0        0x4 zephyr/drivers/reset/libdrivers__reset.a(reset_stm32.c.obj)
 .rodata.uart_stm32_cfg_0
                0x0000000008004aa4       0x2c zephyr/drivers/serial/libdrivers__serial.a(uart_stm32.c.obj)
 .rodata.pclken_0
                0x0000000008004ad0        0x8 zephyr/drivers/serial/libdrivers__serial.a(uart_stm32.c.obj)
 .rodata.__pinctrl_dev_config__device_dts_ord_64
                0x0000000008004ad8        0x8 zephyr/drivers/serial/libdrivers__serial.a(uart_stm32.c.obj)
 .rodata.__pinctrl_states__device_dts_ord_64
                0x0000000008004ae0        0x8 zephyr/drivers/serial/libdrivers__serial.a(uart_stm32.c.obj)
 .rodata.__pinctrl_state_pins_0__device_dts_ord_64
                0x0000000008004ae8       0x10 zephyr/drivers/serial/libdrivers__serial.a(uart_stm32.c.obj)
 .rodata.scaler.0
                0x0000000008004af8       0x20 zephyr/drivers/spi/libdrivers__spi.a(spi_stm32.c.obj)
 .rodata.spi_stm32_cfg_0
                0x0000000008004b18       0x1c zephyr/drivers/spi/libdrivers__spi.a(spi_stm32.c.obj)
 .rodata.pclken_0
                0x0000000008004b34        0x8 zephyr/drivers/spi/libdrivers__spi.a(spi_stm32.c.obj)
 .rodata.__pinctrl_dev_config__device_dts_ord_72
                0x0000000008004b3c        0x8 zephyr/drivers/spi/libdrivers__spi.a(spi_stm32.c.obj)
 .rodata.__pinctrl_states__device_dts_ord_72
                0x0000000008004b44        0x8 zephyr/drivers/spi/libdrivers__spi.a(spi_stm32.c.obj)
 .rodata.__pinctrl_state_pins_0__device_dts_ord_72
                0x0000000008004b4c       0x20 zephyr/drivers/spi/libdrivers__spi.a(spi_stm32.c.obj)
 .rodata.table_datawidth
                0x0000000008004b6c        0x8 zephyr/drivers/spi/libdrivers__spi.a(spi_stm32.c.obj)
 .rodata.levels.0
                0x0000000008004b74       0x18 zephyr/kernel/libkernel.a(init.c.obj)
 .rodata.CSWTCH.90
                0x0000000008004b8c        0x6 zephyr/drivers/serial/libdrivers__serial.a(uart_stm32.c.obj)
 .rodata.main.str1.1
                0x0000000008004b92       0x5c app/libapp.a(main.c.obj)
 .rodata.dut_spi_thread.str1.1
                0x0000000008004bee       0x57 app/libapp.a(dut_spi.c.obj)
 .rodata.str1.1
                0x0000000008004c45       0x12 app/libapp.a(dut_spi.c.obj)
 .rodata.str1.1
                0x0000000008004c57       0x70 zephyr/libzephyr.a(gpioport_mgr.c.obj)
 .rodata.z_arm_fatal_error.str1.1
                0x0000000008004cc7       0xb3 zephyr/arch/arch/arm/core/libarch__arm__core.a(fatal.c.obj)
 .rodata.mem_manage_fault.str1.1
                0x0000000008004d7a       0xdf zephyr/arch/arch/arm/core/cortex_m/libarch__arm__core__cortex_m.a(fault.c.obj)
 .rodata.usage_fault.constprop.0.str1.1
                0x0000000008004e59       0xd4 zephyr/arch/arch/arm/core/cortex_m/libarch__arm__core__cortex_m.a(fault.c.obj)
 .rodata.bus_fault.constprop.0.str1.1
                0x0000000008004f2d       0x8e zephyr/arch/arch/arm/core/cortex_m/libarch__arm__core__cortex_m.a(fault.c.obj)
 .rodata.z_arm_fault.str1.1
                0x0000000008004fbb      0x119 zephyr/arch/arch/arm/core/cortex_m/libarch__arm__core__cortex_m.a(fault.c.obj)
 .rodata.str1.1
                0x00000000080050d4        0xf zephyr/arch/arch/arm/core/mpu/libarch__arm__core__mpu.a(arm_mpu_regions.c.obj)
 .rodata.str1.1
                0x00000000080050e3       0x1e zephyr/drivers/interrupt_controller/libdrivers__interrupt_controller.a(intc_exti_stm32.c.obj)
 .rodata.line_range_6.0
                0x0000000008005101        0x2 zephyr/drivers/interrupt_controller/libdrivers__interrupt_controller.a(intc_gpio_stm32.c.obj)
 .rodata.line_range_5.1
                0x0000000008005103        0x2 zephyr/drivers/interrupt_controller/libdrivers__interrupt_controller.a(intc_gpio_stm32.c.obj)
 .rodata.line_range_4.2
                0x0000000008005105        0x2 zephyr/drivers/interrupt_controller/libdrivers__interrupt_controller.a(intc_gpio_stm32.c.obj)
 .rodata.line_range_3.3
                0x0000000008005107        0x2 zephyr/drivers/interrupt_controller/libdrivers__interrupt_controller.a(intc_gpio_stm32.c.obj)
 .rodata.line_range_2.4
                0x0000000008005109        0x2 zephyr/drivers/interrupt_controller/libdrivers__interrupt_controller.a(intc_gpio_stm32.c.obj)
 .rodata.line_range_1.5
                0x000000000800510b        0x2 zephyr/drivers/interrupt_controller/libdrivers__interrupt_controller.a(intc_gpio_stm32.c.obj)