Archive member included to satisfy reference by file (symbol)

app/libapp.a(main.c.obj)      (--whole-archive)
zephyr/libzephyr.a(validate_libc.c.obj)
                              (--whole-archive)
zephyr/libzephyr.a(heap.c.obj)
                              (--whole-archive)
zephyr/libzephyr.a(cbprintf_packaged.c.obj)
                              (--whole-archive)
zephyr/libzephyr.a(clock.c.obj)
                              (--whole-archive)
zephyr/libzephyr.a(printk.c.obj)
                              (--whole-archive)
zephyr/libzephyr.a(sem.c.obj)
                              (--whole-archive)
zephyr/libzephyr.a(thread_entry.c.obj)
                              (--whole-archive)
zephyr/libzephyr.a(cbprintf_complete.c.obj)
                              (--whole-archive)
zephyr/libzephyr.a(assert.c.obj)
                              (--whole-archive)
zephyr/libzephyr.a(mpsc_pbuf.c.obj)
                              (--whole-archive)
zephyr/libzephyr.a(dec.c.obj)
                              (--whole-archive)
zephyr/libzephyr.a(hex.c.obj)
                              (--whole-archive)
zephyr/libzephyr.a(rb.c.obj)  (--whole-archive)
zephyr/libzephyr.a(timeutil.c.obj)
                              (--whole-archive)
zephyr/libzephyr.a(bitarray.c.obj)
                              (--whole-archive)
zephyr/libzephyr.a(bitmask.c.obj)
                              (--whole-archive)
zephyr/libzephyr.a(getopt.c.obj)
                              (--whole-archive)
zephyr/libzephyr.a(getopt_common.c.obj)
                              (--whole-archive)
zephyr/libzephyr.a(ring_buffer.c.obj)
                              (--whole-archive)
zephyr/libzephyr.a(last_section_id.c.obj)
                              (--whole-archive)
zephyr/libzephyr.a(configs.c.obj)
                              (--whole-archive)
zephyr/libzephyr.a(stm32cube_hal.c.obj)
                              (--whole-archive)
zephyr/libzephyr.a(soc_config.c.obj)
                              (--whole-archive)
zephyr/libzephyr.a(gpioport_mgr.c.obj)
                              (--whole-archive)
zephyr/libzephyr.a(stm32_backup_domain.c.obj)
                              (--whole-archive)
zephyr/libzephyr.a(soc.c.obj)
                              (--whole-archive)
zephyr/libzephyr.a(log_core.c.obj)
                              (--whole-archive)
zephyr/libzephyr.a(log_mgmt.c.obj)
                              (--whole-archive)
zephyr/libzephyr.a(log_cache.c.obj)
                              (--whole-archive)
zephyr/libzephyr.a(log_msg.c.obj)
                              (--whole-archive)
zephyr/libzephyr.a(log_output.c.obj)
                              (--whole-archive)
zephyr/libzephyr.a(mem_attr.c.obj)
                              (--whole-archive)
zephyr/libzephyr.a(tracing_none.c.obj)
                              (--whole-archive)
zephyr/libzephyr.a(kernel_shell.c.obj)
                              (--whole-archive)
zephyr/libzephyr.a(cycles.c.obj)
                              (--whole-archive)
zephyr/libzephyr.a(sleep.c.obj)
                              (--whole-archive)
zephyr/libzephyr.a(uptime.c.obj)
                              (--whole-archive)
zephyr/libzephyr.a(version.c.obj)
                              (--whole-archive)
zephyr/libzephyr.a(log-level.c.obj)
                              (--whole-archive)
zephyr/libzephyr.a(thread.c.obj)
                              (--whole-archive)
zephyr/libzephyr.a(list.c.obj)
                              (--whole-archive)
zephyr/libzephyr.a(stacks.c.obj)
                              (--whole-archive)
zephyr/libzephyr.a(suspend.c.obj)
                              (--whole-archive)
zephyr/libzephyr.a(resume.c.obj)
                              (--whole-archive)
zephyr/libzephyr.a(kill.c.obj)
                              (--whole-archive)
zephyr/libzephyr.a(device_service.c.obj)
                              (--whole-archive)
zephyr/libzephyr.a(date_service.c.obj)
                              (--whole-archive)
zephyr/libzephyr.a(devmem_service.c.obj)
                              (--whole-archive)
zephyr/libzephyr.a(shell_uart.c.obj)
                              (--whole-archive)
zephyr/libzephyr.a(shell.c.obj)
                              (--whole-archive)
zephyr/libzephyr.a(shell_fprintf.c.obj)
                              (--whole-archive)
zephyr/libzephyr.a(shell_utils.c.obj)
                              (--whole-archive)
zephyr/libzephyr.a(shell_ops.c.obj)
                              (--whole-archive)
zephyr/libzephyr.a(shell_log_backend.c.obj)
                              (--whole-archive)
zephyr/libzephyr.a(shell_help.c.obj)
                              (--whole-archive)
zephyr/libzephyr.a(shell_cmds.c.obj)
                              (--whole-archive)
zephyr/libzephyr.a(shell_history.c.obj)
                              (--whole-archive)
zephyr/libzephyr.a(shell_wildcard.c.obj)
                              (--whole-archive)
[...]
Memory Configuration

Name             Origin             Length             Attributes
FLASH            0x0000000008000000 0x0000000000040000 xr
RAM              0x0000000020000000 0x0000000000010000 xw
SRAM0            0x0000000020000000 0x0000000000010000 rw
IDT_LIST         0x00000000ffff7fff 0x0000000000008000 xw
*default*        0x0000000000000000 0xffffffffffffffff

Linker script and memory map

                0x0000000008007c3c                vfprintf = __l_vfprintf
                0x0000000000000000                vfscanf = __l_vfscanf
LOAD zephyr/CMakeFiles/zephyr_pre0.dir/misc/empty_file.c.obj
LOAD zephyr/CMakeFiles/offsets.dir/./arch/arm/core/offsets/offsets.c.obj
LOAD app/libapp.a
LOAD zephyr/libzephyr.a
LOAD zephyr/arch/common/libarch__common.a
LOAD zephyr/arch/arch/arm/core/libarch__arm__core.a
LOAD zephyr/arch/arch/arm/core/cortex_m/libarch__arm__core__cortex_m.a
LOAD zephyr/arch/arch/arm/core/mpu/libarch__arm__core__mpu.a
LOAD zephyr/lib/libc/picolibc/liblib__libc__picolibc.a
LOAD zephyr/lib/libc/common/liblib__libc__common.a
LOAD zephyr/lib/posix/c_lib_ext/liblib__posix__c_lib_ext.a
LOAD zephyr/drivers/interrupt_controller/libdrivers__interrupt_controller.a
LOAD zephyr/drivers/clock_control/libdrivers__clock_control.a
LOAD zephyr/drivers/console/libdrivers__console.a
LOAD zephyr/drivers/gpio/libdrivers__gpio.a
LOAD zephyr/drivers/pinctrl/libdrivers__pinctrl.a
LOAD zephyr/drivers/reset/libdrivers__reset.a
LOAD zephyr/drivers/serial/libdrivers__serial.a
LOAD zephyr/drivers/timer/libdrivers__timer.a
LOAD modules/hal_stm32/stm32cube/lib..__modules__hal__stm32__stm32cube.a
LOAD zephyr/kernel/libkernel.a
LOAD zephyr/arch/common/libisr_tables.a
LOAD /home/ayman/zephyr-sdk-0.17.4/arm-zephyr-eabi/bin/../lib/gcc/../../picolibc/arm-zephyr-eabi/lib/thumb/v7e-m/nofp/libc.a
LOAD /home/ayman/zephyr-sdk-0.17.4/arm-zephyr-eabi/bin/../lib/gcc/arm-zephyr-eabi/12.2.0/thumb/v7e-m/nofp/libgcc.a
                0x0000000000000020                _region_min_align = 0x20

.rel.plt        0x0000000008000000        0x0
 *(SORT_BY_ALIGNMENT(.rel.plt))
                [!provide]                        PROVIDE (__rel_iplt_start = .)
 *(SORT_BY_ALIGNMENT(.rel.iplt))
 .rel.iplt      0x0000000008000000        0x0 app/libapp.a(main.c.obj)
                [!provide]                        PROVIDE (__rel_iplt_end = .)

.rela.plt       0x0000000000000000        0x0
 *(SORT_BY_ALIGNMENT(.rela.plt))
                [!provide]                        PROVIDE (__rela_iplt_start = .)
 *(SORT_BY_ALIGNMENT(.rela.iplt))
                [!provide]                        PROVIDE (__rela_iplt_end = .)

.rel.dyn
 *(SORT_BY_ALIGNMENT(.rel.*))

.rela.dyn
 *(SORT_BY_ALIGNMENT(.rela.*))

/DISCARD/
 *(SORT_BY_ALIGNMENT(.plt))

/DISCARD/
 *(SORT_BY_ALIGNMENT(.iplt))
                0x0000000008000000                __rom_region_start = 0x8000000

rom_start       0x0000000008000000      0x194
                0x0000000008000000                __rom_start_address = .
 FILL mask 0x00
                0x0000000008000000                . = (. + (0x0 - (. - __rom_start_address)))
                0x0000000008000000                . = ALIGN (0x4)
                0x0000000008000000                . = ALIGN (0x80)
                0x0000000008000000                . = ALIGN (0x200)
                0x0000000008000000                _vector_start = .
 *(SORT_BY_ALIGNMENT(.exc_vector_table))
 *(SORT_BY_ALIGNMENT(.exc_vector_table.*))
 .exc_vector_table._vector_table_section
                0x0000000008000000       0x40 zephyr/arch/arch/arm/core/cortex_m/libarch__arm__core__cortex_m.a(vector_table.S.obj)
                0x0000000008000000                _vector_table
 *(SORT_BY_ALIGNMENT(.vectors))
                0x0000000008000194                _vector_end = .
                0x0000000008000040                . = ALIGN (0x4)
 *(SORT_BY_ALIGNMENT(.gnu.linkonce.irq_vector_table*))
 .gnu.linkonce.irq_vector_table
                0x0000000008000040      0x154 zephyr/arch/common/libisr_tables.a(isr_tables.c.obj)
                0x0000000008000040                _irq_vector_table
                0x0000000008000194                _vector_end = .

text            0x0000000008000198     0xb1f8
                0x0000000008000198                __text_region_start = .
 *(SORT_BY_ALIGNMENT(.text))
 .text          0x0000000008000198       0xa0 /home/ayman/zephyr-sdk-0.17.4/arm-zephyr-eabi/bin/../lib/gcc/arm-zephyr-eabi/12.2.0/thumb/v7e-m/nofp/libgcc.a(_aeabi_ldivmod.o)
                0x0000000008000198                __aeabi_ldivmod
 .text          0x0000000008000238       0x30 /home/ayman/zephyr-sdk-0.17.4/arm-zephyr-eabi/bin/../lib/gcc/arm-zephyr-eabi/12.2.0/thumb/v7e-m/nofp/libgcc.a(_aeabi_uldivmod.o)
                0x0000000008000238                __aeabi_uldivmod
 .text          0x0000000008000268        0x4 /home/ayman/zephyr-sdk-0.17.4/arm-zephyr-eabi/bin/../lib/gcc/arm-zephyr-eabi/12.2.0/thumb/v7e-m/nofp/libgcc.a(_dvmd_tls.o)
                0x0000000008000268                __aeabi_ldiv0
                0x0000000008000268                __aeabi_idiv0
 .text          0x000000000800026c       0x14 /home/ayman/zephyr-sdk-0.17.4/arm-zephyr-eabi/bin/../lib/gcc/../../picolibc/arm-zephyr-eabi/lib/thumb/v7e-m/nofp/libc.a(strcmp.S.o)
                0x000000000800026c                strcmp
 .text          0x0000000008000280       0x10 /home/ayman/zephyr-sdk-0.17.4/arm-zephyr-eabi/bin/../lib/gcc/../../picolibc/arm-zephyr-eabi/lib/thumb/v7e-m/nofp/libc.a(strcpy.S.o)
                0x0000000008000280                strcpy
 .text          0x0000000008000290       0x10 /home/ayman/zephyr-sdk-0.17.4/arm-zephyr-eabi/bin/../lib/gcc/../../picolibc/arm-zephyr-eabi/lib/thumb/v7e-m/nofp/libc.a(strlen.S.o)
                0x0000000008000290                strlen
 .text          0x00000000080002a0      0x2a0 /home/ayman/zephyr-sdk-0.17.4/arm-zephyr-eabi/bin/../lib/gcc/arm-zephyr-eabi/12.2.0/thumb/v7e-m/nofp/libgcc.a(_udivmoddi4.o)
                0x00000000080002a0                __udivmoddi4
 *(SORT_BY_ALIGNMENT(.text.*))
 .text.cmd_kernel_uptime
                0x0000000008000540       0xe0 zephyr/libzephyr.a(uptime.c.obj)
 .text.cmd_tb_ping
                0x0000000008000620       0x10 app/libapp.a(main.c.obj)
 .text.main     0x0000000008000630       0x10 app/libapp.a(main.c.obj)
                0x0000000008000630                main
 .text.sys_heap_free
                0x0000000008000640      0x114 zephyr/libzephyr.a(heap.c.obj)
                0x0000000008000640                sys_heap_free
 .text.cbvprintf_package
                0x0000000008000754      0x3a4 zephyr/libzephyr.a(cbprintf_packaged.c.obj)
                0x0000000008000754                cbvprintf_package
 .text.cbprintf_package_convert
                0x0000000008000af8      0x3d4 zephyr/libzephyr.a(cbprintf_packaged.c.obj)
                0x0000000008000af8                cbprintf_package_convert
 .text.z_impl_sys_clock_getrtoffset
                0x0000000008000ecc       0x28 zephyr/libzephyr.a(clock.c.obj)
                0x0000000008000ecc                z_impl_sys_clock_getrtoffset
 .text.sys_clock_gettime
                0x0000000008000ef4       0x6c zephyr/libzephyr.a(clock.c.obj)
                0x0000000008000ef4                sys_clock_gettime
 .text.z_impl_sys_clock_settime
                0x0000000008000f60       0x78 zephyr/libzephyr.a(clock.c.obj)
                0x0000000008000f60                z_impl_sys_clock_settime
 .text.__printk_hook_install
                0x0000000008000fd8        0xc zephyr/libzephyr.a(printk.c.obj)
                0x0000000008000fd8                __printk_hook_install
 .text.z_thread_entry
                0x0000000008000fe4       0x34 zephyr/libzephyr.a(thread_entry.c.obj)
                0x0000000008000fe4                z_thread_entry
 .text.timeutil_timegm64
                0x0000000008001018       0xf0 zephyr/libzephyr.a(timeutil.c.obj)
                0x0000000008001018                timeutil_timegm64
 .text.timeutil_timegm
                0x0000000008001108       0x20 zephyr/libzephyr.a(timeutil.c.obj)
                0x0000000008001108                timeutil_timegm
 .text.timespec_normalize
                0x0000000008001128       0x90 zephyr/libzephyr.a(timeutil.c.obj)
                0x0000000008001128                timespec_normalize
 .text.sys_getopt_init
                0x00000000080011b8       0x48 zephyr/libzephyr.a(getopt.c.obj)
                0x00000000080011b8                sys_getopt_init
 .text.sys_getopt
                0x0000000008001200       0xf8 zephyr/libzephyr.a(getopt.c.obj)
                0x0000000008001200                sys_getopt
 .text.z_getopt_global_state_update
                0x00000000080012f8       0x38 zephyr/libzephyr.a(getopt_common.c.obj)
                0x00000000080012f8                z_getopt_global_state_update
 .text.sys_getopt_state_get
                0x0000000008001330        0x8 zephyr/libzephyr.a(getopt_common.c.obj)
                0x0000000008001330                sys_getopt_state_get
 .text.st_stm32_common_config
                0x0000000008001338       0x14 zephyr/libzephyr.a(soc_config.c.obj)
 .text.stm32_gpioport_init
                0x000000000800134c       0x20 zephyr/libzephyr.a(gpioport_mgr.c.obj)
 .text.stm32_gpioport_get
                0x000000000800136c       0x24 zephyr/libzephyr.a(gpioport_mgr.c.obj)
                0x000000000800136c                stm32_gpioport_get
 .text.soc_early_init_hook
                0x0000000008001390       0x30 zephyr/libzephyr.a(soc.c.obj)
                0x0000000008001390                soc_early_init_hook
 .text.activate_foreach_backend
                0x00000000080013c0       0x64 zephyr/libzephyr.a(log_core.c.obj)
 .text.enable_logger
                0x0000000008001424       0x5c zephyr/libzephyr.a(log_core.c.obj)
 .text.log_process_thread_timer_expiry_fn
                0x0000000008001480        0xc zephyr/libzephyr.a(log_core.c.obj)
 .text.z_log_init
                0x000000000800148c       0x94 zephyr/libzephyr.a(log_core.c.obj)
 .text.log_set_timestamp_func
                0x0000000008001520       0x20 zephyr/libzephyr.a(log_core.c.obj)
                0x0000000008001520                log_set_timestamp_func
 .text.z_log_notify_backend_enabled
                0x0000000008001540       0x1c zephyr/libzephyr.a(log_core.c.obj)
                0x0000000008001540                z_log_notify_backend_enabled
 .text.z_log_dropped
                0x000000000800155c       0x44 zephyr/libzephyr.a(log_core.c.obj)
                0x000000000800155c                z_log_dropped
 .text.z_log_dropped_read_and_clear
                0x00000000080015a0       0x20 zephyr/libzephyr.a(log_core.c.obj)
                0x00000000080015a0                z_log_dropped_read_and_clear
 .text.dropped_notify
                0x00000000080015c0       0x30 zephyr/libzephyr.a(log_core.c.obj)
                0x00000000080015c0                dropped_notify
 .text.z_log_msg_init
                0x00000000080015f0       0x20 zephyr/libzephyr.a(log_core.c.obj)
                0x00000000080015f0                z_log_msg_init
 .text.log_core_init
                0x0000000008001610       0x54 zephyr/libzephyr.a(log_core.c.obj)
                0x0000000008001610                log_core_init
 .text.z_log_msg_alloc
                0x0000000008001664       0x10 zephyr/libzephyr.a(log_core.c.obj)
                0x0000000008001664                z_log_msg_alloc
 .text.z_log_msg_local_claim
                0x0000000008001674        0xc zephyr/libzephyr.a(log_core.c.obj)
                0x0000000008001674                z_log_msg_local_claim
 .text.z_log_msg_free
                0x0000000008001680       0x10 zephyr/libzephyr.a(log_core.c.obj)
                0x0000000008001680                z_log_msg_free
 .text.z_log_msg_pending
                0x0000000008001690        0xc zephyr/libzephyr.a(log_core.c.obj)
                0x0000000008001690                z_log_msg_pending
 .text.z_impl_log_process
                0x000000000800169c       0xe8 zephyr/libzephyr.a(log_core.c.obj)
                0x000000000800169c                z_impl_log_process
 .text.z_impl_log_panic
                0x0000000008001784       0x44 zephyr/libzephyr.a(log_core.c.obj)
                0x0000000008001784                z_impl_log_panic
 .text.log_process_thread_func
                0x00000000080017c8       0xa4 zephyr/libzephyr.a(log_core.c.obj)
 .text.z_log_msg_post_finalize
                0x000000000800186c       0x78 zephyr/libzephyr.a(log_core.c.obj)
 .text.z_log_msg_commit
                0x00000000080018e4       0x24 zephyr/libzephyr.a(log_core.c.obj)
                0x00000000080018e4                z_log_msg_commit
 .text.log_source_name_get
                0x0000000008001908       0x1c zephyr/libzephyr.a(log_mgmt.c.obj)
                0x0000000008001908                log_source_name_get
 .text.z_log_runtime_filters_init
                0x0000000008001924       0x30 zephyr/libzephyr.a(log_mgmt.c.obj)
                0x0000000008001924                z_log_runtime_filters_init
 .text.log_source_id_get
                0x0000000008001954       0x38 zephyr/libzephyr.a(log_mgmt.c.obj)
                0x0000000008001954                log_source_id_get
 .text.filter_set
                0x000000000800198c       0xbc zephyr/libzephyr.a(log_mgmt.c.obj)
                0x000000000800198c                filter_set
 .text.backend_filter_set
                0x0000000008001a48       0x30 zephyr/libzephyr.a(log_mgmt.c.obj)
 .text.log_filter_get
                0x0000000008001a78       0x4c zephyr/libzephyr.a(log_mgmt.c.obj)
                0x0000000008001a78                log_filter_get
 .text.z_impl_z_log_msg_static_create
                0x0000000008001ac4      0x110 zephyr/libzephyr.a(log_msg.c.obj)
                0x0000000008001ac4                z_impl_z_log_msg_static_create
 .text.z_log_msg_runtime_vcreate
                0x0000000008001bd4       0xb0 zephyr/libzephyr.a(log_msg.c.obj)
                0x0000000008001bd4                z_log_msg_runtime_vcreate
 .text.log_msg_get_source_id
                0x0000000008001c84       0x18 zephyr/libzephyr.a(log_msg.c.obj)
                0x0000000008001c84                log_msg_get_source_id
 .text.print_formatted
                0x0000000008001c9c       0x24 zephyr/libzephyr.a(log_output.c.obj)
 .text.newline_print
                0x0000000008001cc0       0x1c zephyr/libzephyr.a(log_output.c.obj)
 .text.log_output_process
                0x0000000008001cdc      0x2d4 zephyr/libzephyr.a(log_output.c.obj)
                0x0000000008001cdc                log_output_process
 .text.log_output_dropped_process
                0x0000000008001fb0       0x58 zephyr/libzephyr.a(log_output.c.obj)
                0x0000000008001fb0                log_output_dropped_process
 .text.log_output_timestamp_freq_set
                0x0000000008002008       0x2c zephyr/libzephyr.a(log_output.c.obj)
                0x0000000008002008                log_output_timestamp_freq_set
 .text.mem_attr_get_regions
                0x0000000008002034        0xc zephyr/libzephyr.a(mem_attr.c.obj)
                0x0000000008002034                mem_attr_get_regions
 .text.cmd_kernel_cycles
                0x0000000008002040       0x1c zephyr/libzephyr.a(cycles.c.obj)
 .text.cmd_kernel_sleep
                0x000000000800205c       0x40 zephyr/libzephyr.a(sleep.c.obj)
 .text.cmd_kernel_version
                0x000000000800209c       0x18 zephyr/libzephyr.a(version.c.obj)
 .text.cmd_kernel_log_level_set
                0x00000000080020b4       0x84 zephyr/libzephyr.a(log-level.c.obj)
 .text.z_thread_is_valid
                0x0000000008002138       0x20 zephyr/libzephyr.a(thread.c.obj)
                0x0000000008002138                z_thread_is_valid
 .text.cmd_kernel_thread_list
                0x0000000008002158       0x34 zephyr/libzephyr.a(list.c.obj)
 .text.shell_tdata_dump
                0x000000000800218c       0xc0 zephyr/libzephyr.a(list.c.obj)
 .text.cmd_kernel_thread_stacks
                0x000000000800224c       0x70 zephyr/libzephyr.a(stacks.c.obj)
 .text.shell_stack_dump
                0x00000000080022bc       0x60 zephyr/libzephyr.a(stacks.c.obj)
 .text.cmd_kernel_thread_suspend
                0x000000000800231c       0x64 zephyr/libzephyr.a(suspend.c.obj)
 .text.cmd_kernel_thread_resume
                0x0000000008002380       0x64 zephyr/libzephyr.a(resume.c.obj)
 .text.cmd_kernel_thread_kill
                0x00000000080023e4       0x64 zephyr/libzephyr.a(kill.c.obj)
 .text.device_name_lookup
                0x0000000008002448       0x20 zephyr/libzephyr.a(device_service.c.obj)
 .text.device_name_get_non_ready
                0x0000000008002468       0x20 zephyr/libzephyr.a(device_service.c.obj)
 .text.cmd_device_init
                0x0000000008002488       0x64 zephyr/libzephyr.a(device_service.c.obj)
 .text.cmd_device_list
                0x00000000080024ec       0xec zephyr/libzephyr.a(device_service.c.obj)
 .text.date_print
                0x00000000080025d8       0x2c zephyr/libzephyr.a(date_service.c.obj)
 .text.get_h_m_s
                0x0000000008002604       0x98 zephyr/libzephyr.a(date_service.c.obj)
 .text.cmd_date_set
                0x000000000800269c      0x10c zephyr/libzephyr.a(date_service.c.obj)
 .text.cmd_devmem
                0x00000000080027a8       0xc0 zephyr/libzephyr.a(devmem_service.c.obj)
 .text.cmd_dump
                0x0000000008002868      0x184 zephyr/libzephyr.a(devmem_service.c.obj)
 .text.set_bypass.isra.0
                0x00000000080029ec       0x50 zephyr/libzephyr.a(devmem_service.c.obj)
 .text.bypass_cb
                0x0000000008002a3c      0x118 zephyr/libzephyr.a(devmem_service.c.obj)
 .text.cmd_load
                0x0000000008002b54       0xd8 zephyr/libzephyr.a(devmem_service.c.obj)
 .text.enable_shell_uart
                0x0000000008002c2c       0x38 zephyr/libzephyr.a(shell_uart.c.obj)
 .text.init     0x0000000008002c64       0x54 zephyr/libzephyr.a(shell_uart.c.obj)
 .text.uart_callback
                0x0000000008002cb8      0x134 zephyr/libzephyr.a(shell_uart.c.obj)
 .text.shell_internal_help_print
                0x0000000008002dec       0x20 zephyr/libzephyr.a(shell.c.obj)
 .text.kill_handler
                0x0000000008002e0c       0x54 zephyr/libzephyr.a(shell.c.obj)
 .text.z_cursor_next_line_move.isra.0
                0x0000000008002e60        0xc zephyr/libzephyr.a(shell.c.obj)
 .text.execute  0x0000000008002e6c      0x2b8 zephyr/libzephyr.a(shell.c.obj)
 .text.history_handle
                0x0000000008003124       0xb0 zephyr/libzephyr.a(shell.c.obj)
 .text.state_set.constprop.0
                0x00000000080031d4       0x4c zephyr/libzephyr.a(shell.c.obj)
 .text.state_collect
                0x0000000008003220      0x6cc zephyr/libzephyr.a(shell.c.obj)
 .text.shell_thread
                0x00000000080038ec       0xa4 zephyr/libzephyr.a(shell.c.obj)
                0x00000000080038ec                shell_thread
 .text.cmd_help
                0x0000000008003990       0x44 zephyr/libzephyr.a(shell.c.obj)
 .text.shell_hexdump_line
                0x00000000080039d4       0xcc zephyr/libzephyr.a(shell.c.obj)
                0x00000000080039d4                shell_hexdump_line
 .text.shell_init
                0x0000000008003aa0       0xc8 zephyr/libzephyr.a(shell.c.obj)
                0x0000000008003aa0                shell_init
 .text.z_shell_fprintf_fmt
                0x0000000008003b68       0x28 zephyr/libzephyr.a(shell_fprintf.c.obj)
                0x0000000008003b68                z_shell_fprintf_fmt
 .text.z_shell_cmd_get
                0x0000000008003b90       0x74 zephyr/libzephyr.a(shell_utils.c.obj)
                0x0000000008003b90                z_shell_cmd_get
 .text.shell_strtoul
                0x0000000008003c04       0x50 zephyr/libzephyr.a(shell_utils.c.obj)
                0x0000000008003c04                shell_strtoul
 .text.z_clear_eos
                0x0000000008003c54       0x18 zephyr/libzephyr.a(shell_ops.c.obj)
 .text.z_cursor_next_line_move.isra.0
                0x0000000008003c6c        0xc zephyr/libzephyr.a(shell_ops.c.obj)
 .text.z_shell_op_cursor_vert_move
                0x0000000008003c78       0x2c zephyr/libzephyr.a(shell_ops.c.obj)
                0x0000000008003c78                z_shell_op_cursor_vert_move
 .text.z_shell_op_cursor_horiz_move
                0x0000000008003ca4       0x2c zephyr/libzephyr.a(shell_ops.c.obj)
                0x0000000008003ca4                z_shell_op_cursor_horiz_move
 .text.z_shell_print_cmd
                0x0000000008003cd0       0x78 zephyr/libzephyr.a(shell_ops.c.obj)
                0x0000000008003cd0                z_shell_print_cmd
 .text.z_shell_vt100_color_set
                0x0000000008003d48       0x40 zephyr/libzephyr.a(shell_ops.c.obj)
                0x0000000008003d48                z_shell_vt100_color_set
 .text.z_shell_vt100_colors_restore
                0x0000000008003d88       0x3c zephyr/libzephyr.a(shell_ops.c.obj)
                0x0000000008003d88                z_shell_vt100_colors_restore
 .text.z_shell_op_word_remove
                0x0000000008003dc4       0xc8 zephyr/libzephyr.a(shell_ops.c.obj)
                0x0000000008003dc4                z_shell_op_word_remove
 .text.reprint_from_cursor
                0x0000000008003e8c       0xe0 zephyr/libzephyr.a(shell_ops.c.obj)
 .text.z_shell_op_char_insert
                0x0000000008003f6c       0x70 zephyr/libzephyr.a(shell_ops.c.obj)
                0x0000000008003f6c                z_shell_op_char_insert
 .text.z_shell_print_prompt_and_cmd
                0x0000000008003fdc       0x34 zephyr/libzephyr.a(shell_ops.c.obj)
                0x0000000008003fdc                z_shell_print_prompt_and_cmd
 .text.z_cursor_next_line_move.isra.0
                0x0000000008004010        0xc zephyr/libzephyr.a(shell_help.c.obj)
 .text.formatted_structured_help_print
                0x000000000800401c       0x40 zephyr/libzephyr.a(shell_help.c.obj)
 .text.z_shell_help_subcmd_print
                0x000000000800405c       0xc8 zephyr/libzephyr.a(shell_help.c.obj)
                0x000000000800405c                z_shell_help_subcmd_print
 .text.z_shell_help_cmd_print
                0x0000000008004124       0x5c zephyr/libzephyr.a(shell_help.c.obj)
                0x0000000008004124                z_shell_help_cmd_print
 .text.z_shell_help_request
                0x0000000008004180       0x28 zephyr/libzephyr.a(shell_help.c.obj)
                0x0000000008004180                z_shell_help_request
 .text.cmd_resize_default
                0x00000000080041a8       0x2c zephyr/libzephyr.a(shell_cmds.c.obj)
 .text.cmd_shell_stats_show
                0x00000000080041d4       0x14 zephyr/libzephyr.a(shell_cmds.c.obj)
 .text.cmd_backends
                0x00000000080041e8       0x4c zephyr/libzephyr.a(shell_cmds.c.obj)
 .text.cmd_prompt_off
                0x0000000008004234       0x10 zephyr/libzephyr.a(shell_cmds.c.obj)
 .text.cmd_history
                0x0000000008004244       0x40 zephyr/libzephyr.a(shell_cmds.c.obj)
 .text.cmd_get_retval
                0x0000000008004284       0x1c zephyr/libzephyr.a(shell_cmds.c.obj)
 .text.cmd_echo
                0x00000000080042a0       0x50 zephyr/libzephyr.a(shell_cmds.c.obj)
 .text.cmd_clear
                0x00000000080042f0       0x34 zephyr/libzephyr.a(shell_cmds.c.obj)
 .text.cmd_resize
                0x0000000008004324      0x1a0 zephyr/libzephyr.a(shell_cmds.c.obj)
 .text.z_shell_wildcard_process
                0x00000000080044c4       0xe4 zephyr/libzephyr.a(shell_wildcard.c.obj)
                0x00000000080044c4                z_shell_wildcard_process
 .text.arch_bss_zero
                0x00000000080045a8       0x18 zephyr/arch/common/libarch__common.a(init.c.obj)
                0x00000000080045a8                arch_bss_zero
 .text.arch_data_copy
                0x00000000080045c0       0x38 zephyr/arch/common/libarch__common.a(xip.c.obj)
                0x00000000080045c0                arch_data_copy
 .text.z_arm_fatal_error
                0x00000000080045f8       0xe0 zephyr/arch/arch/arm/core/libarch__arm__core.a(fatal.c.obj)
                0x00000000080045f8                z_arm_fatal_error
 .text.z_SysNmiOnReset
                0x00000000080046d8        0x8 zephyr/arch/arch/arm/core/libarch__arm__core.a(nmi_on_reset.S.obj)
                0x00000000080046d8                z_SysNmiOnReset
 .text.arch_tls_stack_setup
                0x00000000080046e0       0x40 zephyr/arch/arch/arm/core/libarch__arm__core.a(tls.c.obj)
                0x00000000080046e0                arch_tls_stack_setup
 .text.bus_fault.constprop.0
                0x0000000008004720      0x108 zephyr/arch/arch/arm/core/cortex_m/libarch__arm__core__cortex_m.a(fault.c.obj)
 .text.usage_fault.constprop.0
                0x0000000008004828       0xdc zephyr/arch/arch/arm/core/cortex_m/libarch__arm__core__cortex_m.a(fault.c.obj)
 .text.mem_manage_fault
                0x0000000008004904      0x140 zephyr/arch/arch/arm/core/cortex_m/libarch__arm__core__cortex_m.a(fault.c.obj)
 .text.z_arm_fault
                0x0000000008004a44      0x20c zephyr/arch/arch/arm/core/cortex_m/libarch__arm__core__cortex_m.a(fault.c.obj)
                0x0000000008004a44                z_arm_fault
 .text.z_arm_fault_init
                0x0000000008004c50       0x18 zephyr/arch/arch/arm/core/cortex_m/libarch__arm__core__cortex_m.a(fault.c.obj)
                0x0000000008004c50                z_arm_fault_init
 .text.__fault  0x0000000008004c68       0x14 zephyr/arch/arch/arm/core/cortex_m/libarch__arm__core__cortex_m.a(fault_s.S.obj)
                0x0000000008004c68                z_arm_bus_fault
                0x0000000008004c68                z_arm_usage_fault
                0x0000000008004c68                z_arm_mpu_fault
                0x0000000008004c68                z_arm_exc_spurious
                0x0000000008004c68                z_arm_debug_monitor
                0x0000000008004c68                z_arm_hard_fault
 .text._reset_section
                0x0000000008004c7c       0x44 zephyr/arch/arch/arm/core/cortex_m/libarch__arm__core__cortex_m.a(reset.S.obj)
                0x0000000008004c7c                z_arm_reset
                0x0000000008004c7c                __start
 .text.z_arm_svc
                0x0000000008004cc0       0x24 zephyr/arch/arch/arm/core/cortex_m/libarch__arm__core__cortex_m.a(svc.S.obj)
                0x0000000008004cc0                z_arm_svc
 .text.arm_irq_enable
                0x0000000008004ce4       0x1c zephyr/arch/arch/arm/core/cortex_m/libarch__arm__core__cortex_m.a(irq_manage.c.obj)
                0x0000000008004ce4                arm_irq_enable
 .text.arm_irq_priority_set
                0x0000000008004d00       0x30 zephyr/arch/arch/arm/core/cortex_m/libarch__arm__core__cortex_m.a(irq_manage.c.obj)
                0x0000000008004d00                arm_irq_priority_set
 .text.relocate_vector_table
                0x0000000008004d30       0x1c zephyr/arch/arch/arm/core/cortex_m/libarch__arm__core__cortex_m.a(prep_c.c.obj)
                0x0000000008004d30                relocate_vector_table
 .text.z_prep_c
                0x0000000008004d4c       0x38 zephyr/arch/arch/arm/core/cortex_m/libarch__arm__core__cortex_m.a(prep_c.c.obj)
                0x0000000008004d4c                z_prep_c
 .text.arch_new_thread
                0x0000000008004d84       0x38 zephyr/arch/arch/arm/core/cortex_m/libarch__arm__core__cortex_m.a(thread.c.obj)
                0x0000000008004d84                arch_new_thread
 .text.z_check_thread_stack_fail
                0x0000000008004dbc       0x30 zephyr/arch/arch/arm/core/cortex_m/libarch__arm__core__cortex_m.a(thread.c.obj)
                0x0000000008004dbc                z_check_thread_stack_fail
 .text.arch_switch_to_main_thread
                0x0000000008004dec       0x40 zephyr/arch/arch/arm/core/cortex_m/libarch__arm__core__cortex_m.a(thread.c.obj)
                0x0000000008004dec                arch_switch_to_main_thread
 .text.z_arm_cpu_idle_init
                0x0000000008004e2c        0xc zephyr/arch/arch/arm/core/cortex_m/libarch__arm__core__cortex_m.a(cpu_idle.c.obj)
                0x0000000008004e2c                z_arm_cpu_idle_init
 .text._HandlerModeExit
                0x0000000008004e38       0x20 zephyr/arch/arch/arm/core/cortex_m/libarch__arm__core__cortex_m.a(exc_exit.c.obj)
                0x0000000008004e38                z_arm_exc_exit
                0x0000000008004e38                z_arm_int_exit
 .text.z_impl_k_thread_abort
                0x0000000008004e58       0x2c zephyr/arch/arch/arm/core/cortex_m/libarch__arm__core__cortex_m.a(thread_abort.c.obj)
                0x0000000008004e58                z_impl_k_thread_abort
 .text.z_arm_pendsv
                0x0000000008004e84       0x64 zephyr/arch/arch/arm/core/cortex_m/libarch__arm__core__cortex_m.a(swap_helper.S.obj)
                0x0000000008004e84                z_arm_pendsv
 .text.z_arm_interrupt_init
                0x0000000008004ee8       0x18 zephyr/arch/arch/arm/core/cortex_m/libarch__arm__core__cortex_m.a(irq_init.c.obj)
                0x0000000008004ee8                z_arm_interrupt_init
 .text._isr_wrapper
                0x0000000008004f00       0x24 zephyr/arch/arch/arm/core/cortex_m/libarch__arm__core__cortex_m.a(isr_wrapper.c.obj)
                0x0000000008004f00                _isr_wrapper
 .text.__aeabi_read_tp
                0x0000000008004f24        0xc zephyr/arch/arch/arm/core/cortex_m/libarch__arm__core__cortex_m.a(__aeabi_read_tp.S.obj)
                0x0000000008004f24                __aeabi_read_tp
 .text.z_arm_configure_static_mpu_regions
                0x0000000008004f30       0x18 zephyr/arch/arch/arm/core/mpu/libarch__arm__core__mpu.a(arm_core_mpu.c.obj)
                0x0000000008004f30                z_arm_configure_static_mpu_regions
 .text.z_arm_configure_dynamic_mpu_regions
                0x0000000008004f48       0x24 zephyr/arch/arch/arm/core/mpu/libarch__arm__core__mpu.a(arm_core_mpu.c.obj)
                0x0000000008004f48                z_arm_configure_dynamic_mpu_regions
 .text.region_allocate_and_init
                0x0000000008004f6c       0x58 zephyr/arch/arch/arm/core/mpu/libarch__arm__core__mpu.a(arm_mpu.c.obj)
 .text.mpu_configure_regions
                0x0000000008004fc4       0x70 zephyr/arch/arch/arm/core/mpu/libarch__arm__core__mpu.a(arm_mpu.c.obj)
 .text.arm_core_mpu_enable
                0x0000000008005034       0x18 zephyr/arch/arch/arm/core/mpu/libarch__arm__core__mpu.a(arm_mpu.c.obj)
                0x0000000008005034                arm_core_mpu_enable
 .text.arm_core_mpu_disable
                0x000000000800504c       0x14 zephyr/arch/arch/arm/core/mpu/libarch__arm__core__mpu.a(arm_mpu.c.obj)
                0x000000000800504c                arm_core_mpu_disable
 .text.arm_core_mpu_configure_static_mpu_regions
                0x0000000008005060       0x14 zephyr/arch/arch/arm/core/mpu/libarch__arm__core__mpu.a(arm_mpu.c.obj)
                0x0000000008005060                arm_core_mpu_configure_static_mpu_regions
 .text.arm_core_mpu_configure_dynamic_mpu_regions
                0x0000000008005074       0x38 zephyr/arch/arch/arm/core/mpu/libarch__arm__core__mpu.a(arm_mpu.c.obj)
                0x0000000008005074                arm_core_mpu_configure_dynamic_mpu_regions
 .text.z_arm_mpu_init
                0x00000000080050ac      0x198 zephyr/arch/arch/arm/core/mpu/libarch__arm__core__mpu.a(arm_mpu.c.obj)
                0x00000000080050ac                z_arm_mpu_init
 .text.cbvprintf
                0x0000000008005244       0x38 zephyr/lib/libc/picolibc/liblib__libc__picolibc.a(cbprintf.c.obj)
                0x0000000008005244                cbvprintf
 .text.z_impl_zephyr_fputc
                0x000000000800527c       0x10 zephyr/lib/libc/picolibc/liblib__libc__picolibc.a(stdio.c.obj)
                0x000000000800527c                z_impl_zephyr_fputc
 .text.__stdout_hook_install
                0x000000000800528c       0x18 zephyr/lib/libc/picolibc/liblib__libc__picolibc.a(stdio.c.obj)
                0x000000000800528c                __stdout_hook_install
 .text.malloc_prepare
                0x00000000080052a4       0x24 zephyr/lib/libc/common/liblib__libc__common.a(malloc.c.obj)
 .text.fnmatchx
                0x00000000080052c8      0x48c zephyr/lib/posix/c_lib_ext/liblib__posix__c_lib_ext.a(fnmatch.c.obj)
 .text.z_getopt_global_state_update_shim
                0x0000000008005754       0x2c zephyr/lib/posix/c_lib_ext/liblib__posix__c_lib_ext.a(getopt_shim.c.obj)
                0x0000000008005754                z_getopt_global_state_update_shim
 .text.stm32_exti_init
                0x0000000008005780       0x30 zephyr/drivers/interrupt_controller/libdrivers__interrupt_controller.a(intc_exti_stm32.c.obj)
 .text.stm32_exti_is_pending
                0x00000000080057b0       0x3c zephyr/drivers/interrupt_controller/libdrivers__interrupt_controller.a(intc_exti_stm32.c.obj)
                0x00000000080057b0                stm32_exti_is_pending
 .text.stm32_exti_clear_pending
                0x00000000080057ec       0x3c zephyr/drivers/interrupt_controller/libdrivers__interrupt_controller.a(intc_exti_stm32.c.obj)
                0x00000000080057ec                stm32_exti_clear_pending
 .text.stm32_fill_irq_table
                0x0000000008005828       0x18 zephyr/drivers/interrupt_controller/libdrivers__interrupt_controller.a(intc_gpio_stm32.c.obj)
 .text.stm32_intc_gpio_isr
                0x0000000008005840       0x4c zephyr/drivers/interrupt_controller/libdrivers__interrupt_controller.a(intc_gpio_stm32.c.obj)
 .text.stm32_gpio_intc_enable_line
                0x000000000800588c       0x2c zephyr/drivers/interrupt_controller/libdrivers__interrupt_controller.a(intc_gpio_stm32.c.obj)
                0x000000000800588c                stm32_gpio_intc_enable_line
 .text.stm32_gpio_intc_disable_line
                0x00000000080058b8       0x10 zephyr/drivers/interrupt_controller/libdrivers__interrupt_controller.a(intc_gpio_stm32.c.obj)
                0x00000000080058b8                stm32_gpio_intc_disable_line
 .text.stm32_gpio_intc_select_line_trigger
                0x00000000080058c8       0x50 zephyr/drivers/interrupt_controller/libdrivers__interrupt_controller.a(intc_gpio_stm32.c.obj)
                0x00000000080058c8                stm32_gpio_intc_select_line_trigger
 .text.stm32_gpio_intc_set_irq_callback
                0x0000000008005918       0x40 zephyr/drivers/interrupt_controller/libdrivers__interrupt_controller.a(intc_gpio_stm32.c.obj)
                0x0000000008005918                stm32_gpio_intc_set_irq_callback
 .text.stm32_gpio_intc_remove_irq_callback
                0x0000000008005958       0x24 zephyr/drivers/interrupt_controller/libdrivers__interrupt_controller.a(intc_gpio_stm32.c.obj)
                0x0000000008005958                stm32_gpio_intc_remove_irq_callback
 .text.stm32_exti_get_line_src_port
                0x000000000800597c       0x30 zephyr/drivers/interrupt_controller/libdrivers__interrupt_controller.a(intc_gpio_stm32.c.obj)
                0x000000000800597c                stm32_exti_get_line_src_port
 .text.stm32_clock_control_get_subsys_rate
                0x00000000080059ac      0x108 zephyr/drivers/clock_control/libdrivers__clock_control.a(clock_stm32_ll_common.c.obj)
 .text.enabled_clock
                0x0000000008005ab4       0x20 zephyr/drivers/clock_control/libdrivers__clock_control.a(clock_stm32_ll_common.c.obj)
                0x0000000008005ab4                enabled_clock
 .text.stm32_clock_control_init
                0x0000000008005ad4      0x140 zephyr/drivers/clock_control/libdrivers__clock_control.a(clock_stm32_ll_common.c.obj)
                0x0000000008005ad4                stm32_clock_control_init
 .text.get_pllsrc_frequency
                0x0000000008005c14        0x8 zephyr/drivers/clock_control/libdrivers__clock_control.a(clock_stm32f2_f4_f7.c.obj)
                0x0000000008005c14                get_pllsrc_frequency
 .text.config_pll_sysclock
                0x0000000008005c1c       0x3c zephyr/drivers/clock_control/libdrivers__clock_control.a(clock_stm32f2_f4_f7.c.obj)
                0x0000000008005c1c                config_pll_sysclock
 .text.config_enable_default_clocks
                0x0000000008005c58       0x20 zephyr/drivers/clock_control/libdrivers__clock_control.a(clock_stm32f2_f4_f7.c.obj)
                0x0000000008005c58                config_enable_default_clocks
 .text.uart_console_init
                0x0000000008005c78       0x28 zephyr/drivers/console/libdrivers__console.a(uart_console.c.obj)
 .text.console_out
                0x0000000008005ca0       0x28 zephyr/drivers/console/libdrivers__console.a(uart_console.c.obj)
 .text.gpio_stm32_pin_interrupt_configure
                0x0000000008005cc8       0xac zephyr/drivers/gpio/libdrivers__gpio.a(gpio_stm32.c.obj)
 .text.uart_stm32_irq_err_enable
                0x0000000008005d74       0x58 zephyr/drivers/serial/libdrivers__serial.a(uart_stm32.c.obj)
 .text.uart_stm32_irq_err_disable
                0x0000000008005dcc       0x58 zephyr/drivers/serial/libdrivers__serial.a(uart_stm32.c.obj)
 .text.uart_stm32_set_baudrate
                0x0000000008005e24       0xcc zephyr/drivers/serial/libdrivers__serial.a(uart_stm32.c.obj)
 .text.uart_stm32_parameters_set
                0x0000000008005ef0      0x100 zephyr/drivers/serial/libdrivers__serial.a(uart_stm32.c.obj)
 .text.uart_stm32_init
                0x0000000008005ff0       0xfc zephyr/drivers/serial/libdrivers__serial.a(uart_stm32.c.obj)
 .text.uart_stm32_configure
                0x00000000080060ec      0x134 zephyr/drivers/serial/libdrivers__serial.a(uart_stm32.c.obj)
 .text.elapsed  0x0000000008006220       0x4c zephyr/drivers/timer/libdrivers__timer.a(cortex_m_systick.c.obj)
 .text.sys_clock_driver_init
                0x000000000800626c       0x34 zephyr/drivers/timer/libdrivers__timer.a(cortex_m_systick.c.obj)
 .text.sys_clock_isr
                0x00000000080062a0       0x60 zephyr/drivers/timer/libdrivers__timer.a(cortex_m_systick.c.obj)
                0x00000000080062a0                sys_clock_isr
 .text.sys_clock_set_timeout
                0x0000000008006300       0xf8 zephyr/drivers/timer/libdrivers__timer.a(cortex_m_systick.c.obj)
                0x0000000008006300                sys_clock_set_timeout
 .text.sys_clock_elapsed
                0x00000000080063f8       0x3c zephyr/drivers/timer/libdrivers__timer.a(cortex_m_systick.c.obj)
                0x00000000080063f8                sys_clock_elapsed
 .text.sys_clock_cycle_get_32
                0x0000000008006434       0x28 zephyr/drivers/timer/libdrivers__timer.a(cortex_m_systick.c.obj)
                0x0000000008006434                sys_clock_cycle_get_32
 .text.HAL_RCC_GetSysClockFreq
                0x000000000800645c       0x5c modules/hal_stm32/stm32cube/lib..__modules__hal__stm32__stm32cube.a(stm32f4xx_hal_rcc.c.obj)
                0x000000000800645c                HAL_RCC_GetSysClockFreq
 .text.LL_SetFlashLatency
                0x00000000080064b8       0x9c modules/hal_stm32/stm32cube/lib..__modules__hal__stm32__stm32cube.a(stm32f4xx_ll_utils.c.obj)
                0x00000000080064b8                LL_SetFlashLatency
 .text.z_device_get_all_static
                0x0000000008006554       0x14 zephyr/kernel/libkernel.a(device.c.obj)
                0x0000000008006554                z_device_get_all_static
 .text.k_sys_fatal_error_handler
                0x0000000008006568       0x28 zephyr/kernel/libkernel.a(fatal.c.obj)
                0x0000000008006568                k_sys_fatal_error_handler
 .text.z_fatal_error
                0x0000000008006590      0x110 zephyr/kernel/libkernel.a(fatal.c.obj)
                0x0000000008006590                z_fatal_error
 .text.z_sys_init_run_level
                0x00000000080066a0       0x30 zephyr/kernel/libkernel.a(init.c.obj)
 .text.bg_thread_main
                0x00000000080066d0       0xc0 zephyr/kernel/libkernel.a(init.c.obj)
 .text.z_init_cpu
                0x0000000008006790       0x78 zephyr/kernel/libkernel.a(init.c.obj)
                0x0000000008006790                z_init_cpu
 .text.z_cstart
                0x0000000008006808       0xd0 zephyr/kernel/libkernel.a(init.c.obj)
                0x0000000008006808                z_cstart
 .text.statics_init
                0x00000000080068d8       0x24 zephyr/kernel/libkernel.a(kheap.c.obj)
 .text.k_heap_alloc
                0x00000000080068fc       0x1c zephyr/kernel/libkernel.a(kheap.c.obj)
                0x00000000080068fc                k_heap_alloc
 .text.z_impl_k_sem_give
                0x0000000008006918       0x68 zephyr/kernel/libkernel.a(sem.c.obj)
                0x0000000008006918                z_impl_k_sem_give
 .text.z_impl_k_sem_take
                0x0000000008006980       0x4c zephyr/kernel/libkernel.a(sem.c.obj)
                0x0000000008006980                z_impl_k_sem_take
 .text.z_impl_k_thread_name_set
                0x00000000080069cc       0x20 zephyr/kernel/libkernel.a(thread.c.obj)
                0x00000000080069cc                z_impl_k_thread_name_set
 .text.k_thread_state_str
                0x00000000080069ec       0x84 zephyr/kernel/libkernel.a(thread.c.obj)
                0x00000000080069ec                k_thread_state_str
 .text.z_setup_new_thread
                0x0000000008006a70       0xf8 zephyr/kernel/libkernel.a(thread.c.obj)
                0x0000000008006a70                z_setup_new_thread
 .text.z_impl_k_thread_create
                0x0000000008006b68       0x58 zephyr/kernel/libkernel.a(thread.c.obj)
                0x0000000008006b68                z_impl_k_thread_create
 .text.z_dummy_thread_init
                0x0000000008006bc0       0x1c zephyr/kernel/libkernel.a(thread.c.obj)
                0x0000000008006bc0                z_dummy_thread_init
 .text.z_swap_irqlock
                0x0000000008006bdc       0x34 zephyr/kernel/libkernel.a(sched.c.obj)
 .text.ready_thread
                0x0000000008006c10       0x84 zephyr/kernel/libkernel.a(sched.c.obj)
 .text.unready_thread
                0x0000000008006c94       0x54 zephyr/kernel/libkernel.a(sched.c.obj)
 .text.add_thread_timeout
                0x0000000008006ce8       0x1c zephyr/kernel/libkernel.a(sched.c.obj)
 .text.reschedule.constprop.0
                0x0000000008006d04       0x28 zephyr/kernel/libkernel.a(sched.c.obj)
 .text.move_current_to_end_of_prio_q
                0x0000000008006d2c       0x70 zephyr/kernel/libkernel.a(sched.c.obj)
                0x0000000008006d2c                move_current_to_end_of_prio_q
 .text.z_impl_k_thread_suspend
                0x0000000008006d9c       0xf0 zephyr/kernel/libkernel.a(sched.c.obj)
                0x0000000008006d9c                z_impl_k_thread_suspend
 .text.z_pend_curr
                0x0000000008006e8c       0x44 zephyr/kernel/libkernel.a(sched.c.obj)
                0x0000000008006e8c                z_pend_curr
 .text.z_reschedule_irqlock
                0x0000000008006ed0       0x28 zephyr/kernel/libkernel.a(sched.c.obj)
                0x0000000008006ed0                z_reschedule_irqlock
 .text.k_sched_lock
                0x0000000008006ef8       0x28 zephyr/kernel/libkernel.a(sched.c.obj)
                0x0000000008006ef8                k_sched_lock
 .text.k_sched_unlock
                0x0000000008006f20       0x54 zephyr/kernel/libkernel.a(sched.c.obj)
                0x0000000008006f20                k_sched_unlock
 .text.z_sched_init
                0x0000000008006f74       0x10 zephyr/kernel/libkernel.a(sched.c.obj)
                0x0000000008006f74                z_sched_init
 .text.z_impl_k_yield
                0x0000000008006f84       0x88 zephyr/kernel/libkernel.a(sched.c.obj)
                0x0000000008006f84                z_impl_k_yield
 .text.z_tick_sleep
                0x000000000800700c       0x78 zephyr/kernel/libkernel.a(sched.c.obj)
 .text.z_impl_k_sched_current_thread_query
                0x0000000008007084        0xc zephyr/kernel/libkernel.a(sched.c.obj)
                0x0000000008007084                z_impl_k_sched_current_thread_query
 .text.z_thread_abort
                0x0000000008007090      0x144 zephyr/kernel/libkernel.a(sched.c.obj)
                0x0000000008007090                z_thread_abort
 .text.z_time_slice_size
                0x00000000080071d4       0x40 zephyr/kernel/libkernel.a(timeslicing.c.obj)
 .text.slice_timeout
                0x0000000008007214       0x20 zephyr/kernel/libkernel.a(timeslicing.c.obj)
 .text.z_reset_time_slice
                0x0000000008007234       0x48 zephyr/kernel/libkernel.a(timeslicing.c.obj)
                0x0000000008007234                z_reset_time_slice
 .text.z_time_slice
                0x000000000800727c       0x5c zephyr/kernel/libkernel.a(timeslicing.c.obj)
                0x000000000800727c                z_time_slice
 .text.z_thread_monitor_exit
                0x00000000080072d8       0x3c zephyr/kernel/libkernel.a(thread_monitor.c.obj)
                0x00000000080072d8                z_thread_monitor_exit
 .text.k_thread_foreach
                0x0000000008007314       0x34 zephyr/kernel/libkernel.a(thread_monitor.c.obj)
                0x0000000008007314                k_thread_foreach
 .text.k_thread_foreach_unlocked
                0x0000000008007348       0x48 zephyr/kernel/libkernel.a(thread_monitor.c.obj)
                0x0000000008007348                k_thread_foreach_unlocked
 .text.first    0x0000000008007390       0x10 zephyr/kernel/libkernel.a(timeout.c.obj)
 .text.elapsed  0x00000000080073a0       0x14 zephyr/kernel/libkernel.a(timeout.c.obj)
 .text.remove_timeout
                0x00000000080073b4       0x38 zephyr/kernel/libkernel.a(timeout.c.obj)
 .text.z_add_timeout
                0x00000000080073ec      0x120 zephyr/kernel/libkernel.a(timeout.c.obj)
                0x00000000080073ec                z_add_timeout
 .text.sys_clock_announce
                0x000000000800750c       0xc0 zephyr/kernel/libkernel.a(timeout.c.obj)
                0x000000000800750c                sys_clock_announce
 .text.sys_clock_tick_get
                0x00000000080075cc       0x30 zephyr/kernel/libkernel.a(timeout.c.obj)
                0x00000000080075cc                sys_clock_tick_get
 .text.z_timer_expiration_handler
                0x00000000080075fc      0x104 zephyr/kernel/libkernel.a(timer.c.obj)
                0x00000000080075fc                z_timer_expiration_handler
 .text.z_impl_k_timer_start
                0x0000000008007700       0x70 zephyr/kernel/libkernel.a(timer.c.obj)
                0x0000000008007700                z_impl_k_timer_start
 .text.k_event_post_internal
                0x0000000008007770       0x4c zephyr/kernel/libkernel.a(events.c.obj)
 .text.boot_banner
                0x00000000080077bc        0xc zephyr/kernel/libkernel.a(banner.c.obj)
                0x00000000080077bc                boot_banner
 .text.gmtime_r
                0x00000000080077c8      0x15c /home/ayman/zephyr-sdk-0.17.4/arm-zephyr-eabi/bin/../lib/gcc/../../picolibc/arm-zephyr-eabi/lib/thumb/v7e-m/nofp/libc.a(libc_time_gmtime_r.c.o)
                0x00000000080077c8                gmtime_r
 .text.snprintf
                0x0000000008007924       0x54 /home/ayman/zephyr-sdk-0.17.4/arm-zephyr-eabi/bin/../lib/gcc/../../picolibc/arm-zephyr-eabi/lib/thumb/v7e-m/nofp/libc.a(libc_tinystdio_snprintf.c.o)
                0x0000000008007924                snprintf
 .text.strtol   0x0000000008007978       0xec /home/ayman/zephyr-sdk-0.17.4/arm-zephyr-eabi/bin/../lib/gcc/../../picolibc/arm-zephyr-eabi/lib/thumb/v7e-m/nofp/libc.a(libc_tinystdio_strtol.c.o)
                0x0000000008007978                strtol
 .text.strtoul  0x0000000008007a64       0xcc /home/ayman/zephyr-sdk-0.17.4/arm-zephyr-eabi/bin/../lib/gcc/../../picolibc/arm-zephyr-eabi/lib/thumb/v7e-m/nofp/libc.a(libc_tinystdio_strtoul.c.o)
                0x0000000008007a64                strtoul
 .text.strtoull
                0x0000000008007b30      0x10c /home/ayman/zephyr-sdk-0.17.4/arm-zephyr-eabi/bin/../lib/gcc/../../picolibc/arm-zephyr-eabi/lib/thumb/v7e-m/nofp/libc.a(libc_tinystdio_strtoull.c.o)
                0x0000000008007b30                strtoull
 .text.__l_vfprintf
                0x0000000008007c3c      0x4b8 /home/ayman/zephyr-sdk-0.17.4/arm-zephyr-eabi/bin/../lib/gcc/../../picolibc/arm-zephyr-eabi/lib/thumb/v7e-m/nofp/libc.a(libc_tinystdio_vflprintf.c.o)
                0x0000000008007c3c                __l_vfprintf
 .text._OffsetAbsSyms
                0x00000000080080f4        0x2 zephyr/CMakeFiles/offsets.dir/./arch/arm/core/offsets/offsets.c.obj
                0x00000000080080f4                _OffsetAbsSyms
 .text.chunk_size
                0x00000000080080f6        0xa zephyr/libzephyr.a(heap.c.obj)
 .text.free_list_add
                0x0000000008008100       0x4e zephyr/libzephyr.a(heap.c.obj)
 .text.free_list_remove_bidx
                0x000000000800814e       0x3a zephyr/libzephyr.a(heap.c.obj)
 .text.free_list_remove
                0x0000000008008188       0x1a zephyr/libzephyr.a(heap.c.obj)
 .text.alloc_chunk
                0x00000000080081a2       0x6c zephyr/libzephyr.a(heap.c.obj)
 .text.merge_chunks
                0x000000000800820e       0x2c zephyr/libzephyr.a(heap.c.obj)
 .text.split_chunks
                0x000000000800823a       0x34 zephyr/libzephyr.a(heap.c.obj)
 .text.sys_heap_alloc
                0x000000000800826e       0x5a zephyr/libzephyr.a(heap.c.obj)
                0x000000000800826e                sys_heap_alloc
 .text.sys_heap_noalign_alloc
                0x00000000080082c8        0x6 zephyr/libzephyr.a(heap.c.obj)
                0x00000000080082c8                sys_heap_noalign_alloc
 .text.sys_heap_init
                0x00000000080082ce       0x7a zephyr/libzephyr.a(heap.c.obj)
                0x00000000080082ce                sys_heap_init
 .text.cbpprintf_external
                0x0000000008008348       0x62 zephyr/libzephyr.a(cbprintf_packaged.c.obj)
                0x0000000008008348                cbpprintf_external
 .text.is_ptr   0x00000000080083aa       0x4a zephyr/libzephyr.a(cbprintf_packaged.c.obj)
                0x00000000080083aa                is_ptr
 .text.timespec_add
                0x00000000080083f4       0x60 zephyr/libzephyr.a(clock.c.obj)
 .text.arch_printk_char_out
                0x0000000008008454        0x4 zephyr/libzephyr.a(printk.c.obj)
                0x0000000008008454                arch_printk_char_out
 .text.printk   0x0000000008008458       0x1a zephyr/libzephyr.a(printk.c.obj)
                0x0000000008008458                printk
 .text.free_space
                0x0000000008008472       0x26 zephyr/libzephyr.a(mpsc_pbuf.c.obj)
 .text.get_usage
                0x0000000008008498       0x22 zephyr/libzephyr.a(mpsc_pbuf.c.obj)
 .text.idx_inc  0x00000000080084ba       0x1c zephyr/libzephyr.a(mpsc_pbuf.c.obj)
 .text.rd_idx_inc
                0x00000000080084d6       0x18 zephyr/libzephyr.a(mpsc_pbuf.c.obj)
 .text.add_skip_item
                0x00000000080084ee       0x3a zephyr/libzephyr.a(mpsc_pbuf.c.obj)
 .text.drop_item_locked
                0x0000000008008528      0x100 zephyr/libzephyr.a(mpsc_pbuf.c.obj)
 .text.post_drop_action
                0x0000000008008628       0x36 zephyr/libzephyr.a(mpsc_pbuf.c.obj)
 .text.max_utilization_update
                0x000000000800865e       0x1a zephyr/libzephyr.a(mpsc_pbuf.c.obj)
 .text.mpsc_pbuf_init
                0x0000000008008678       0x42 zephyr/libzephyr.a(mpsc_pbuf.c.obj)
                0x0000000008008678                mpsc_pbuf_init
 .text.mpsc_pbuf_alloc
                0x00000000080086ba       0xfe zephyr/libzephyr.a(mpsc_pbuf.c.obj)
                0x00000000080086ba                mpsc_pbuf_alloc
 .text.mpsc_pbuf_commit
                0x00000000080087b8       0x3e zephyr/libzephyr.a(mpsc_pbuf.c.obj)
                0x00000000080087b8                mpsc_pbuf_commit
 .text.mpsc_pbuf_claim
                0x00000000080087f6       0xb6 zephyr/libzephyr.a(mpsc_pbuf.c.obj)
                0x00000000080087f6                mpsc_pbuf_claim
 .text.mpsc_pbuf_free
                0x00000000080088ac       0x76 zephyr/libzephyr.a(mpsc_pbuf.c.obj)
                0x00000000080088ac                mpsc_pbuf_free
 .text.mpsc_pbuf_is_pending
                0x0000000008008922       0x32 zephyr/libzephyr.a(mpsc_pbuf.c.obj)
                0x0000000008008922                mpsc_pbuf_is_pending
 .text.ring_buf_area_claim
                0x0000000008008954       0x30 zephyr/libzephyr.a(ring_buffer.c.obj)
                0x0000000008008954                ring_buf_area_claim
 .text.ring_buf_put_claim
                0x0000000008008984       0x1e zephyr/libzephyr.a(ring_buffer.c.obj)
 .text.ring_buf_get_claim
                0x00000000080089a2       0x1e zephyr/libzephyr.a(ring_buffer.c.obj)
 .text.ring_buf_area_finish
                0x00000000080089c0       0x32 zephyr/libzephyr.a(ring_buffer.c.obj)
                0x00000000080089c0                ring_buf_area_finish
 .text.ring_buf_put
                0x00000000080089f2       0x40 zephyr/libzephyr.a(ring_buffer.c.obj)
                0x00000000080089f2                ring_buf_put
 .text.ring_buf_get
                0x0000000008008a32       0x44 zephyr/libzephyr.a(ring_buffer.c.obj)
                0x0000000008008a32                ring_buf_get
 .text._ConfigAbsSyms
                0x0000000008008a76        0x2 zephyr/libzephyr.a(configs.c.obj)
                0x0000000008008a76                _ConfigAbsSyms
 .text.stm32_gpioport_configure_pin
                0x0000000008008a78      0x10a zephyr/libzephyr.a(gpioport_mgr.c.obj)
                0x0000000008008a78                stm32_gpioport_configure_pin
 .text.log_msg_generic_get_wlen
                0x0000000008008b82       0x20 zephyr/libzephyr.a(log_core.c.obj)
 .text.dummy_timestamp
                0x0000000008008ba2        0x4 zephyr/libzephyr.a(log_core.c.obj)
 .text.atomic_inc
                0x0000000008008ba6       0x1a zephyr/libzephyr.a(log_core.c.obj)
 .text.default_lf_get_timestamp
                0x0000000008008bc0       0x10 zephyr/libzephyr.a(log_core.c.obj)
 .text.z_log_vprintk
                0x0000000008008bd0       0x1c zephyr/libzephyr.a(log_core.c.obj)
                0x0000000008008bd0                z_log_vprintk
 .text.z_log_notify_drop
                0x0000000008008bec        0x6 zephyr/libzephyr.a(log_core.c.obj)
 .text.z_log_get_tag
                0x0000000008008bf2        0x4 zephyr/libzephyr.a(log_core.c.obj)
                0x0000000008008bf2                z_log_get_tag
 .text.z_impl_log_filter_set
                0x0000000008008bf6       0x10 zephyr/libzephyr.a(log_mgmt.c.obj)
                0x0000000008008bf6                z_impl_log_filter_set
 .text.log_backend_enable
                0x0000000008008c06       0x22 zephyr/libzephyr.a(log_mgmt.c.obj)
                0x0000000008008c06                log_backend_enable
 .text.log_backend_disable
                0x0000000008008c28       0x18 zephyr/libzephyr.a(log_mgmt.c.obj)
                0x0000000008008c28                log_backend_disable
 .text.z_cbprintf_cpy
                0x0000000008008c40       0x2e zephyr/libzephyr.a(log_msg.c.obj)
 .text.z_log_msg_finalize
                0x0000000008008c6e       0x32 zephyr/libzephyr.a(log_msg.c.obj)
                0x0000000008008c6e                z_log_msg_finalize
 .text.z_log_msg_simple_create
                0x0000000008008ca0       0x6e zephyr/libzephyr.a(log_msg.c.obj)
 .text.z_impl_z_log_msg_simple_create_0
                0x0000000008008d0e       0x12 zephyr/libzephyr.a(log_msg.c.obj)
                0x0000000008008d0e                z_impl_z_log_msg_simple_create_0
 .text.z_impl_z_log_msg_simple_create_1
                0x0000000008008d20       0x14 zephyr/libzephyr.a(log_msg.c.obj)
                0x0000000008008d20                z_impl_z_log_msg_simple_create_1
 .text.log_output_write
                0x0000000008008d34       0x1c zephyr/libzephyr.a(log_output.c.obj)
 .text.log_output_flush
                0x0000000008008d50       0x1a zephyr/libzephyr.a(log_output.c.obj)
 .text.out_func
                0x0000000008008d6a       0x36 zephyr/libzephyr.a(log_output.c.obj)
 .text.cr_out_func
                0x0000000008008da0       0x1c zephyr/libzephyr.a(log_output.c.obj)
 .text.log_output_msg_process
                0x0000000008008dbc       0x6a zephyr/libzephyr.a(log_output.c.obj)
                0x0000000008008dbc                log_output_msg_process
 .text.thread_valid_cb
                0x0000000008008e26        0xc zephyr/libzephyr.a(thread.c.obj)
 .text.cmd_date_get
                0x0000000008008e32       0x24 zephyr/libzephyr.a(date_service.c.obj)
 .text.log_msg_generic_get_wlen
                0x0000000008008e56       0x20 zephyr/libzephyr.a(shell_uart.c.obj)
 .text.uart_irq_tx_disable
                0x0000000008008e76        0xa zephyr/libzephyr.a(shell_uart.c.obj)
 .text.enable   0x0000000008008e80       0x12 zephyr/libzephyr.a(shell_uart.c.obj)
 .text.read_uart
                0x0000000008008e92       0x12 zephyr/libzephyr.a(shell_uart.c.obj)
 .text.uninit   0x0000000008008ea4       0x20 zephyr/libzephyr.a(shell_uart.c.obj)
 .text.write_uart
                0x0000000008008ec4       0x6c zephyr/libzephyr.a(shell_uart.c.obj)
 .text.cmd_buffer_clear
                0x0000000008008f30       0x16 zephyr/libzephyr.a(shell.c.obj)
 .text.atomic_or
                0x0000000008008f46       0x1e zephyr/libzephyr.a(shell.c.obj)
 .text.atomic_and
                0x0000000008008f64       0x1e zephyr/libzephyr.a(shell.c.obj)
 .text.z_shell_raw_fprintf
                0x0000000008008f82       0x1a zephyr/libzephyr.a(shell.c.obj)
 .text.z_shell_strlen
                0x0000000008008f9c        0xc zephyr/libzephyr.a(shell.c.obj)
 .text.z_shell_unlock.isra.0
                0x0000000008008fa8        0x8 zephyr/libzephyr.a(shell.c.obj)
 .text.z_shell_lock.isra.0
                0x0000000008008fb0       0x10 zephyr/libzephyr.a(shell.c.obj)
 .text.z_flag_cmd_ctx_set.isra.0
                0x0000000008008fc0       0x16 zephyr/libzephyr.a(shell.c.obj)
 .text.z_flag_history_exit_set.isra.0
                0x0000000008008fd6       0x16 zephyr/libzephyr.a(shell.c.obj)
 .text.z_flag_insert_mode_set.isra.0
                0x0000000008008fec       0x1e zephyr/libzephyr.a(shell.c.obj)
 .text.shell_log_process
                0x000000000800900a       0x48 zephyr/libzephyr.a(shell.c.obj)
 .text.z_shell_trylock.constprop.0.isra.0
                0x0000000008009052       0x12 zephyr/libzephyr.a(shell.c.obj)
 .text.transport_evt_handler
                0x0000000008009064       0x14 zephyr/libzephyr.a(shell.c.obj)
 .text.shell_process
                0x0000000008009078       0x32 zephyr/libzephyr.a(shell.c.obj)
                0x0000000008009078                shell_process
 .text.shell_signal_handle
                0x00000000080090aa       0x38 zephyr/libzephyr.a(shell.c.obj)
 .text.shell_start
                0x00000000080090e2       0x64 zephyr/libzephyr.a(shell.c.obj)
                0x00000000080090e2                shell_start
 .text.shell_vfprintf
                0x0000000008009146       0x84 zephyr/libzephyr.a(shell.c.obj)
                0x0000000008009146                shell_vfprintf
 .text.shell_fprintf_impl
                0x00000000080091ca       0x1a zephyr/libzephyr.a(shell.c.obj)
                0x00000000080091ca                shell_fprintf_impl
 .text.shell_fprintf_info
                0x00000000080091e4       0x1c zephyr/libzephyr.a(shell.c.obj)
                0x00000000080091e4                shell_fprintf_info
 .text.shell_fprintf_normal
                0x0000000008009200       0x1c zephyr/libzephyr.a(shell.c.obj)
                0x0000000008009200                shell_fprintf_normal
 .text.shell_fprintf_warn
                0x000000000800921c       0x1c zephyr/libzephyr.a(shell.c.obj)
                0x000000000800921c                shell_fprintf_warn
 .text.shell_fprintf_error
                0x0000000008009238       0x1c zephyr/libzephyr.a(shell.c.obj)
                0x0000000008009238                shell_fprintf_error
 .text.shell_prompt_change
                0x0000000008009254       0x4c zephyr/libzephyr.a(shell.c.obj)
                0x0000000008009254                shell_prompt_change
 .text.shell_help
                0x00000000080092a0       0x24 zephyr/libzephyr.a(shell.c.obj)
                0x00000000080092a0                shell_help
 .text.shell_get_return_value
                0x00000000080092c4       0x10 zephyr/libzephyr.a(shell.c.obj)
                0x00000000080092c4                shell_get_return_value
 .text.shell_set_bypass
                0x00000000080092d4       0x16 zephyr/libzephyr.a(shell.c.obj)
                0x00000000080092d4                shell_set_bypass
 .text.z_shell_fprintf_buffer_flush
                0x00000000080092ea       0x18 zephyr/libzephyr.a(shell_fprintf.c.obj)
                0x00000000080092ea                z_shell_fprintf_buffer_flush
 .text.out_func
                0x0000000008009302       0x3c zephyr/libzephyr.a(shell_fprintf.c.obj)
 .text.z_shell_strlen
                0x000000000800933e        0xc zephyr/libzephyr.a(shell_utils.c.obj)
 .text.shell_device_internal
                0x000000000800934a       0xa4 zephyr/libzephyr.a(shell_utils.c.obj)
 .text.z_column_span_with_buffer_offsets_get
                0x00000000080093ee       0x1e zephyr/libzephyr.a(shell_utils.c.obj)
                0x00000000080093ee                z_column_span_with_buffer_offsets_get
 .text.z_row_span_with_buffer_offsets_get
                0x000000000800940c       0x16 zephyr/libzephyr.a(shell_utils.c.obj)
                0x000000000800940c                z_row_span_with_buffer_offsets_get
 .text.z_shell_multiline_data_calc
                0x0000000008009422       0x2c zephyr/libzephyr.a(shell_utils.c.obj)
                0x0000000008009422                z_shell_multiline_data_calc
 .text.z_shell_make_argv
                0x000000000800944e      0x1a0 zephyr/libzephyr.a(shell_utils.c.obj)
                0x000000000800944e                z_shell_make_argv
 .text.z_shell_pattern_remove
                0x00000000080095ee       0x4e zephyr/libzephyr.a(shell_utils.c.obj)
                0x00000000080095ee                z_shell_pattern_remove
 .text.z_shell_find_cmd
                0x000000000800963c       0x56 zephyr/libzephyr.a(shell_utils.c.obj)
                0x000000000800963c                z_shell_find_cmd
 .text.z_shell_get_last_command
                0x0000000008009692       0x5c zephyr/libzephyr.a(shell_utils.c.obj)
                0x0000000008009692                z_shell_get_last_command
 .text.z_shell_spaces_trim
                0x00000000080096ee       0x62 zephyr/libzephyr.a(shell_utils.c.obj)
                0x00000000080096ee                z_shell_spaces_trim
 .text.z_shell_cmd_trim
                0x0000000008009750       0x76 zephyr/libzephyr.a(shell_utils.c.obj)
                0x0000000008009750                z_shell_cmd_trim
 .text.shell_device_lookup_all
                0x00000000080097c6        0x8 zephyr/libzephyr.a(shell_utils.c.obj)
                0x00000000080097c6                shell_device_lookup_all
 .text.shell_device_lookup_non_ready
                0x00000000080097ce        0x8 zephyr/libzephyr.a(shell_utils.c.obj)
                0x00000000080097ce                shell_device_lookup_non_ready
 .text.shell_device_get_binding_all
                0x00000000080097d6       0x86 zephyr/libzephyr.a(shell_utils.c.obj)
                0x00000000080097d6                shell_device_get_binding_all
 .text.z_shell_raw_fprintf
                0x000000000800985c       0x1a zephyr/libzephyr.a(shell_ops.c.obj)
 .text.full_line_cmd.isra.0
                0x0000000008009876       0x24 zephyr/libzephyr.a(shell_ops.c.obj)
 .text.z_shell_cursor_in_empty_line
                0x000000000800989a       0x2e zephyr/libzephyr.a(shell_ops.c.obj)
                0x000000000800989a                z_shell_cursor_in_empty_line
 .text.z_shell_op_cond_next_line
                0x00000000080098c8       0x1e zephyr/libzephyr.a(shell_ops.c.obj)
                0x00000000080098c8                z_shell_op_cond_next_line
 .text.z_shell_op_cursor_position_synchronize
                0x00000000080098e6       0x4a zephyr/libzephyr.a(shell_ops.c.obj)
                0x00000000080098e6                z_shell_op_cursor_position_synchronize
 .text.z_shell_op_cursor_move
                0x0000000008009930       0x52 zephyr/libzephyr.a(shell_ops.c.obj)
                0x0000000008009930                z_shell_op_cursor_move
 .text.z_shell_op_cursor_word_move
                0x0000000008009982       0x7c zephyr/libzephyr.a(shell_ops.c.obj)
                0x0000000008009982                z_shell_op_cursor_word_move
 .text.z_shell_op_cursor_home_move
                0x00000000080099fe        0xe zephyr/libzephyr.a(shell_ops.c.obj)
                0x00000000080099fe                z_shell_op_cursor_home_move
 .text.z_shell_op_cursor_end_move
                0x0000000008009a0c       0x12 zephyr/libzephyr.a(shell_ops.c.obj)
                0x0000000008009a0c                z_shell_op_cursor_end_move
 .text.z_shell_op_left_arrow
                0x0000000008009a1e       0x12 zephyr/libzephyr.a(shell_ops.c.obj)
                0x0000000008009a1e                z_shell_op_left_arrow
 .text.z_shell_op_right_arrow
                0x0000000008009a30       0x16 zephyr/libzephyr.a(shell_ops.c.obj)
                0x0000000008009a30                z_shell_op_right_arrow
 .text.z_shell_op_delete_from_cursor
                0x0000000008009a46       0x1c zephyr/libzephyr.a(shell_ops.c.obj)
                0x0000000008009a46                z_shell_op_delete_from_cursor
 .text.z_shell_cmd_line_erase
                0x0000000008009a62       0x38 zephyr/libzephyr.a(shell_ops.c.obj)
                0x0000000008009a62                z_shell_cmd_line_erase
 .text.z_shell_write
                0x0000000008009a9a       0x82 zephyr/libzephyr.a(shell_ops.c.obj)
                0x0000000008009a9a                z_shell_write
 .text.z_shell_print_stream
                0x0000000008009b1c        0x4 zephyr/libzephyr.a(shell_ops.c.obj)
                0x0000000008009b1c                z_shell_print_stream
 .text.z_shell_vfprintf
                0x0000000008009b20       0x4a zephyr/libzephyr.a(shell_ops.c.obj)
                0x0000000008009b20                z_shell_vfprintf
 .text.z_shell_fprintf
                0x0000000008009b6a       0x1a zephyr/libzephyr.a(shell_ops.c.obj)
                0x0000000008009b6a                z_shell_fprintf
 .text.data_insert
                0x0000000008009b84       0x74 zephyr/libzephyr.a(shell_ops.c.obj)
 .text.z_shell_op_completion_insert
                0x0000000008009bf8        0x4 zephyr/libzephyr.a(shell_ops.c.obj)
                0x0000000008009bf8                z_shell_op_completion_insert
 .text.z_shell_op_char_delete
                0x0000000008009bfc       0x3e zephyr/libzephyr.a(shell_ops.c.obj)
                0x0000000008009bfc                z_shell_op_char_delete
 .text.z_shell_op_char_backspace
                0x0000000008009c3a       0x26 zephyr/libzephyr.a(shell_ops.c.obj)
                0x0000000008009c3a                z_shell_op_char_backspace
 .text.z_shell_backend_rx_buffer_flush
                0x0000000008009c60       0x2a zephyr/libzephyr.a(shell_ops.c.obj)
                0x0000000008009c60                z_shell_backend_rx_buffer_flush
 .text.process_msg_from_buffer
                0x0000000008009c8a       0x34 zephyr/libzephyr.a(shell_log_backend.c.obj)
 .text.dropped  0x0000000008009cbe       0x38 zephyr/libzephyr.a(shell_log_backend.c.obj)
 .text.process  0x0000000008009cf6      0x124 zephyr/libzephyr.a(shell_log_backend.c.obj)
 .text.z_shell_log_backend_output_func
                0x0000000008009e1a       0x14 zephyr/libzephyr.a(shell_log_backend.c.obj)
                0x0000000008009e1a                z_shell_log_backend_output_func
 .text.z_shell_log_backend_enable
                0x0000000008009e2e       0x2e zephyr/libzephyr.a(shell_log_backend.c.obj)
                0x0000000008009e2e                z_shell_log_backend_enable
 .text.z_shell_log_backend_disable
                0x0000000008009e5c       0x12 zephyr/libzephyr.a(shell_log_backend.c.obj)
                0x0000000008009e5c                z_shell_log_backend_disable
 .text.panic    0x0000000008009e6e       0x74 zephyr/libzephyr.a(shell_log_backend.c.obj)
 .text.z_shell_log_backend_process
                0x0000000008009ee2       0x66 zephyr/libzephyr.a(shell_log_backend.c.obj)
                0x0000000008009ee2                z_shell_log_backend_process
 .text.shell_help_is_structured
                0x0000000008009f48       0x24 zephyr/libzephyr.a(shell_help.c.obj)
 .text.z_shell_raw_fprintf
                0x0000000008009f6c       0x1a zephyr/libzephyr.a(shell_help.c.obj)
 .text.formatted_text_print.constprop.0
                0x0000000008009f86       0xd4 zephyr/libzephyr.a(shell_help.c.obj)
 .text.cmd_comment
                0x000000000800a05a        0x4 zephyr/libzephyr.a(shell_cmds.c.obj)
 .text.cmd_shell_stats_reset
                0x000000000800a05e        0x8 zephyr/libzephyr.a(shell_cmds.c.obj)
 .text.z_shell_raw_fprintf
                0x000000000800a066       0x1a zephyr/libzephyr.a(shell_cmds.c.obj)
 .text.cmd_prompt_on
                0x000000000800a080        0xc zephyr/libzephyr.a(shell_cmds.c.obj)
 .text.cmd_vt100_off
                0x000000000800a08c       0x22 zephyr/libzephyr.a(shell_cmds.c.obj)
 .text.cmd_backspace_mode_delete
                0x000000000800a0ae       0x22 zephyr/libzephyr.a(shell_cmds.c.obj)
 .text.cmd_colors_off
                0x000000000800a0d0       0x22 zephyr/libzephyr.a(shell_cmds.c.obj)
 .text.cmd_backspace_mode_backspace
                0x000000000800a0f2       0x22 zephyr/libzephyr.a(shell_cmds.c.obj)
 .text.cmd_echo_off
                0x000000000800a114       0x22 zephyr/libzephyr.a(shell_cmds.c.obj)
 .text.cmd_colors_on
                0x000000000800a136       0x22 zephyr/libzephyr.a(shell_cmds.c.obj)
 .text.cmd_vt100_on
                0x000000000800a158       0x22 zephyr/libzephyr.a(shell_cmds.c.obj)
 .text.cmd_echo_on
                0x000000000800a17a       0x22 zephyr/libzephyr.a(shell_cmds.c.obj)
 .text.z_shell_history_mode_exit
                0x000000000800a19c        0x6 zephyr/libzephyr.a(shell_history.c.obj)
                0x000000000800a19c                z_shell_history_mode_exit
 .text.z_shell_history_get
                0x000000000800a1a2       0x56 zephyr/libzephyr.a(shell_history.c.obj)
                0x000000000800a1a2                z_shell_history_get
 .text.z_shell_history_put
                0x000000000800a1f8       0x76 zephyr/libzephyr.a(shell_history.c.obj)
                0x000000000800a1f8                z_shell_history_put
 .text.z_shell_history_purge
                0x000000000800a26e       0x2a zephyr/libzephyr.a(shell_history.c.obj)
                0x000000000800a26e                z_shell_history_purge
 .text.z_shell_has_wildcard
                0x000000000800a298       0x28 zephyr/libzephyr.a(shell_wildcard.c.obj)
                0x000000000800a298                z_shell_has_wildcard
 .text.z_shell_wildcard_prepare
                0x000000000800a2c0       0x42 zephyr/libzephyr.a(shell_wildcard.c.obj)
                0x000000000800a2c0                z_shell_wildcard_prepare
 .text.z_shell_wildcard_finalize
                0x000000000800a302       0x20 zephyr/libzephyr.a(shell_wildcard.c.obj)
                0x000000000800a302                z_shell_wildcard_finalize
 .text.arch_early_memset
                0x000000000800a322        0x4 zephyr/arch/common/libarch__common.a(init.c.obj)
                0x000000000800a322                arch_early_memset
 .text.arch_early_memcpy
                0x000000000800a326        0x4 zephyr/arch/common/libarch__common.a(init.c.obj)
                0x000000000800a326                arch_early_memcpy
 .text.z_do_kernel_oops
                0x000000000800a32a        0x8 zephyr/arch/arch/arm/core/libarch__arm__core.a(fatal.c.obj)
                0x000000000800a32a                z_do_kernel_oops
 .text.z_arm_nmi
                0x000000000800a332        0xe zephyr/arch/arch/arm/core/libarch__arm__core.a(nmi.c.obj)
                0x000000000800a332                z_arm_nmi
 .text.z_log_msg_simple_create_0.constprop.0
                0x000000000800a340        0x8 zephyr/arch/arch/arm/core/cortex_m/libarch__arm__core__cortex_m.a(fault.c.obj)
 .text.z_irq_spurious
                0x000000000800a348        0x8 zephyr/arch/arch/arm/core/cortex_m/libarch__arm__core__cortex_m.a(irq_manage.c.obj)
                0x000000000800a348                z_irq_spurious
 .text.arch_coprocessors_disable
                0x000000000800a350        0x6 zephyr/arch/arch/arm/core/cortex_m/libarch__arm__core__cortex_m.a(thread.c.obj)
                0x000000000800a350                arch_coprocessors_disable
 .text.arch_irq_unlock_outlined
                0x000000000800a356        0xe zephyr/arch/arch/arm/core/cortex_m/libarch__arm__core__cortex_m.a(thread.c.obj)
                0x000000000800a356                arch_irq_unlock_outlined
 .text.arch_cpu_idle
                0x000000000800a364       0x1a zephyr/arch/arch/arm/core/cortex_m/libarch__arm__core__cortex_m.a(cpu_idle.c.obj)
                0x000000000800a364                arch_cpu_idle
 .text.size_to_mpu_rasr_size
                0x000000000800a37e       0x20 zephyr/arch/arch/arm/core/mpu/libarch__arm__core__mpu.a(arm_mpu.c.obj)
 .text.cbputc   0x000000000800a39e        0xc zephyr/lib/libc/picolibc/liblib__libc__picolibc.a(cbprintf.c.obj)
 .text.picolibc_put
                0x000000000800a3aa        0xa zephyr/lib/libc/picolibc/liblib__libc__picolibc.a(stdio.c.obj)
 .text.foldcase
                0x000000000800a3b4       0x10 zephyr/lib/posix/c_lib_ext/liblib__posix__c_lib_ext.a(fnmatch.c.obj)
 .text.fnmatch  0x000000000800a3c4       0x14 zephyr/lib/posix/c_lib_ext/liblib__posix__c_lib_ext.a(fnmatch.c.obj)
                0x000000000800a3c4                fnmatch
 .text.stm32_exti_gpio_intc_init
                0x000000000800a3d8       0x92 zephyr/drivers/interrupt_controller/libdrivers__interrupt_controller.a(intc_gpio_stm32.c.obj)
 .text.stm32_gpio_intc_get_pin_irq_line
                0x000000000800a46a        0xa zephyr/drivers/interrupt_controller/libdrivers__interrupt_controller.a(intc_gpio_stm32.c.obj)
                0x000000000800a46a                stm32_gpio_intc_get_pin_irq_line
 .text.stm32_exti_set_line_src_port
                0x000000000800a474       0x36 zephyr/drivers/interrupt_controller/libdrivers__interrupt_controller.a(intc_gpio_stm32.c.obj)
                0x000000000800a474                stm32_exti_set_line_src_port
 .text.stm32_clock_control_on
                0x000000000800a4aa       0x44 zephyr/drivers/clock_control/libdrivers__clock_control.a(clock_stm32_ll_common.c.obj)
 .text.stm32_clock_control_off
                0x000000000800a4ee       0x2c zephyr/drivers/clock_control/libdrivers__clock_control.a(clock_stm32_ll_common.c.obj)
 .text.stm32_clock_control_configure
                0x000000000800a51a       0x44 zephyr/drivers/clock_control/libdrivers__clock_control.a(clock_stm32_ll_common.c.obj)
 .text.stm32_clock_control_get_status
                0x000000000800a55e       0x38 zephyr/drivers/clock_control/libdrivers__clock_control.a(clock_stm32_ll_common.c.obj)
 .text.config_regulator_voltage
                0x000000000800a596        0x2 zephyr/drivers/clock_control/libdrivers__clock_control.a(clock_stm32_ll_common.c.obj)
                0x000000000800a596                config_regulator_voltage
 .text.gpio_stm32_port_get_raw
                0x000000000800a598        0xc zephyr/drivers/gpio/libdrivers__gpio.a(gpio_stm32.c.obj)
 .text.gpio_stm32_port_set_masked_raw
                0x000000000800a5a4       0x12 zephyr/drivers/gpio/libdrivers__gpio.a(gpio_stm32.c.obj)
 .text.gpio_stm32_port_set_bits_raw
                0x000000000800a5b6        0xa zephyr/drivers/gpio/libdrivers__gpio.a(gpio_stm32.c.obj)
 .text.gpio_stm32_port_clear_bits_raw
                0x000000000800a5c0        0xc zephyr/drivers/gpio/libdrivers__gpio.a(gpio_stm32.c.obj)
 .text.gpio_stm32_port_toggle_bits
                0x000000000800a5cc        0xe zephyr/drivers/gpio/libdrivers__gpio.a(gpio_stm32.c.obj)
 .text.gpio_stm32_manage_callback
                0x000000000800a5da       0x52 zephyr/drivers/gpio/libdrivers__gpio.a(gpio_stm32.c.obj)
 .text.gpio_stm32_config
                0x000000000800a62c       0xf0 zephyr/drivers/gpio/libdrivers__gpio.a(gpio_stm32.c.obj)
 .text.gpio_stm32_isr
                0x000000000800a71c       0x2c zephyr/drivers/gpio/libdrivers__gpio.a(gpio_stm32.c.obj)
 .text.pinctrl_lookup_state
                0x000000000800a748       0x26 zephyr/drivers/pinctrl/libdrivers__pinctrl.a(common.c.obj)
                0x000000000800a748                pinctrl_lookup_state
 .text.pinctrl_configure_pins
                0x000000000800a76e       0x82 zephyr/drivers/pinctrl/libdrivers__pinctrl.a(pinctrl_stm32.c.obj)
                0x000000000800a76e                pinctrl_configure_pins
 .text.reset_stm32_status
                0x000000000800a7f0       0x20 zephyr/drivers/reset/libdrivers__reset.a(reset_stm32.c.obj)
 .text.reset_stm32_line_assert
                0x000000000800a810       0x1c zephyr/drivers/reset/libdrivers__reset.a(reset_stm32.c.obj)
 .text.reset_stm32_line_deassert
                0x000000000800a82c       0x1e zephyr/drivers/reset/libdrivers__reset.a(reset_stm32.c.obj)
 .text.reset_stm32_line_toggle
                0x000000000800a84a       0x16 zephyr/drivers/reset/libdrivers__reset.a(reset_stm32.c.obj)
 .text.LL_USART_ClearFlag_PE
                0x000000000800a860       0x12 zephyr/drivers/serial/libdrivers__serial.a(uart_stm32.c.obj)
 .text.uart_stm32_err_check
                0x000000000800a872       0x5e zephyr/drivers/serial/libdrivers__serial.a(uart_stm32.c.obj)
 .text.uart_stm32_irq_tx_enable
                0x000000000800a8d0       0x1e zephyr/drivers/serial/libdrivers__serial.a(uart_stm32.c.obj)
 .text.uart_stm32_irq_tx_disable
                0x000000000800a8ee       0x1e zephyr/drivers/serial/libdrivers__serial.a(uart_stm32.c.obj)
 .text.uart_stm32_irq_tx_ready
                0x000000000800a90c       0x14 zephyr/drivers/serial/libdrivers__serial.a(uart_stm32.c.obj)
 .text.uart_stm32_irq_tx_complete
                0x000000000800a920        0xc zephyr/drivers/serial/libdrivers__serial.a(uart_stm32.c.obj)
 .text.uart_stm32_irq_rx_enable
                0x000000000800a92c       0x1e zephyr/drivers/serial/libdrivers__serial.a(uart_stm32.c.obj)
 .text.uart_stm32_irq_rx_disable
                0x000000000800a94a       0x1e zephyr/drivers/serial/libdrivers__serial.a(uart_stm32.c.obj)
 .text.uart_stm32_irq_rx_ready
                0x000000000800a968        0xc zephyr/drivers/serial/libdrivers__serial.a(uart_stm32.c.obj)
 .text.uart_stm32_irq_is_pending
                0x000000000800a974       0x24 zephyr/drivers/serial/libdrivers__serial.a(uart_stm32.c.obj)
 .text.uart_stm32_irq_update
                0x000000000800a998        0x4 zephyr/drivers/serial/libdrivers__serial.a(uart_stm32.c.obj)
 .text.uart_stm32_irq_callback_set
                0x000000000800a99c        0x8 zephyr/drivers/serial/libdrivers__serial.a(uart_stm32.c.obj)
 .text.uart_stm32_isr
                0x000000000800a9a4        0xc zephyr/drivers/serial/libdrivers__serial.a(uart_stm32.c.obj)
 .text.uart_stm32_irq_config_func_0
                0x000000000800a9b0       0x16 zephyr/drivers/serial/libdrivers__serial.a(uart_stm32.c.obj)
 .text.uart_stm32_poll_out
                0x000000000800a9c6       0x36 zephyr/drivers/serial/libdrivers__serial.a(uart_stm32.c.obj)
 .text.uart_stm32_poll_in
                0x000000000800a9fc       0x22 zephyr/drivers/serial/libdrivers__serial.a(uart_stm32.c.obj)
 .text.uart_stm32_config_get
                0x000000000800aa1e       0x8e zephyr/drivers/serial/libdrivers__serial.a(uart_stm32.c.obj)
 .text.uart_stm32_fifo_read
                0x000000000800aaac       0x42 zephyr/drivers/serial/libdrivers__serial.a(uart_stm32.c.obj)
 .text.uart_stm32_fifo_fill
                0x000000000800aaee       0x50 zephyr/drivers/serial/libdrivers__serial.a(uart_stm32.c.obj)
 .text.z_impl_k_busy_wait
                0x000000000800ab3e       0x1c zephyr/kernel/libkernel.a(busy_wait.c.obj)
                0x000000000800ab3e                z_impl_k_busy_wait
 .text.do_device_init
                0x000000000800ab5a       0x30 zephyr/kernel/libkernel.a(device.c.obj)
                0x000000000800ab5a                do_device_init
 .text.z_impl_device_init
                0x000000000800ab8a       0x12 zephyr/kernel/libkernel.a(device.c.obj)
                0x000000000800ab8a                z_impl_device_init
 .text.z_impl_device_is_ready
                0x000000000800ab9c       0x16 zephyr/kernel/libkernel.a(device.c.obj)
                0x000000000800ab9c                z_impl_device_is_ready
 .text.arch_system_halt
                0x000000000800abb2       0x10 zephyr/kernel/libkernel.a(fatal.c.obj)
                0x000000000800abb2                arch_system_halt
 .text.z_heap_alloc_helper
                0x000000000800abc2       0x84 zephyr/kernel/libkernel.a(kheap.c.obj)
 .text.k_heap_init
                0x000000000800ac46       0x10 zephyr/kernel/libkernel.a(kheap.c.obj)
                0x000000000800ac46                k_heap_init
 .text.k_heap_free
                0x000000000800ac56       0x38 zephyr/kernel/libkernel.a(kheap.c.obj)
                0x000000000800ac56                k_heap_free
 .text.idle     0x000000000800ac8e       0x16 zephyr/kernel/libkernel.a(idle.c.obj)
                0x000000000800ac8e                idle
 .text.z_impl_k_sem_init
                0x000000000800aca4       0x18 zephyr/kernel/libkernel.a(sem.c.obj)
                0x000000000800aca4                z_impl_k_sem_init
 .text.k_is_in_isr
                0x000000000800acbc        0xc zephyr/kernel/libkernel.a(thread.c.obj)
                0x000000000800acbc                k_is_in_isr
 .text.k_thread_name_get
                0x000000000800acc8        0x4 zephyr/kernel/libkernel.a(thread.c.obj)
                0x000000000800acc8                k_thread_name_get
 .text.z_stack_space_get
                0x000000000800accc       0x18 zephyr/kernel/libkernel.a(thread.c.obj)
                0x000000000800accc                z_stack_space_get
 .text.z_impl_k_thread_stack_space_get
                0x000000000800ace4        0xa zephyr/kernel/libkernel.a(thread.c.obj)
                0x000000000800ace4                z_impl_k_thread_stack_space_get
 .text.sys_dlist_remove
                0x000000000800acee       0x10 zephyr/kernel/libkernel.a(sched.c.obj)
 .text.unpend_thread_no_timeout
                0x000000000800acfe       0x14 zephyr/kernel/libkernel.a(sched.c.obj)
 .text.add_to_waitq_locked
                0x000000000800ad12       0x50 zephyr/kernel/libkernel.a(sched.c.obj)
 .text.z_ready_thread
                0x000000000800ad62       0x1e zephyr/kernel/libkernel.a(sched.c.obj)
                0x000000000800ad62                z_ready_thread
 .text.z_impl_k_thread_resume
                0x000000000800ad80       0x34 zephyr/kernel/libkernel.a(sched.c.obj)
                0x000000000800ad80                z_impl_k_thread_resume
 .text.z_unpend_thread_no_timeout
                0x000000000800adb4       0x22 zephyr/kernel/libkernel.a(sched.c.obj)
                0x000000000800adb4                z_unpend_thread_no_timeout
 .text.z_sched_wake_thread_locked
                0x000000000800add6       0x28 zephyr/kernel/libkernel.a(sched.c.obj)
                0x000000000800add6                z_sched_wake_thread_locked
 .text.z_thread_timeout
                0x000000000800adfe       0x20 zephyr/kernel/libkernel.a(sched.c.obj)
                0x000000000800adfe                z_thread_timeout
 .text.z_unpend1_no_timeout
                0x000000000800ae1e       0x2c zephyr/kernel/libkernel.a(sched.c.obj)
                0x000000000800ae1e                z_unpend1_no_timeout
 .text.z_unpend_thread
                0x000000000800ae4a       0x10 zephyr/kernel/libkernel.a(sched.c.obj)
                0x000000000800ae4a                z_unpend_thread
 .text.z_reschedule
                0x000000000800ae5a        0x6 zephyr/kernel/libkernel.a(sched.c.obj)
                0x000000000800ae5a                z_reschedule
 .text.z_unpend_all
                0x000000000800ae60       0x28 zephyr/kernel/libkernel.a(sched.c.obj)
                0x000000000800ae60                z_unpend_all
 .text.z_impl_k_sleep
                0x000000000800ae88       0x3e zephyr/kernel/libkernel.a(sched.c.obj)
                0x000000000800ae88                z_impl_k_sleep
 .text.z_impl_k_wakeup
                0x000000000800aec6       0x40 zephyr/kernel/libkernel.a(sched.c.obj)
                0x000000000800aec6                z_impl_k_wakeup
 .text.z_sched_waitq_walk
                0x000000000800af06       0x62 zephyr/kernel/libkernel.a(sched.c.obj)
                0x000000000800af06                z_sched_waitq_walk
 .text.next_timeout
                0x000000000800af68       0x2e zephyr/kernel/libkernel.a(timeout.c.obj)
 .text.z_abort_timeout
                0x000000000800af96       0x50 zephyr/kernel/libkernel.a(timeout.c.obj)
                0x000000000800af96                z_abort_timeout
 .text.sys_clock_tick_get_32
                0x000000000800afe6        0x8 zephyr/kernel/libkernel.a(timeout.c.obj)
                0x000000000800afe6                sys_clock_tick_get_32
 .text.z_impl_k_uptime_ticks
                0x000000000800afee        0x4 zephyr/kernel/libkernel.a(timeout.c.obj)
                0x000000000800afee                z_impl_k_uptime_ticks
 .text.sys_timepoint_calc
                0x000000000800aff2       0x4a zephyr/kernel/libkernel.a(timeout.c.obj)
                0x000000000800aff2                sys_timepoint_calc
 .text.sys_timepoint_timeout
                0x000000000800b03c       0x42 zephyr/kernel/libkernel.a(timeout.c.obj)
                0x000000000800b03c                sys_timepoint_timeout
 .text.k_timer_init
                0x000000000800b07e       0x18 zephyr/kernel/libkernel.a(timer.c.obj)
                0x000000000800b07e                k_timer_init
 .text.z_impl_k_timer_stop
                0x000000000800b096       0x38 zephyr/kernel/libkernel.a(timer.c.obj)
                0x000000000800b096                z_impl_k_timer_stop
 .text.k_event_wait_internal
                0x000000000800b0ce       0x86 zephyr/kernel/libkernel.a(events.c.obj)
 .text.event_walk_op
                0x000000000800b154       0x3e zephyr/kernel/libkernel.a(events.c.obj)
 .text.z_impl_k_event_init
                0x000000000800b192        0xa zephyr/kernel/libkernel.a(events.c.obj)
                0x000000000800b192                z_impl_k_event_init
 .text.z_impl_k_event_post
                0x000000000800b19c        0x6 zephyr/kernel/libkernel.a(events.c.obj)
                0x000000000800b19c                z_impl_k_event_post
 .text.z_impl_k_event_clear
                0x000000000800b1a2        0x8 zephyr/kernel/libkernel.a(events.c.obj)
                0x000000000800b1a2                z_impl_k_event_clear
 .text.z_impl_k_event_wait
                0x000000000800b1aa        0x6 zephyr/kernel/libkernel.a(events.c.obj)
                0x000000000800b1aa                z_impl_k_event_wait
 .text.memcpy   0x000000000800b1b0       0x1c /home/ayman/zephyr-sdk-0.17.4/arm-zephyr-eabi/bin/../lib/gcc/../../picolibc/arm-zephyr-eabi/lib/thumb/v7e-m/nofp/libc.a(memcpy.c.o)
                0x000000000800b1b0                memcpy
                0x000000000800b1b0                __aeabi_memcpy
                0x000000000800b1b0                __aeabi_memcpy4
                0x000000000800b1b0                __aeabi_memcpy8
 .text.memmove  0x000000000800b1cc       0x34 /home/ayman/zephyr-sdk-0.17.4/arm-zephyr-eabi/bin/../lib/gcc/../../picolibc/arm-zephyr-eabi/lib/thumb/v7e-m/nofp/libc.a(memmove.c.o)
                0x000000000800b1cc                memmove
                0x000000000800b1cc                __aeabi_memmove8
                0x000000000800b1cc                __aeabi_memmove
                0x000000000800b1cc                __aeabi_memmove4
 .text.memset   0x000000000800b200       0x10 /home/ayman/zephyr-sdk-0.17.4/arm-zephyr-eabi/bin/../lib/gcc/../../picolibc/arm-zephyr-eabi/lib/thumb/v7e-m/nofp/libc.a(memset.c.o)
                0x000000000800b200                memset
 .text.memcmp   0x000000000800b210       0x20 /home/ayman/zephyr-sdk-0.17.4/arm-zephyr-eabi/bin/../lib/gcc/../../picolibc/arm-zephyr-eabi/lib/thumb/v7e-m/nofp/libc.a(libc_string_memcmp.c.o)
                0x000000000800b210                memcmp
 .text.strchr   0x000000000800b230       0x1a /home/ayman/zephyr-sdk-0.17.4/arm-zephyr-eabi/bin/../lib/gcc/../../picolibc/arm-zephyr-eabi/lib/thumb/v7e-m/nofp/libc.a(libc_string_strchr.c.o)
                0x000000000800b230                strchr
 .text.strncmp  0x000000000800b24a       0x24 /home/ayman/zephyr-sdk-0.17.4/arm-zephyr-eabi/bin/../lib/gcc/../../picolibc/arm-zephyr-eabi/lib/thumb/v7e-m/nofp/libc.a(libc_string_strncmp.c.o)
                0x000000000800b24a                strncmp
 .text.strncpy  0x000000000800b26e       0x20 /home/ayman/zephyr-sdk-0.17.4/arm-zephyr-eabi/bin/../lib/gcc/../../picolibc/arm-zephyr-eabi/lib/thumb/v7e-m/nofp/libc.a(libc_string_strncpy.c.o)
                0x000000000800b26e                strncpy
 .text.strnlen  0x000000000800b28e       0x18 /home/ayman/zephyr-sdk-0.17.4/arm-zephyr-eabi/bin/../lib/gcc/../../picolibc/arm-zephyr-eabi/lib/thumb/v7e-m/nofp/libc.a(libc_string_strnlen.c.o)
                0x000000000800b28e                strnlen
 .text.strstr   0x000000000800b2a6       0x2c /home/ayman/zephyr-sdk-0.17.4/arm-zephyr-eabi/bin/../lib/gcc/../../picolibc/arm-zephyr-eabi/lib/thumb/v7e-m/nofp/libc.a(libc_string_strstr.c.o)
                0x000000000800b2a6                strstr
 .text.__ultoa_invert
                0x000000000800b2d2       0xae /home/ayman/zephyr-sdk-0.17.4/arm-zephyr-eabi/bin/../lib/gcc/../../picolibc/arm-zephyr-eabi/lib/thumb/v7e-m/nofp/libc.a(libc_tinystdio_vflprintf.c.o)
 .text.__file_str_put
                0x000000000800b380       0x10 /home/ayman/zephyr-sdk-0.17.4/arm-zephyr-eabi/bin/../lib/gcc/../../picolibc/arm-zephyr-eabi/lib/thumb/v7e-m/nofp/libc.a(libc_tinystdio_filestrput.c.o)
                0x000000000800b380                __file_str_put
 *(SORT_BY_ALIGNMENT(.gnu.linkonce.t.*))
 *(SORT_BY_ALIGNMENT(.glue_7t))
 .glue_7t       0x000000000800b390        0x0 linker stubs
 *(SORT_BY_ALIGNMENT(.glue_7))
 .glue_7        0x000000000800b390        0x0 linker stubs
 *(SORT_BY_ALIGNMENT(.vfp11_veneer))
 .vfp11_veneer  0x000000000800b390        0x0 linker stubs
 *(SORT_BY_ALIGNMENT(.v4_bx))
 .v4_bx         0x000000000800b390        0x0 linker stubs
                0x000000000800b390                . = ALIGN (0x4)
                0x000000000800b390                __text_region_end = .

.ARM.exidx      0x000000000800b390        0x8
                0x000000000800b390                __exidx_start = .
 *(SORT_BY_ALIGNMENT(.ARM.exidx*) SORT_BY_ALIGNMENT(gnu.linkonce.armexidx.*))
 .ARM.exidx     0x000000000800b390        0x8 /home/ayman/zephyr-sdk-0.17.4/arm-zephyr-eabi/bin/../lib/gcc/arm-zephyr-eabi/12.2.0/thumb/v7e-m/nofp/libgcc.a(_udivmoddi4.o)
                0x000000000800b398                __exidx_end = .
                0x000000000800b398                __rodata_region_start = .

initlevel       0x000000000800b398       0xa0
                0x000000000800b398                __init_start = .
                0x000000000800b398                __init_EARLY_start = .
 *(SORT_BY_NAME(SORT_BY_ALIGNMENT(.z_init_EARLY_P_?_*)))
 *(SORT_BY_NAME(SORT_BY_ALIGNMENT(.z_init_EARLY_P_??_*)))
 *(SORT_BY_NAME(SORT_BY_ALIGNMENT(.z_init_EARLY_P_???_*)))
                0x000000000800b398                __init_PRE_KERNEL_1_start = .
 *(SORT_BY_NAME(SORT_BY_ALIGNMENT(.z_init_PRE_KERNEL_1_P_?_*)))
 .z_init_PRE_KERNEL_1_P_1_SUB_00008_
                0x000000000800b398        0x8 zephyr/drivers/clock_control/libdrivers__clock_control.a(clock_stm32_ll_common.c.obj)
 .z_init_PRE_KERNEL_1_P_1_SUB_0_
                0x000000000800b3a0        0x8 zephyr/libzephyr.a(soc_config.c.obj)
 *(SORT_BY_NAME(SORT_BY_ALIGNMENT(.z_init_PRE_KERNEL_1_P_??_*)))
 .z_init_PRE_KERNEL_1_P_30_SUB_0_
                0x000000000800b3a8        0x8 zephyr/kernel/libkernel.a(kheap.c.obj)
 .z_init_PRE_KERNEL_1_P_35_SUB_00054_
                0x000000000800b3b0        0x8 zephyr/drivers/reset/libdrivers__reset.a(reset_stm32.c.obj)
 .z_init_PRE_KERNEL_1_P_40_SUB_00038_
                0x000000000800b3b8        0x8 zephyr/libzephyr.a(gpioport_mgr.c.obj)
 .z_init_PRE_KERNEL_1_P_40_SUB_00041_
                0x000000000800b3c0        0x8 zephyr/libzephyr.a(gpioport_mgr.c.obj)
 .z_init_PRE_KERNEL_1_P_40_SUB_00053_
                0x000000000800b3c8        0x8 zephyr/drivers/interrupt_controller/libdrivers__interrupt_controller.a(intc_exti_stm32.c.obj)
 .z_init_PRE_KERNEL_1_P_40_SUB_00083_
                0x000000000800b3d0        0x8 zephyr/libzephyr.a(gpioport_mgr.c.obj)
 .z_init_PRE_KERNEL_1_P_40_SUB_00084_
                0x000000000800b3d8        0x8 zephyr/libzephyr.a(gpioport_mgr.c.obj)
 .z_init_PRE_KERNEL_1_P_40_SUB_00085_
                0x000000000800b3e0        0x8 zephyr/libzephyr.a(gpioport_mgr.c.obj)
 .z_init_PRE_KERNEL_1_P_40_SUB_00086_
                0x000000000800b3e8        0x8 zephyr/libzephyr.a(gpioport_mgr.c.obj)
 .z_init_PRE_KERNEL_1_P_40_SUB_00087_
                0x000000000800b3f0        0x8 zephyr/libzephyr.a(gpioport_mgr.c.obj)
 .z_init_PRE_KERNEL_1_P_40_SUB_00088_
                0x000000000800b3f8        0x8 zephyr/libzephyr.a(gpioport_mgr.c.obj)
 .z_init_PRE_KERNEL_1_P_40_SUB_0_
                0x000000000800b400        0x8 zephyr/drivers/interrupt_controller/libdrivers__interrupt_controller.a(intc_gpio_stm32.c.obj)
 .z_init_PRE_KERNEL_1_P_50_SUB_00059_
                0x000000000800b408        0x8 zephyr/drivers/serial/libdrivers__serial.a(uart_stm32.c.obj)
 .z_init_PRE_KERNEL_1_P_60_SUB_0_